Copyright 1986-2022 Xilinx, Inc. All Rights Reserved. Copyright 2022-2024 Advanced Micro Devices, Inc. All Rights Reserved.
------------------------------------------------------------------------------------------------------------------------------------------------
| Tool Version : Vivado v.2024.1 (lin64) Build 5076996 Wed May 22 18:36:09 MDT 2024
| Date         : Mon Sep  7 12:16:36 2026
| Host         : ved-vyas-ASUS-Vivobook-S-14-M5406WA-M5406WA running 64-bit Ubuntu 24.04.4 LTS
| Command      : report_timing_summary -file /home/ved-vyas/Documents/ece427/free-rtos-regression/fpga/pynq/bit/baremetal_linux-BRAM/timing.rpt
| Design       : amoeba_wrapper
| Device       : 7z020-clg400
| Speed File   : -1  PRODUCTION 1.12 2019-11-22
| Design State : Routed
------------------------------------------------------------------------------------------------------------------------------------------------

Timing Summary Report

------------------------------------------------------------------------------------------------
| Timer Settings
| --------------
------------------------------------------------------------------------------------------------

  Enable Multi Corner Analysis               :  Yes
  Enable Pessimism Removal                   :  Yes
  Pessimism Removal Resolution               :  Nearest Common Node
  Enable Input Delay Default Clock           :  No
  Enable Preset / Clear Arcs                 :  No
  Disable Flight Delays                      :  No
  Ignore I/O Paths                           :  No
  Timing Early Launch at Borrowing Latches   :  No
  Borrow Time for Max Delay Exceptions       :  Yes
  Merge Timing Exceptions                    :  Yes
  Inter-SLR Compensation                     :  Conservative

  Corner  Analyze    Analyze    
  Name    Max Paths  Min Paths  
  ------  ---------  ---------  
  Slow    Yes        Yes        
  Fast    Yes        Yes        


------------------------------------------------------------------------------------------------
| Report Methodology
| ------------------
------------------------------------------------------------------------------------------------

No report available as report_methodology has not been run prior. Run report_methodology on the current design for the summary of methodology violations.



check_timing report

Table of Contents
-----------------
1. checking no_clock (0)
2. checking constant_clock (0)
3. checking pulse_width_clock (0)
4. checking unconstrained_internal_endpoints (0)
5. checking no_input_delay (0)
6. checking no_output_delay (0)
7. checking multiple_clock (0)
8. checking generated_clocks (0)
9. checking loops (0)
10. checking partial_input_delay (0)
11. checking partial_output_delay (0)
12. checking latch_loops (0)

1. checking no_clock (0)
------------------------
 There are 0 register/latch pins with no clock.


2. checking constant_clock (0)
------------------------------
 There are 0 register/latch pins with constant_clock.


3. checking pulse_width_clock (0)
---------------------------------
 There are 0 register/latch pins which need pulse_width check


4. checking unconstrained_internal_endpoints (0)
------------------------------------------------
 There are 0 pins that are not constrained for maximum delay.

 There are 0 pins that are not constrained for maximum delay due to constant clock.


5. checking no_input_delay (0)
------------------------------
 There are 0 input ports with no input delay specified.

 There are 0 input ports with no input delay but user has a false path constraint.


6. checking no_output_delay (0)
-------------------------------
 There are 0 ports with no output delay specified.

 There are 0 ports with no output delay but user has a false path constraint

 There are 0 ports with no output delay but with a timing clock defined on it or propagating through it


7. checking multiple_clock (0)
------------------------------
 There are 0 register/latch pins with multiple clocks.


8. checking generated_clocks (0)
--------------------------------
 There are 0 generated clocks that are not connected to a clock source.


9. checking loops (0)
---------------------
 There are 0 combinational loops in the design.


10. checking partial_input_delay (0)
------------------------------------
 There are 0 input ports with partial input delay specified.


11. checking partial_output_delay (0)
-------------------------------------
 There are 0 ports with partial output delay specified.


12. checking latch_loops (0)
----------------------------
 There are 0 combinational latch loops in the design through latch input



------------------------------------------------------------------------------------------------
| Design Timing Summary
| ---------------------
------------------------------------------------------------------------------------------------

    WNS(ns)      TNS(ns)  TNS Failing Endpoints  TNS Total Endpoints      WHS(ns)      THS(ns)  THS Failing Endpoints  THS Total Endpoints     WPWS(ns)     TPWS(ns)  TPWS Failing Endpoints  TPWS Total Endpoints  
    -------      -------  ---------------------  -------------------      -------      -------  ---------------------  -------------------     --------     --------  ----------------------  --------------------  
      0.098        0.000                      0                36615        0.030        0.000                      0                36615       18.750        0.000                       0                 11418  


All user specified timing constraints are met.


------------------------------------------------------------------------------------------------
| Clock Summary
| -------------
------------------------------------------------------------------------------------------------

Clock       Waveform(ns)       Period(ns)      Frequency(MHz)
-----       ------------       ----------      --------------
clk_fpga_0  {0.000 20.000}     40.000          25.000          


------------------------------------------------------------------------------------------------
| Intra Clock Table
| -----------------
------------------------------------------------------------------------------------------------

Clock             WNS(ns)      TNS(ns)  TNS Failing Endpoints  TNS Total Endpoints      WHS(ns)      THS(ns)  THS Failing Endpoints  THS Total Endpoints     WPWS(ns)     TPWS(ns)  TPWS Failing Endpoints  TPWS Total Endpoints  
-----             -------      -------  ---------------------  -------------------      -------      -------  ---------------------  -------------------     --------     --------  ----------------------  --------------------  
clk_fpga_0          0.098        0.000                      0                36440        0.030        0.000                      0                36440       18.750        0.000                       0                 11418  


------------------------------------------------------------------------------------------------
| Inter Clock Table
| -----------------
------------------------------------------------------------------------------------------------

From Clock    To Clock          WNS(ns)      TNS(ns)  TNS Failing Endpoints  TNS Total Endpoints      WHS(ns)      THS(ns)  THS Failing Endpoints  THS Total Endpoints  
----------    --------          -------      -------  ---------------------  -------------------      -------      -------  ---------------------  -------------------  


------------------------------------------------------------------------------------------------
| Other Path Groups Table
| -----------------------
------------------------------------------------------------------------------------------------

Path Group         From Clock         To Clock               WNS(ns)      TNS(ns)  TNS Failing Endpoints  TNS Total Endpoints      WHS(ns)      THS(ns)  THS Failing Endpoints  THS Total Endpoints  
----------         ----------         --------               -------      -------  ---------------------  -------------------      -------      -------  ---------------------  -------------------  
**async_default**  clk_fpga_0         clk_fpga_0              31.087        0.000                      0                  175        0.236        0.000                      0                  175  


------------------------------------------------------------------------------------------------
| Timing Details
| --------------
------------------------------------------------------------------------------------------------


---------------------------------------------------------------------------------------------------
From Clock:  clk_fpga_0
  To Clock:  clk_fpga_0

Setup :            0  Failing Endpoints,  Worst Slack        0.098ns,  Total Violation        0.000ns
Hold  :            0  Failing Endpoints,  Worst Slack        0.030ns,  Total Violation        0.000ns
PW    :            0  Failing Endpoints,  Worst Slack       18.750ns,  Total Violation        0.000ns
---------------------------------------------------------------------------------------------------


Max Delay Paths
--------------------------------------------------------------------------------------
Slack (MET) :             0.098ns  (required time - arrival time)
  Source:                 amoeba_i/dut/inst/u_top/dut/soc/core/lsu/hptw.hptw/WalkerStateReg/q_reg[2]/C
                            (rising edge-triggered cell FDRE clocked by clk_fpga_0  {rise@0.000ns fall@20.000ns period=40.000ns})
  Destination:            amoeba_i/dut/inst/u_top/dut/soc/core/lsu/bus.dcache.dcache/CacheWays[2]/word[0].wordram.CacheDataMem/ram.RAM_reg_1/DIBDI[27]
                            (rising edge-triggered cell RAMB36E1 clocked by clk_fpga_0  {rise@0.000ns fall@20.000ns period=40.000ns})
  Path Group:             clk_fpga_0
  Path Type:              Setup (Max at Slow Process Corner)
  Requirement:            40.000ns  (clk_fpga_0 rise@40.000ns - clk_fpga_0 rise@0.000ns)
  Data Path Delay:        38.787ns  (logic 8.695ns (22.417%)  route 30.092ns (77.583%))
  Logic Levels:           42  (CARRY4=8 LUT2=3 LUT3=1 LUT4=7 LUT6=22 MUXF7=1)
  Clock Path Skew:        -0.069ns (DCD - SCD + CPR)
    Destination Clock Delay (DCD):    2.763ns = ( 42.763 - 40.000 ) 
    Source Clock Delay      (SCD):    2.947ns
    Clock Pessimism Removal (CPR):    0.115ns
  Clock Uncertainty:      0.601ns  ((TSJ^2 + TIJ^2)^1/2 + DJ) / 2 + PE
    Total System Jitter     (TSJ):    0.071ns
    Total Input Jitter      (TIJ):    1.200ns
    Discrete Jitter          (DJ):    0.000ns
    Phase Error              (PE):    0.000ns

    Location             Delay type                Incr(ns)  Path(ns)    Netlist Resource(s)
  -------------------------------------------------------------------    -------------------
                         (clock clk_fpga_0 rise edge)
                                                      0.000     0.000 r  
    PS7_X0Y0             PS7                          0.000     0.000 r  amoeba_i/ps7/inst/PS7_i/FCLKCLK[0]
                         net (fo=1, routed)           1.193     1.193    amoeba_i/ps7/inst/FCLK_CLK_unbuffered[0]
    BUFGCTRL_X0Y16       BUFG (Prop_bufg_I_O)         0.101     1.294 r  amoeba_i/ps7/inst/buffer_fclk_clk_0.FCLK_CLK_0_BUFG/O
                         net (fo=11418, routed)       1.653     2.947    amoeba_i/dut/inst/u_top/dut/soc/core/lsu/hptw.hptw/WalkerStateReg/aclk
    SLICE_X39Y50         FDRE                                         r  amoeba_i/dut/inst/u_top/dut/soc/core/lsu/hptw.hptw/WalkerStateReg/q_reg[2]/C
  -------------------------------------------------------------------    -------------------
    SLICE_X39Y50         FDRE (Prop_fdre_C_Q)         0.456     3.403 f  amoeba_i/dut/inst/u_top/dut/soc/core/lsu/hptw.hptw/WalkerStateReg/q_reg[2]/Q
                         net (fo=102, routed)         1.391     4.794    amoeba_i/dut/inst/u_top/dut/soc/core/priv.priv/csr/csrs.csrs/SATPreg/WalkerState[1]
    SLICE_X43Y57         LUT6 (Prop_lut6_I1_O)        0.124     4.918 r  amoeba_i/dut/inst/u_top/dut/soc/core/priv.priv/csr/csrs.csrs/SATPreg/q[26]_i_4/O
                         net (fo=1, routed)           0.665     5.583    amoeba_i/dut/inst/u_top/dut/soc/core/lsu/hptw.hptw/WalkerStateReg/q_reg[26]_1
    SLICE_X43Y57         LUT4 (Prop_lut4_I3_O)        0.152     5.735 r  amoeba_i/dut/inst/u_top/dut/soc/core/lsu/hptw.hptw/WalkerStateReg/q[26]_i_2/O
                         net (fo=44, routed)          1.108     6.843    amoeba_i/dut/inst/u_top/dut/soc/core/lsu/hptw.hptw/WalkerStateReg/q[26]_i_2_n_0
    SLICE_X43Y51         LUT6 (Prop_lut6_I0_O)        0.326     7.169 r  amoeba_i/dut/inst/u_top/dut/soc/core/lsu/hptw.hptw/WalkerStateReg/q[4]_i_1__1/O
                         net (fo=17, routed)          0.643     7.812    amoeba_i/dut/inst/u_top/dut/soc/core/lsu/dmmu.dmmu/tlb.tlb/tlbcam/camlines[4]/keyflop/D[4]
    SLICE_X36Y50         LUT6 (Prop_lut6_I2_O)        0.124     7.936 r  amoeba_i/dut/inst/u_top/dut/soc/core/lsu/dmmu.dmmu/tlb.tlb/tlbcam/camlines[4]/keyflop/Match00_carry_i_2__2/O
                         net (fo=1, routed)           0.000     7.936    amoeba_i/dut/inst/u_top/dut/soc/core/lsu/dmmu.dmmu/tlb.tlb/tlbcam/camlines[4]/keyflop_n_2
    SLICE_X36Y50         CARRY4 (Prop_carry4_S[1]_CO[2])
                                                      0.574     8.510 r  amoeba_i/dut/inst/u_top/dut/soc/core/lsu/dmmu.dmmu/tlb.tlb/tlbcam/camlines[4]/Match00_carry/CO[2]
                         net (fo=1, routed)           0.790     9.300    amoeba_i/dut/inst/u_top/dut/soc/core/lsu/dmmu.dmmu/tlb.tlb/tlbcam/camlines[4]/pagetypeflop/ram.RAM_reg_0_i_184[0]
    SLICE_X35Y54         LUT6 (Prop_lut6_I1_O)        0.310     9.610 f  amoeba_i/dut/inst/u_top/dut/soc/core/lsu/dmmu.dmmu/tlb.tlb/tlbcam/camlines[4]/pagetypeflop/q[4]_i_4__0/O
                         net (fo=23, routed)          1.412    11.022    amoeba_i/dut/inst/u_top/dut/soc/core/lsu/dmmu.dmmu/tlb.tlb/tlbcam/camlines[4]/pagetypeflop/q_reg[1]_0
    SLICE_X30Y64         LUT4 (Prop_lut4_I0_O)        0.148    11.170 f  amoeba_i/dut/inst/u_top/dut/soc/core/lsu/dmmu.dmmu/tlb.tlb/tlbcam/camlines[4]/pagetypeflop/q[4]_i_3__0/O
                         net (fo=41, routed)          1.130    12.300    amoeba_i/dut/inst/u_top/dut/soc/core/lsu/dmmu.dmmu/tlb.tlb/tlbcam/camlines[7]/pagetypeflop/ram.RAM_reg_0_0
    SLICE_X36Y56         LUT4 (Prop_lut4_I2_O)        0.328    12.628 f  amoeba_i/dut/inst/u_top/dut/soc/core/lsu/dmmu.dmmu/tlb.tlb/tlbcam/camlines[7]/pagetypeflop/q[0]_i_4__1/O
                         net (fo=2, routed)           0.653    13.281    amoeba_i/dut/inst/u_top/dut/soc/core/lsu/hptw.hptw/WalkerStateReg/q_reg[0]_26
    SLICE_X36Y56         LUT6 (Prop_lut6_I3_O)        0.124    13.405 r  amoeba_i/dut/inst/u_top/dut/soc/core/lsu/hptw.hptw/WalkerStateReg/q[7]_i_3__2/O
                         net (fo=2, routed)           0.625    14.030    amoeba_i/dut/inst/u_top/dut/soc/core/lsu/dmmu.dmmu/tlb.tlb/tlbcam/camlines[6]/pagetypeflop/ram.RAM_reg_0_9
    SLICE_X35Y60         LUT4 (Prop_lut4_I3_O)        0.124    14.154 f  amoeba_i/dut/inst/u_top/dut/soc/core/lsu/dmmu.dmmu/tlb.tlb/tlbcam/camlines[6]/pagetypeflop/ram.RAM_reg_0_i_57__5/O
                         net (fo=11, routed)          0.657    14.811    amoeba_i/dut/inst/u_top/dut/soc/core/lsu/dmmu.dmmu/tlb.tlb/tlbcam/camlines[6]/pagetypeflop/q_reg[1]_0
    SLICE_X32Y59         LUT4 (Prop_lut4_I0_O)        0.124    14.935 r  amoeba_i/dut/inst/u_top/dut/soc/core/lsu/dmmu.dmmu/tlb.tlb/tlbcam/camlines[6]/pagetypeflop/ram.RAM_reg_0_i_17__3/O
                         net (fo=11, routed)          0.951    15.886    amoeba_i/dut/inst/u_top/dut/soc/core/lsu/dmmu.dmmu/tlb.tlb/tlbcam/camlines[6]/pagetypeflop/q_reg[16]
    SLICE_X41Y58         LUT6 (Prop_lut6_I0_O)        0.124    16.010 r  amoeba_i/dut/inst/u_top/dut/soc/core/lsu/dmmu.dmmu/tlb.tlb/tlbcam/camlines[6]/pagetypeflop/WriteAdrMatchM1_carry__0_i_3/O
                         net (fo=1, routed)           0.000    16.010    amoeba_i/dut/inst/u_top/dut/soc/core/lsu/atomic.atomic/lrsc/WriteAdrMatchM1_carry__1_0[1]
    SLICE_X41Y58         CARRY4 (Prop_carry4_S[1]_CO[3])
                                                      0.550    16.560 r  amoeba_i/dut/inst/u_top/dut/soc/core/lsu/atomic.atomic/lrsc/WriteAdrMatchM1_carry__0/CO[3]
                         net (fo=1, routed)           0.000    16.560    amoeba_i/dut/inst/u_top/dut/soc/core/lsu/atomic.atomic/lrsc/WriteAdrMatchM1_carry__0_n_0
    SLICE_X41Y59         CARRY4 (Prop_carry4_CI_CO[3])
                                                      0.114    16.674 r  amoeba_i/dut/inst/u_top/dut/soc/core/lsu/atomic.atomic/lrsc/WriteAdrMatchM1_carry__1/CO[3]
                         net (fo=1, routed)           0.000    16.674    amoeba_i/dut/inst/u_top/dut/soc/core/lsu/atomic.atomic/lrsc/WriteAdrMatchM1_carry__1_n_0
    SLICE_X41Y60         CARRY4 (Prop_carry4_CI_CO[3])
                                                      0.114    16.788 r  amoeba_i/dut/inst/u_top/dut/soc/core/lsu/atomic.atomic/lrsc/WriteAdrMatchM1_carry__2/CO[3]
                         net (fo=1, routed)           0.000    16.788    amoeba_i/dut/inst/u_top/dut/soc/core/lsu/atomic.atomic/lrsc/WriteAdrMatchM1_carry__2_n_0
    SLICE_X41Y61         CARRY4 (Prop_carry4_CI_CO[1])
                                                      0.157    16.945 r  amoeba_i/dut/inst/u_top/dut/soc/core/lsu/atomic.atomic/lrsc/WriteAdrMatchM1_carry__3/CO[1]
                         net (fo=3, routed)           1.211    18.156    amoeba_i/dut/inst/u_top/dut/soc/core/lsu/hptw.hptw/WalkerStateReg/q_reg[0]_36[0]
    SLICE_X44Y45         LUT6 (Prop_lut6_I2_O)        0.329    18.485 f  amoeba_i/dut/inst/u_top/dut/soc/core/lsu/hptw.hptw/WalkerStateReg/lrsc/SquashSCM/O
                         net (fo=3, routed)           0.679    19.164    amoeba_i/dut/inst/u_top/dut/soc/core/lsu/hptw.hptw/WalkerStateReg/atomic.atomic/lrsc/SquashSCM
    SLICE_X44Y45         LUT3 (Prop_lut3_I0_O)        0.152    19.316 r  amoeba_i/dut/inst/u_top/dut/soc/core/lsu/hptw.hptw/WalkerStateReg/ram.RAM_reg_0_i_178__0/O
                         net (fo=4, routed)           0.609    19.926    amoeba_i/dut/inst/u_top/dut/soc/core/lsu/bus.dcache.dcache/CacheWays[2]/CacheTagMem/bus.dcache.CacheRWM[1]
    SLICE_X44Y41         LUT6 (Prop_lut6_I4_O)        0.332    20.258 f  amoeba_i/dut/inst/u_top/dut/soc/core/lsu/bus.dcache.dcache/CacheWays[2]/CacheTagMem/ram.RAM_reg_0_i_45/O
                         net (fo=6, routed)           0.463    20.721    amoeba_i/dut/inst/u_top/dut/soc/core/lsu/bus.dcache.dcache/cachefsm/ram.RAM_reg_1
    SLICE_X44Y41         LUT2 (Prop_lut2_I1_O)        0.124    20.845 r  amoeba_i/dut/inst/u_top/dut/soc/core/lsu/bus.dcache.dcache/cachefsm/FSM_onehot_CurrState[5]_i_2/O
                         net (fo=5, routed)           0.591    21.436    amoeba_i/dut/inst/u_top/dut/soc/core/lsu/bus.dcache.dcache/cachefsm/FSM_onehot_CurrState[5]_i_2_n_0
    SLICE_X46Y41         LUT4 (Prop_lut4_I1_O)        0.124    21.560 r  amoeba_i/dut/inst/u_top/dut/soc/core/lsu/bus.dcache.dcache/cachefsm/m_ahb_haddr[31]_INST_0_i_14/O
                         net (fo=45, routed)          0.608    22.168    amoeba_i/dut/inst/u_top/dut/soc/core/lsu/bus.dcache.dcache/cachefsm/SelWriteback
    SLICE_X47Y41         LUT2 (Prop_lut2_I0_O)        0.124    22.292 r  amoeba_i/dut/inst/u_top/dut/soc/core/lsu/bus.dcache.dcache/cachefsm/i__i_8__1/O
                         net (fo=28, routed)          0.804    23.096    amoeba_i/dut/inst/u_top/dut/soc/core/lsu/bus.dcache.dcache/CacheWays[1]/CacheTagMem/SelVictim
    SLICE_X38Y43         LUT6 (Prop_lut6_I5_O)        0.124    23.220 f  amoeba_i/dut/inst/u_top/dut/soc/core/lsu/bus.dcache.dcache/CacheWays[1]/CacheTagMem/q[47]_i_56/O
                         net (fo=128, routed)         2.028    25.248    amoeba_i/dut/inst/u_top/dut/soc/core/lsu/bus.dcache.dcache/CacheWays[1]/word[3].wordram.CacheDataMem/q[47]_i_12
    SLICE_X23Y15         LUT2 (Prop_lut2_I1_O)        0.119    25.367 r  amoeba_i/dut/inst/u_top/dut/soc/core/lsu/bus.dcache.dcache/CacheWays[1]/word[3].wordram.CacheDataMem/q[15]_i_33/O
                         net (fo=1, routed)           1.204    26.570    amoeba_i/dut/inst/u_top/dut/soc/core/lsu/bus.dcache.dcache/EarlyReturnMux/ReadDataLineWay[1]_67[463]
    SLICE_X23Y33         LUT6 (Prop_lut6_I3_O)        0.332    26.902 r  amoeba_i/dut/inst/u_top/dut/soc/core/lsu/bus.dcache.dcache/EarlyReturnMux/q[15]_i_11/O
                         net (fo=1, routed)           0.879    27.781    amoeba_i/dut/inst/u_top/dut/soc/core/lsu/bus.dcache.dcache/subcachelineread/ReadDataLine[463]
    SLICE_X24Y33         LUT6 (Prop_lut6_I0_O)        0.124    27.905 r  amoeba_i/dut/inst/u_top/dut/soc/core/lsu/bus.dcache.dcache/subcachelineread/q[15]_i_5/O
                         net (fo=1, routed)           0.000    27.905    amoeba_i/dut/inst/u_top/dut/soc/core/lsu/bus.dcache.dcache/subcachelineread/q[15]_i_5_n_0
    SLICE_X24Y33         MUXF7 (Prop_muxf7_I1_O)      0.217    28.122 r  amoeba_i/dut/inst/u_top/dut/soc/core/lsu/bus.dcache.dcache/subcachelineread/q_reg[15]_i_2/O
                         net (fo=3, routed)           0.785    28.907    amoeba_i/dut/inst/u_top/dut/soc/core/lsu/bus.dcache.dcache/CacheWays[3]/word[1].wordram.CacheDataMem/DCacheReadDataWordM[15]
    SLICE_X30Y33         LUT6 (Prop_lut6_I3_O)        0.299    29.206 r  amoeba_i/dut/inst/u_top/dut/soc/core/lsu/bus.dcache.dcache/CacheWays[3]/word[1].wordram.CacheDataMem/y0_carry__0_i_24/O
                         net (fo=2, routed)           0.676    29.882    amoeba_i/dut/inst/u_top/dut/soc/core/lsu/hptw.hptw/WalkerStateReg/q_reg[14][8]
    SLICE_X34Y32         LUT6 (Prop_lut6_I5_O)        0.124    30.006 r  amoeba_i/dut/inst/u_top/dut/soc/core/lsu/hptw.hptw/WalkerStateReg/y0_carry__2_i_10/O
                         net (fo=36, routed)          0.702    30.708    amoeba_i/dut/inst/u_top/dut/soc/core/lsu/hptw.hptw/WalkerStateReg/q_reg[1]_13
    SLICE_X38Y32         LUT6 (Prop_lut6_I3_O)        0.124    30.832 r  amoeba_i/dut/inst/u_top/dut/soc/core/lsu/hptw.hptw/WalkerStateReg/y0_carry__7_i_9/O
                         net (fo=127, routed)         0.775    31.607    amoeba_i/dut/inst/u_top/dut/soc/core/lsu/hptw.hptw/WalkerStateReg/y0_carry__7_i_9_n_0
    SLICE_X42Y35         LUT6 (Prop_lut6_I5_O)        0.124    31.731 r  amoeba_i/dut/inst/u_top/dut/soc/core/lsu/hptw.hptw/WalkerStateReg/y0_carry__9_i_2/O
                         net (fo=7, routed)           0.827    32.559    amoeba_i/dut/inst/u_top/dut/soc/core/lsu/hptw.hptw/WalkerStateReg/q_reg[15]_rep_9
    SLICE_X39Y38         LUT6 (Prop_lut6_I2_O)        0.124    32.683 r  amoeba_i/dut/inst/u_top/dut/soc/core/lsu/hptw.hptw/WalkerStateReg/eq_carry_i_1/O
                         net (fo=1, routed)           0.000    32.683    amoeba_i/dut/inst/u_top/dut/soc/core/lsu/atomic.atomic/amoalu/cmpupper/S[3]
    SLICE_X39Y38         CARRY4 (Prop_carry4_S[3]_CO[3])
                                                      0.401    33.084 r  amoeba_i/dut/inst/u_top/dut/soc/core/lsu/atomic.atomic/amoalu/cmpupper/eq_carry/CO[3]
                         net (fo=1, routed)           0.000    33.084    amoeba_i/dut/inst/u_top/dut/soc/core/lsu/atomic.atomic/amoalu/cmpupper/eq_carry_n_0
    SLICE_X39Y39         CARRY4 (Prop_carry4_CI_CO[3])
                                                      0.114    33.198 r  amoeba_i/dut/inst/u_top/dut/soc/core/lsu/atomic.atomic/amoalu/cmpupper/eq_carry__0/CO[3]
                         net (fo=1, routed)           0.000    33.198    amoeba_i/dut/inst/u_top/dut/soc/core/lsu/atomic.atomic/amoalu/cmpupper/eq_carry__0_n_0
    SLICE_X39Y40         CARRY4 (Prop_carry4_CI_CO[2])
                                                      0.228    33.426 r  amoeba_i/dut/inst/u_top/dut/soc/core/lsu/atomic.atomic/amoalu/cmpupper/eq_carry__1/CO[2]
                         net (fo=2, routed)           0.743    34.169    amoeba_i/dut/inst/u_top/dut/soc/core/lsu/hptw.hptw/WalkerStateReg/q[32]_i_4_0[0]
    SLICE_X41Y38         LUT6 (Prop_lut6_I2_O)        0.313    34.482 r  amoeba_i/dut/inst/u_top/dut/soc/core/lsu/hptw.hptw/WalkerStateReg/q[62]_i_12/O
                         net (fo=79, routed)          0.993    35.475    amoeba_i/dut/inst/u_top/dut/soc/core/lsu/hptw.hptw/WalkerStateReg/q[62]_i_12_n_0
    SLICE_X42Y31         LUT6 (Prop_lut6_I3_O)        0.124    35.599 r  amoeba_i/dut/inst/u_top/dut/soc/core/lsu/hptw.hptw/WalkerStateReg/q[63]_i_17/O
                         net (fo=3, routed)           0.476    36.075    amoeba_i/dut/inst/u_top/dut/soc/core/lsu/hptw.hptw/WalkerStateReg/q_reg[31]_2
    SLICE_X42Y31         LUT6 (Prop_lut6_I2_O)        0.124    36.199 r  amoeba_i/dut/inst/u_top/dut/soc/core/lsu/hptw.hptw/WalkerStateReg/q[63]_i_11/O
                         net (fo=64, routed)          1.133    37.332    amoeba_i/dut/inst/u_top/dut/soc/core/lsu/hptw.hptw/WalkerStateReg/q_reg[31]_3
    SLICE_X35Y35         LUT6 (Prop_lut6_I0_O)        0.124    37.456 r  amoeba_i/dut/inst/u_top/dut/soc/core/lsu/hptw.hptw/WalkerStateReg/ram.RAM_reg_0_i_190__0/O
                         net (fo=1, routed)           0.825    38.281    amoeba_i/dut/inst/u_top/dut/soc/core/lsu/subwordwrite/d1[27]
    SLICE_X30Y33         LUT6 (Prop_lut6_I3_O)        0.124    38.405 r  amoeba_i/dut/inst/u_top/dut/soc/core/lsu/subwordwrite/ram.RAM_reg_0_i_135/O
                         net (fo=8, routed)           1.074    39.479    amoeba_i/dut/inst/u_top/dut/soc/core/lsu/bus.dcache.ahbcacheinterface/AHBBuscachefsm/BeatCountReg/LSUWriteDataM[51]
    SLICE_X35Y19         LUT6 (Prop_lut6_I5_O)        0.124    39.603 r  amoeba_i/dut/inst/u_top/dut/soc/core/lsu/bus.dcache.ahbcacheinterface/AHBBuscachefsm/BeatCountReg/ram.RAM_reg_1_i_81/O
                         net (fo=4, routed)           1.115    40.717    amoeba_i/dut/inst/u_top/dut/soc/core/lsu/bus.dcache.dcache/CacheWays[2]/word[0].wordram.CacheDataMem/LineWriteData[123]
    SLICE_X46Y21         LUT4 (Prop_lut4_I3_O)        0.150    40.867 r  amoeba_i/dut/inst/u_top/dut/soc/core/lsu/bus.dcache.dcache/CacheWays[2]/word[0].wordram.CacheDataMem/ram.RAM_reg_1_i_5/O
                         net (fo=1, routed)           0.866    41.734    amoeba_i/dut/inst/u_top/dut/soc/core/lsu/bus.dcache.dcache/CacheWays[2]/word[0].wordram.CacheDataMem/p_1_in[123]
    RAMB36_X3Y4          RAMB36E1                                     r  amoeba_i/dut/inst/u_top/dut/soc/core/lsu/bus.dcache.dcache/CacheWays[2]/word[0].wordram.CacheDataMem/ram.RAM_reg_1/DIBDI[27]
  -------------------------------------------------------------------    -------------------

                         (clock clk_fpga_0 rise edge)
                                                     40.000    40.000 r  
    PS7_X0Y0             PS7                          0.000    40.000 r  amoeba_i/ps7/inst/PS7_i/FCLKCLK[0]
                         net (fo=1, routed)           1.088    41.088    amoeba_i/ps7/inst/FCLK_CLK_unbuffered[0]
    BUFGCTRL_X0Y16       BUFG (Prop_bufg_I_O)         0.091    41.179 r  amoeba_i/ps7/inst/buffer_fclk_clk_0.FCLK_CLK_0_BUFG/O
                         net (fo=11418, routed)       1.584    42.763    amoeba_i/dut/inst/u_top/dut/soc/core/lsu/bus.dcache.dcache/CacheWays[2]/word[0].wordram.CacheDataMem/aclk
    RAMB36_X3Y4          RAMB36E1                                     r  amoeba_i/dut/inst/u_top/dut/soc/core/lsu/bus.dcache.dcache/CacheWays[2]/word[0].wordram.CacheDataMem/ram.RAM_reg_1/CLKBWRCLK
                         clock pessimism              0.115    42.878    
                         clock uncertainty           -0.601    42.277    
    RAMB36_X3Y4          RAMB36E1 (Setup_ramb36e1_CLKBWRCLK_DIBDI[27])
                                                     -0.445    41.832    amoeba_i/dut/inst/u_top/dut/soc/core/lsu/bus.dcache.dcache/CacheWays[2]/word[0].wordram.CacheDataMem/ram.RAM_reg_1
  -------------------------------------------------------------------
                         required time                         41.832    
                         arrival time                         -41.734    
  -------------------------------------------------------------------
                         slack                                  0.098    





Min Delay Paths
--------------------------------------------------------------------------------------
Slack (MET) :             0.030ns  (arrival time - required time)
  Source:                 amoeba_i/dut/inst/u_top/dut/soc/core/ifu/PCMReg/q_reg[5]/C
                            (rising edge-triggered cell FDRE clocked by clk_fpga_0  {rise@0.000ns fall@20.000ns period=40.000ns})
  Destination:            amoeba_i/dut/inst/u_top/g_trace.retire_cnt/pc_w/q_reg[5]/D
                            (rising edge-triggered cell FDRE clocked by clk_fpga_0  {rise@0.000ns fall@20.000ns period=40.000ns})
  Path Group:             clk_fpga_0
  Path Type:              Hold (Min at Fast Process Corner)
  Requirement:            0.000ns  (clk_fpga_0 rise@0.000ns - clk_fpga_0 rise@0.000ns)
  Data Path Delay:        0.362ns  (logic 0.141ns (38.913%)  route 0.221ns (61.087%))
  Logic Levels:           0  
  Clock Path Skew:        0.262ns (DCD - SCD - CPR)
    Destination Clock Delay (DCD):    1.187ns
    Source Clock Delay      (SCD):    0.895ns
    Clock Pessimism Removal (CPR):    0.030ns

    Location             Delay type                Incr(ns)  Path(ns)    Netlist Resource(s)
  -------------------------------------------------------------------    -------------------
                         (clock clk_fpga_0 rise edge)
                                                      0.000     0.000 r  
    PS7_X0Y0             PS7                          0.000     0.000 r  amoeba_i/ps7/inst/PS7_i/FCLKCLK[0]
                         net (fo=1, routed)           0.310     0.310    amoeba_i/ps7/inst/FCLK_CLK_unbuffered[0]
    BUFGCTRL_X0Y16       BUFG (Prop_bufg_I_O)         0.026     0.336 r  amoeba_i/ps7/inst/buffer_fclk_clk_0.FCLK_CLK_0_BUFG/O
                         net (fo=11418, routed)       0.559     0.895    amoeba_i/dut/inst/u_top/dut/soc/core/ifu/PCMReg/aclk
    SLICE_X51Y49         FDRE                                         r  amoeba_i/dut/inst/u_top/dut/soc/core/ifu/PCMReg/q_reg[5]/C
  -------------------------------------------------------------------    -------------------
    SLICE_X51Y49         FDRE (Prop_fdre_C_Q)         0.141     1.036 r  amoeba_i/dut/inst/u_top/dut/soc/core/ifu/PCMReg/q_reg[5]/Q
                         net (fo=4, routed)           0.221     1.257    amoeba_i/dut/inst/u_top/g_trace.retire_cnt/pc_w/D[5]
    SLICE_X53Y52         FDRE                                         r  amoeba_i/dut/inst/u_top/g_trace.retire_cnt/pc_w/q_reg[5]/D
  -------------------------------------------------------------------    -------------------

                         (clock clk_fpga_0 rise edge)
                                                      0.000     0.000 r  
    PS7_X0Y0             PS7                          0.000     0.000 r  amoeba_i/ps7/inst/PS7_i/FCLKCLK[0]
                         net (fo=1, routed)           0.337     0.337    amoeba_i/ps7/inst/FCLK_CLK_unbuffered[0]
    BUFGCTRL_X0Y16       BUFG (Prop_bufg_I_O)         0.029     0.366 r  amoeba_i/ps7/inst/buffer_fclk_clk_0.FCLK_CLK_0_BUFG/O
                         net (fo=11418, routed)       0.821     1.187    amoeba_i/dut/inst/u_top/g_trace.retire_cnt/pc_w/aclk
    SLICE_X53Y52         FDRE                                         r  amoeba_i/dut/inst/u_top/g_trace.retire_cnt/pc_w/q_reg[5]/C
                         clock pessimism             -0.030     1.157    
    SLICE_X53Y52         FDRE (Hold_fdre_C_D)         0.070     1.227    amoeba_i/dut/inst/u_top/g_trace.retire_cnt/pc_w/q_reg[5]
  -------------------------------------------------------------------
                         required time                         -1.227    
                         arrival time                           1.257    
  -------------------------------------------------------------------
                         slack                                  0.030    





Pulse Width Checks
--------------------------------------------------------------------------------------
Clock Name:         clk_fpga_0
Waveform(ns):       { 0.000 20.000 }
Period(ns):         40.000
Sources:            { amoeba_i/ps7/inst/PS7_i/FCLKCLK[0] }

Check Type        Corner  Lib Pin             Reference Pin  Required(ns)  Actual(ns)  Slack(ns)  Location      Pin
Min Period        n/a     RAMB36E1/CLKARDCLK  n/a            2.944         40.000      37.056     RAMB36_X2Y10  amoeba_i/dut/inst/u_top/dut/soc/core/lsu/bus.dcache.dcache/CacheWays[0]/word[0].wordram.CacheDataMem/ram.RAM_reg_0/CLKARDCLK
Low Pulse Width   Slow    RAMD32/CLK          n/a            1.250         20.000      18.750     SLICE_X34Y43  amoeba_i/dut/inst/u_top/dut/soc/uncoregen.uncore/uartgen.uart/uartPC/txfifo_reg_0_15_0_5/RAMA/CLK
High Pulse Width  Slow    RAMD32/CLK          n/a            1.250         20.000      18.750     SLICE_X34Y43  amoeba_i/dut/inst/u_top/dut/soc/uncoregen.uncore/uartgen.uart/uartPC/txfifo_reg_0_15_0_5/RAMA/CLK



---------------------------------------------------------------------------------------------------
Path Group:  **async_default**
From Clock:  clk_fpga_0
  To Clock:  clk_fpga_0

Setup :            0  Failing Endpoints,  Worst Slack       31.087ns,  Total Violation        0.000ns
Hold  :            0  Failing Endpoints,  Worst Slack        0.236ns,  Total Violation        0.000ns
---------------------------------------------------------------------------------------------------


Max Delay Paths
--------------------------------------------------------------------------------------
Slack (MET) :             31.087ns  (required time - arrival time)
  Source:                 amoeba_i/dut/inst/u_top/dut/soc/resetsync/q_reg/C
                            (rising edge-triggered cell FDRE clocked by clk_fpga_0  {rise@0.000ns fall@20.000ns period=40.000ns})
  Destination:            amoeba_i/dut/inst/u_top/g_mem.mem/adapter/HRDATA_reg[58]/CLR
                            (recovery check against rising-edge clock clk_fpga_0  {rise@0.000ns fall@20.000ns period=40.000ns})
  Path Group:             **async_default**
  Path Type:              Recovery (Max at Slow Process Corner)
  Requirement:            40.000ns  (clk_fpga_0 rise@40.000ns - clk_fpga_0 rise@0.000ns)
  Data Path Delay:        7.796ns  (logic 0.456ns (5.849%)  route 7.340ns (94.151%))
  Logic Levels:           0  
  Clock Path Skew:        -0.111ns (DCD - SCD + CPR)
    Destination Clock Delay (DCD):    2.704ns = ( 42.704 - 40.000 ) 
    Source Clock Delay      (SCD):    2.944ns
    Clock Pessimism Removal (CPR):    0.129ns
  Clock Uncertainty:      0.601ns  ((TSJ^2 + TIJ^2)^1/2 + DJ) / 2 + PE
    Total System Jitter     (TSJ):    0.071ns
    Total Input Jitter      (TIJ):    1.200ns
    Discrete Jitter          (DJ):    0.000ns
    Phase Error              (PE):    0.000ns

    Location             Delay type                Incr(ns)  Path(ns)    Netlist Resource(s)
  -------------------------------------------------------------------    -------------------
                         (clock clk_fpga_0 rise edge)
                                                      0.000     0.000 r  
    PS7_X0Y0             PS7                          0.000     0.000 r  amoeba_i/ps7/inst/PS7_i/FCLKCLK[0]
                         net (fo=1, routed)           1.193     1.193    amoeba_i/ps7/inst/FCLK_CLK_unbuffered[0]
    BUFGCTRL_X0Y16       BUFG (Prop_bufg_I_O)         0.101     1.294 r  amoeba_i/ps7/inst/buffer_fclk_clk_0.FCLK_CLK_0_BUFG/O
                         net (fo=11418, routed)       1.650     2.944    amoeba_i/dut/inst/u_top/dut/soc/resetsync/aclk
    SLICE_X47Y91         FDRE                                         r  amoeba_i/dut/inst/u_top/dut/soc/resetsync/q_reg/C
  -------------------------------------------------------------------    -------------------
    SLICE_X47Y91         FDRE (Prop_fdre_C_Q)         0.456     3.400 f  amoeba_i/dut/inst/u_top/dut/soc/resetsync/q_reg/Q
                         net (fo=6246, routed)        7.340    10.740    amoeba_i/dut/inst/u_top/g_mem.mem/adapter/reset
    SLICE_X60Y76         FDCE                                         f  amoeba_i/dut/inst/u_top/g_mem.mem/adapter/HRDATA_reg[58]/CLR
  -------------------------------------------------------------------    -------------------

                         (clock clk_fpga_0 rise edge)
                                                     40.000    40.000 r  
    PS7_X0Y0             PS7                          0.000    40.000 r  amoeba_i/ps7/inst/PS7_i/FCLKCLK[0]
                         net (fo=1, routed)           1.088    41.088    amoeba_i/ps7/inst/FCLK_CLK_unbuffered[0]
    BUFGCTRL_X0Y16       BUFG (Prop_bufg_I_O)         0.091    41.179 r  amoeba_i/ps7/inst/buffer_fclk_clk_0.FCLK_CLK_0_BUFG/O
                         net (fo=11418, routed)       1.525    42.704    amoeba_i/dut/inst/u_top/g_mem.mem/adapter/aclk
    SLICE_X60Y76         FDCE                                         r  amoeba_i/dut/inst/u_top/g_mem.mem/adapter/HRDATA_reg[58]/C
                         clock pessimism              0.129    42.833    
                         clock uncertainty           -0.601    42.232    
    SLICE_X60Y76         FDCE (Recov_fdce_C_CLR)     -0.405    41.827    amoeba_i/dut/inst/u_top/g_mem.mem/adapter/HRDATA_reg[58]
  -------------------------------------------------------------------
                         required time                         41.827    
                         arrival time                         -10.740    
  -------------------------------------------------------------------
                         slack                                 31.087    





Min Delay Paths
--------------------------------------------------------------------------------------
Slack (MET) :             0.236ns  (arrival time - required time)
  Source:                 amoeba_i/dut/inst/u_top/dut/soc/resetsync/q_reg/C
                            (rising edge-triggered cell FDRE clocked by clk_fpga_0  {rise@0.000ns fall@20.000ns period=40.000ns})
  Destination:            amoeba_i/dut/inst/u_top/g_mem.mem/adapter/HRDATA_reg[48]/CLR
                            (removal check against rising-edge clock clk_fpga_0  {rise@0.000ns fall@20.000ns period=40.000ns})
  Path Group:             **async_default**
  Path Type:              Removal (Min at Fast Process Corner)
  Requirement:            0.000ns  (clk_fpga_0 rise@0.000ns - clk_fpga_0 rise@0.000ns)
  Data Path Delay:        0.403ns  (logic 0.141ns (34.961%)  route 0.262ns (65.039%))
  Logic Levels:           0  
  Clock Path Skew:        0.259ns (DCD - SCD - CPR)
    Destination Clock Delay (DCD):    1.185ns
    Source Clock Delay      (SCD):    0.891ns
    Clock Pessimism Removal (CPR):    0.035ns

    Location             Delay type                Incr(ns)  Path(ns)    Netlist Resource(s)
  -------------------------------------------------------------------    -------------------
                         (clock clk_fpga_0 rise edge)
                                                      0.000     0.000 r  
    PS7_X0Y0             PS7                          0.000     0.000 r  amoeba_i/ps7/inst/PS7_i/FCLKCLK[0]
                         net (fo=1, routed)           0.310     0.310    amoeba_i/ps7/inst/FCLK_CLK_unbuffered[0]
    BUFGCTRL_X0Y16       BUFG (Prop_bufg_I_O)         0.026     0.336 r  amoeba_i/ps7/inst/buffer_fclk_clk_0.FCLK_CLK_0_BUFG/O
                         net (fo=11418, routed)       0.555     0.891    amoeba_i/dut/inst/u_top/dut/soc/resetsync/aclk
    SLICE_X47Y91         FDRE                                         r  amoeba_i/dut/inst/u_top/dut/soc/resetsync/q_reg/C
  -------------------------------------------------------------------    -------------------
    SLICE_X47Y91         FDRE (Prop_fdre_C_Q)         0.141     1.032 f  amoeba_i/dut/inst/u_top/dut/soc/resetsync/q_reg/Q
                         net (fo=6246, routed)        0.262     1.294    amoeba_i/dut/inst/u_top/g_mem.mem/adapter/reset
    SLICE_X53Y90         FDCE                                         f  amoeba_i/dut/inst/u_top/g_mem.mem/adapter/HRDATA_reg[48]/CLR
  -------------------------------------------------------------------    -------------------

                         (clock clk_fpga_0 rise edge)
                                                      0.000     0.000 r  
    PS7_X0Y0             PS7                          0.000     0.000 r  amoeba_i/ps7/inst/PS7_i/FCLKCLK[0]
                         net (fo=1, routed)           0.337     0.337    amoeba_i/ps7/inst/FCLK_CLK_unbuffered[0]
    BUFGCTRL_X0Y16       BUFG (Prop_bufg_I_O)         0.029     0.366 r  amoeba_i/ps7/inst/buffer_fclk_clk_0.FCLK_CLK_0_BUFG/O
                         net (fo=11418, routed)       0.819     1.185    amoeba_i/dut/inst/u_top/g_mem.mem/adapter/aclk
    SLICE_X53Y90         FDCE                                         r  amoeba_i/dut/inst/u_top/g_mem.mem/adapter/HRDATA_reg[48]/C
                         clock pessimism             -0.035     1.150    
    SLICE_X53Y90         FDCE (Remov_fdce_C_CLR)     -0.092     1.058    amoeba_i/dut/inst/u_top/g_mem.mem/adapter/HRDATA_reg[48]
  -------------------------------------------------------------------
                         required time                         -1.058    
                         arrival time                           1.294    
  -------------------------------------------------------------------
                         slack                                  0.236    





