Copyright 1986-2022 Xilinx, Inc. All Rights Reserved. Copyright 2022-2024 Advanced Micro Devices, Inc. All Rights Reserved.
---------------------------------------------------------------------------------------------------------------------------------------------
| Tool Version : Vivado v.2024.1 (lin64) Build 5076996 Wed May 22 18:36:09 MDT 2024
| Date         : Fri Sep 18 22:21:03 2026
| Host         : ved-vyas-ASUS-Vivobook-S-14-M5406WA-M5406WA running 64-bit Ubuntu 24.04.5 LTS
| Command      : report_timing_summary -file /home/ved-vyas/Documents/ece427/free-rtos-regression/fpga/pynq/bit/asic-asic-BRAM/timing.rpt
| Design       : amoeba_wrapper
| Device       : 7z020-clg400
| Speed File   : -1  PRODUCTION 1.12 2019-11-22
| Design State : Routed
---------------------------------------------------------------------------------------------------------------------------------------------

Timing Summary Report

------------------------------------------------------------------------------------------------
| Timer Settings
| --------------
------------------------------------------------------------------------------------------------

  Enable Multi Corner Analysis               :  Yes
  Enable Pessimism Removal                   :  Yes
  Pessimism Removal Resolution               :  Nearest Common Node
  Enable Input Delay Default Clock           :  No
  Enable Preset / Clear Arcs                 :  No
  Disable Flight Delays                      :  No
  Ignore I/O Paths                           :  No
  Timing Early Launch at Borrowing Latches   :  No
  Borrow Time for Max Delay Exceptions       :  Yes
  Merge Timing Exceptions                    :  Yes
  Inter-SLR Compensation                     :  Conservative

  Corner  Analyze    Analyze    
  Name    Max Paths  Min Paths  
  ------  ---------  ---------  
  Slow    Yes        Yes        
  Fast    Yes        Yes        


------------------------------------------------------------------------------------------------
| Report Methodology
| ------------------
------------------------------------------------------------------------------------------------

Rule     Severity  Description                   Violations  
-------  --------  ----------------------------  ----------  
LUTAR-1  Warning   LUT drives async reset alert  1           

Note: This report is based on the most recent report_methodology run and may not be up-to-date. Run report_methodology on the current design for the latest report.



check_timing report

Table of Contents
-----------------
1. checking no_clock (0)
2. checking constant_clock (0)
3. checking pulse_width_clock (0)
4. checking unconstrained_internal_endpoints (0)
5. checking no_input_delay (0)
6. checking no_output_delay (0)
7. checking multiple_clock (0)
8. checking generated_clocks (0)
9. checking loops (0)
10. checking partial_input_delay (0)
11. checking partial_output_delay (0)
12. checking latch_loops (0)

1. checking no_clock (0)
------------------------
 There are 0 register/latch pins with no clock.


2. checking constant_clock (0)
------------------------------
 There are 0 register/latch pins with constant_clock.


3. checking pulse_width_clock (0)
---------------------------------
 There are 0 register/latch pins which need pulse_width check


4. checking unconstrained_internal_endpoints (0)
------------------------------------------------
 There are 0 pins that are not constrained for maximum delay.

 There are 0 pins that are not constrained for maximum delay due to constant clock.


5. checking no_input_delay (0)
------------------------------
 There are 0 input ports with no input delay specified.

 There are 0 input ports with no input delay but user has a false path constraint.


6. checking no_output_delay (0)
-------------------------------
 There are 0 ports with no output delay specified.

 There are 0 ports with no output delay but user has a false path constraint

 There are 0 ports with no output delay but with a timing clock defined on it or propagating through it


7. checking multiple_clock (0)
------------------------------
 There are 0 register/latch pins with multiple clocks.


8. checking generated_clocks (0)
--------------------------------
 There are 0 generated clocks that are not connected to a clock source.


9. checking loops (0)
---------------------
 There are 0 combinational loops in the design.


10. checking partial_input_delay (0)
------------------------------------
 There are 0 input ports with partial input delay specified.


11. checking partial_output_delay (0)
-------------------------------------
 There are 0 ports with partial output delay specified.


12. checking latch_loops (0)
----------------------------
 There are 0 combinational latch loops in the design through latch input



------------------------------------------------------------------------------------------------
| Design Timing Summary
| ---------------------
------------------------------------------------------------------------------------------------

    WNS(ns)      TNS(ns)  TNS Failing Endpoints  TNS Total Endpoints      WHS(ns)      THS(ns)  THS Failing Endpoints  THS Total Endpoints     WPWS(ns)     TPWS(ns)  TPWS Failing Endpoints  TPWS Total Endpoints  
    -------      -------  ---------------------  -------------------      -------      -------  ---------------------  -------------------     --------     --------  ----------------------  --------------------  
      0.703        0.000                      0                44948        0.018        0.000                      0                44948       18.750        0.000                       0                 13743  


All user specified timing constraints are met.


------------------------------------------------------------------------------------------------
| Clock Summary
| -------------
------------------------------------------------------------------------------------------------

Clock       Waveform(ns)       Period(ns)      Frequency(MHz)
-----       ------------       ----------      --------------
clk_fpga_0  {0.000 20.000}     40.000          25.000          


------------------------------------------------------------------------------------------------
| Intra Clock Table
| -----------------
------------------------------------------------------------------------------------------------

Clock             WNS(ns)      TNS(ns)  TNS Failing Endpoints  TNS Total Endpoints      WHS(ns)      THS(ns)  THS Failing Endpoints  THS Total Endpoints     WPWS(ns)     TPWS(ns)  TPWS Failing Endpoints  TPWS Total Endpoints  
-----             -------      -------  ---------------------  -------------------      -------      -------  ---------------------  -------------------     --------     --------  ----------------------  --------------------  
clk_fpga_0          0.703        0.000                      0                44265        0.018        0.000                      0                44265       18.750        0.000                       0                 13743  


------------------------------------------------------------------------------------------------
| Inter Clock Table
| -----------------
------------------------------------------------------------------------------------------------

From Clock    To Clock          WNS(ns)      TNS(ns)  TNS Failing Endpoints  TNS Total Endpoints      WHS(ns)      THS(ns)  THS Failing Endpoints  THS Total Endpoints  
----------    --------          -------      -------  ---------------------  -------------------      -------      -------  ---------------------  -------------------  


------------------------------------------------------------------------------------------------
| Other Path Groups Table
| -----------------------
------------------------------------------------------------------------------------------------

Path Group         From Clock         To Clock               WNS(ns)      TNS(ns)  TNS Failing Endpoints  TNS Total Endpoints      WHS(ns)      THS(ns)  THS Failing Endpoints  THS Total Endpoints  
----------         ----------         --------               -------      -------  ---------------------  -------------------      -------      -------  ---------------------  -------------------  
**async_default**  clk_fpga_0         clk_fpga_0              28.606        0.000                      0                  683        0.595        0.000                      0                  683  


------------------------------------------------------------------------------------------------
| Timing Details
| --------------
------------------------------------------------------------------------------------------------


---------------------------------------------------------------------------------------------------
From Clock:  clk_fpga_0
  To Clock:  clk_fpga_0

Setup :            0  Failing Endpoints,  Worst Slack        0.703ns,  Total Violation        0.000ns
Hold  :            0  Failing Endpoints,  Worst Slack        0.018ns,  Total Violation        0.000ns
PW    :            0  Failing Endpoints,  Worst Slack       18.750ns,  Total Violation        0.000ns
---------------------------------------------------------------------------------------------------


Max Delay Paths
--------------------------------------------------------------------------------------
Slack (MET) :             0.703ns  (required time - arrival time)
  Source:                 amoeba_i/dut/inst/u_top/g_dut.dut/top/chip/soc/core/lsu/hptw.hptw/WalkerStateReg/q_reg[3]/C
                            (rising edge-triggered cell FDRE clocked by clk_fpga_0  {rise@0.000ns fall@20.000ns period=40.000ns})
  Destination:            amoeba_i/dut/inst/u_top/g_dut.dut/top/chip/soc/core/lsu/bus.dcache.dcache/CacheWays[3]/word[2].wordram.CacheDataMem/ram.RAM_reg_1/DIBDI[24]
                            (rising edge-triggered cell RAMB36E1 clocked by clk_fpga_0  {rise@0.000ns fall@20.000ns period=40.000ns})
  Path Group:             clk_fpga_0
  Path Type:              Setup (Max at Slow Process Corner)
  Requirement:            40.000ns  (clk_fpga_0 rise@40.000ns - clk_fpga_0 rise@0.000ns)
  Data Path Delay:        38.153ns  (logic 8.187ns (21.458%)  route 29.966ns (78.542%))
  Logic Levels:           41  (CARRY4=6 LUT2=4 LUT3=1 LUT4=7 LUT5=1 LUT6=21 MUXF7=1)
  Clock Path Skew:        -0.098ns (DCD - SCD + CPR)
    Destination Clock Delay (DCD):    2.802ns = ( 42.802 - 40.000 ) 
    Source Clock Delay      (SCD):    3.029ns
    Clock Pessimism Removal (CPR):    0.129ns
  Clock Uncertainty:      0.601ns  ((TSJ^2 + TIJ^2)^1/2 + DJ) / 2 + PE
    Total System Jitter     (TSJ):    0.071ns
    Total Input Jitter      (TIJ):    1.200ns
    Discrete Jitter          (DJ):    0.000ns
    Phase Error              (PE):    0.000ns

    Location             Delay type                Incr(ns)  Path(ns)    Netlist Resource(s)
  -------------------------------------------------------------------    -------------------
                         (clock clk_fpga_0 rise edge)
                                                      0.000     0.000 r  
    PS7_X0Y0             PS7                          0.000     0.000 r  amoeba_i/ps7/inst/PS7_i/FCLKCLK[0]
                         net (fo=1, routed)           1.193     1.193    amoeba_i/ps7/inst/FCLK_CLK_unbuffered[0]
    BUFGCTRL_X0Y16       BUFG (Prop_bufg_I_O)         0.101     1.294 r  amoeba_i/ps7/inst/buffer_fclk_clk_0.FCLK_CLK_0_BUFG/O
                         net (fo=13743, routed)       1.735     3.029    amoeba_i/dut/inst/u_top/g_dut.dut/top/chip/soc/core/lsu/hptw.hptw/WalkerStateReg/aclk
    SLICE_X78Y44         FDRE                                         r  amoeba_i/dut/inst/u_top/g_dut.dut/top/chip/soc/core/lsu/hptw.hptw/WalkerStateReg/q_reg[3]/C
  -------------------------------------------------------------------    -------------------
    SLICE_X78Y44         FDRE (Prop_fdre_C_Q)         0.456     3.485 r  amoeba_i/dut/inst/u_top/g_dut.dut/top/chip/soc/core/lsu/hptw.hptw/WalkerStateReg/q_reg[3]/Q
                         net (fo=106, routed)         1.219     4.704    amoeba_i/dut/inst/u_top/g_dut.dut/top/chip/soc/core/priv.priv/csr/csrs.csrs/SATPreg/WalkerState[2]
    SLICE_X82Y45         LUT6 (Prop_lut6_I0_O)        0.124     4.828 r  amoeba_i/dut/inst/u_top/g_dut.dut/top/chip/soc/core/priv.priv/csr/csrs.csrs/SATPreg/q[26]_i_4/O
                         net (fo=1, routed)           0.466     5.294    amoeba_i/dut/inst/u_top/g_dut.dut/top/chip/soc/core/lsu/hptw.hptw/WalkerStateReg/q_reg[26]_1
    SLICE_X82Y45         LUT4 (Prop_lut4_I3_O)        0.124     5.418 r  amoeba_i/dut/inst/u_top/g_dut.dut/top/chip/soc/core/lsu/hptw.hptw/WalkerStateReg/q[26]_i_2/O
                         net (fo=44, routed)          0.582     6.000    amoeba_i/dut/inst/u_top/g_dut.dut/top/chip/soc/core/lsu/hptw.hptw/WalkerStateReg/q[26]_i_2_n_0
    SLICE_X84Y44         LUT6 (Prop_lut6_I0_O)        0.124     6.124 r  amoeba_i/dut/inst/u_top/g_dut.dut/top/chip/soc/core/lsu/hptw.hptw/WalkerStateReg/q[14]_i_1/O
                         net (fo=17, routed)          1.112     7.236    amoeba_i/dut/inst/u_top/g_dut.dut/top/chip/soc/core/lsu/dmmu.dmmu/tlb.tlb/tlbcam/camlines[5]/keyflop/D[14]
    SLICE_X83Y44         LUT6 (Prop_lut6_I1_O)        0.124     7.360 r  amoeba_i/dut/inst/u_top/g_dut.dut/top/chip/soc/core/lsu/dmmu.dmmu/tlb.tlb/tlbcam/camlines[5]/keyflop/Match10_carry_i_2__1/O
                         net (fo=1, routed)           0.000     7.360    amoeba_i/dut/inst/u_top/g_dut.dut/top/chip/soc/core/lsu/dmmu.dmmu/tlb.tlb/tlbcam/camlines[5]/keyflop_n_4
    SLICE_X83Y44         CARRY4 (Prop_carry4_S[1]_CO[2])
                                                      0.570     7.930 r  amoeba_i/dut/inst/u_top/g_dut.dut/top/chip/soc/core/lsu/dmmu.dmmu/tlb.tlb/tlbcam/camlines[5]/Match10_carry/CO[2]
                         net (fo=1, routed)           1.314     9.244    amoeba_i/dut/inst/u_top/g_dut.dut/top/chip/soc/core/lsu/dmmu.dmmu/tlb.tlb/tlbcam/camlines[5]/pagetypeflop/ram.RAM_reg_1_i_38_1[0]
    SLICE_X94Y51         LUT6 (Prop_lut6_I4_O)        0.313     9.557 f  amoeba_i/dut/inst/u_top/g_dut.dut/top/chip/soc/core/lsu/dmmu.dmmu/tlb.tlb/tlbcam/camlines[5]/pagetypeflop/q[5]_i_3/O
                         net (fo=20, routed)          0.829    10.386    amoeba_i/dut/inst/u_top/g_dut.dut/top/chip/soc/core/lsu/dmmu.dmmu/tlb.tlb/tlbcam/camlines[5]/pagetypeflop/q_reg[1]_0
    SLICE_X98Y53         LUT4 (Prop_lut4_I0_O)        0.124    10.510 f  amoeba_i/dut/inst/u_top/g_dut.dut/top/chip/soc/core/lsu/dmmu.dmmu/tlb.tlb/tlbcam/camlines[5]/pagetypeflop/q[5]_i_2__0/O
                         net (fo=44, routed)          1.260    11.770    amoeba_i/dut/inst/u_top/g_dut.dut/top/chip/soc/core/lsu/dmmu.dmmu/tlb.tlb/tlbcam/camlines[7]/pagetypeflop/q[7]_i_3__1_1
    SLICE_X86Y52         LUT4 (Prop_lut4_I3_O)        0.124    11.894 f  amoeba_i/dut/inst/u_top/g_dut.dut/top/chip/soc/core/lsu/dmmu.dmmu/tlb.tlb/tlbcam/camlines[7]/pagetypeflop/q[0]_i_4__1/O
                         net (fo=2, routed)           0.691    12.586    amoeba_i/dut/inst/u_top/g_dut.dut/top/chip/soc/core/lsu/dmmu.dmmu/tlb.tlb/tlbcam/camlines[7]/pagetypeflop/q[0]_i_4__1_n_0
    SLICE_X86Y52         LUT6 (Prop_lut6_I0_O)        0.124    12.710 r  amoeba_i/dut/inst/u_top/g_dut.dut/top/chip/soc/core/lsu/dmmu.dmmu/tlb.tlb/tlbcam/camlines[7]/pagetypeflop/q[7]_i_3__1/O
                         net (fo=2, routed)           0.791    13.501    amoeba_i/dut/inst/u_top/g_dut.dut/top/chip/soc/core/lsu/dmmu.dmmu/tlb.tlb/tlbcam/camlines[3]/pagetypeflop/ram.RAM_reg_0_32
    SLICE_X91Y54         LUT4 (Prop_lut4_I3_O)        0.124    13.625 f  amoeba_i/dut/inst/u_top/g_dut.dut/top/chip/soc/core/lsu/dmmu.dmmu/tlb.tlb/tlbcam/camlines[3]/pagetypeflop/ram.RAM_reg_0_i_56__3/O
                         net (fo=13, routed)          0.869    14.494    amoeba_i/dut/inst/u_top/g_dut.dut/top/chip/soc/core/lsu/dmmu.dmmu/tlb.tlb/tlbcam/camlines[3]/pagetypeflop/q_reg[1]_0
    SLICE_X87Y55         LUT4 (Prop_lut4_I0_O)        0.124    14.618 r  amoeba_i/dut/inst/u_top/g_dut.dut/top/chip/soc/core/lsu/dmmu.dmmu/tlb.tlb/tlbcam/camlines[3]/pagetypeflop/ram.RAM_reg_0_i_13__3/O
                         net (fo=11, routed)          0.873    15.491    amoeba_i/dut/inst/u_top/g_dut.dut/top/chip/soc/core/lsu/dmmu.dmmu/tlb.tlb/tlbcam/camlines[3]/pagetypeflop/STATUS_MPP_reg[0][6]
    SLICE_X90Y55         LUT6 (Prop_lut6_I3_O)        0.124    15.615 r  amoeba_i/dut/inst/u_top/g_dut.dut/top/chip/soc/core/lsu/dmmu.dmmu/tlb.tlb/tlbcam/camlines[3]/pagetypeflop/WriteAdrMatchM1_carry__0_i_3/O
                         net (fo=1, routed)           0.000    15.615    amoeba_i/dut/inst/u_top/g_dut.dut/top/chip/soc/core/lsu/atomic.atomic/lrsc/WriteAdrMatchM1_carry__1_0[1]
    SLICE_X90Y55         CARRY4 (Prop_carry4_S[1]_CO[3])
                                                      0.533    16.148 r  amoeba_i/dut/inst/u_top/g_dut.dut/top/chip/soc/core/lsu/atomic.atomic/lrsc/WriteAdrMatchM1_carry__0/CO[3]
                         net (fo=1, routed)           0.000    16.148    amoeba_i/dut/inst/u_top/g_dut.dut/top/chip/soc/core/lsu/atomic.atomic/lrsc/WriteAdrMatchM1_carry__0_n_0
    SLICE_X90Y56         CARRY4 (Prop_carry4_CI_CO[3])
                                                      0.117    16.265 r  amoeba_i/dut/inst/u_top/g_dut.dut/top/chip/soc/core/lsu/atomic.atomic/lrsc/WriteAdrMatchM1_carry__1/CO[3]
                         net (fo=1, routed)           0.000    16.265    amoeba_i/dut/inst/u_top/g_dut.dut/top/chip/soc/core/lsu/atomic.atomic/lrsc/WriteAdrMatchM1_carry__1_n_0
    SLICE_X90Y57         CARRY4 (Prop_carry4_CI_CO[3])
                                                      0.117    16.382 r  amoeba_i/dut/inst/u_top/g_dut.dut/top/chip/soc/core/lsu/atomic.atomic/lrsc/WriteAdrMatchM1_carry__2/CO[3]
                         net (fo=1, routed)           0.000    16.382    amoeba_i/dut/inst/u_top/g_dut.dut/top/chip/soc/core/lsu/atomic.atomic/lrsc/WriteAdrMatchM1_carry__2_n_0
    SLICE_X90Y58         CARRY4 (Prop_carry4_CI_CO[1])
                                                      0.157    16.539 r  amoeba_i/dut/inst/u_top/g_dut.dut/top/chip/soc/core/lsu/atomic.atomic/lrsc/WriteAdrMatchM1_carry__3/CO[1]
                         net (fo=3, routed)           1.157    17.696    amoeba_i/dut/inst/u_top/g_dut.dut/top/chip/soc/core/lsu/lrsc/WriteAdrMatchM1__158
    SLICE_X75Y48         LUT6 (Prop_lut6_I2_O)        0.332    18.028 f  amoeba_i/dut/inst/u_top/g_dut.dut/top/chip/soc/core/lsu/lrsc/SquashSCM/O
                         net (fo=3, routed)           0.307    18.335    amoeba_i/dut/inst/u_top/g_dut.dut/top/chip/soc/core/lsu/hptw.hptw/WalkerStateReg/SquashSCM
    SLICE_X75Y49         LUT3 (Prop_lut3_I1_O)        0.124    18.459 r  amoeba_i/dut/inst/u_top/g_dut.dut/top/chip/soc/core/lsu/hptw.hptw/WalkerStateReg/ram.RAM_reg_0_i_167__0/O
                         net (fo=4, routed)           0.755    19.214    amoeba_i/dut/inst/u_top/g_dut.dut/top/chip/soc/core/lsu/bus.dcache.dcache/CacheWays[2]/CacheTagMem/bus.dcache.CacheRWM[1]
    SLICE_X80Y50         LUT6 (Prop_lut6_I4_O)        0.124    19.338 f  amoeba_i/dut/inst/u_top/g_dut.dut/top/chip/soc/core/lsu/bus.dcache.dcache/CacheWays[2]/CacheTagMem/ram.RAM_reg_0_i_44/O
                         net (fo=6, routed)           0.912    20.249    amoeba_i/dut/inst/u_top/g_dut.dut/top/chip/soc/core/lsu/bus.dcache.dcache/cachefsm/ram.RAM_reg_1
    SLICE_X68Y49         LUT2 (Prop_lut2_I1_O)        0.124    20.373 r  amoeba_i/dut/inst/u_top/g_dut.dut/top/chip/soc/core/lsu/bus.dcache.dcache/cachefsm/FSM_onehot_CurrState[5]_i_2/O
                         net (fo=5, routed)           0.656    21.029    amoeba_i/dut/inst/u_top/g_dut.dut/top/chip/soc/core/lsu/bus.dcache.dcache/cachefsm/FSM_onehot_CurrState[5]_i_2_n_0
    SLICE_X67Y50         LUT4 (Prop_lut4_I1_O)        0.119    21.148 r  amoeba_i/dut/inst/u_top/g_dut.dut/top/chip/soc/core/lsu/bus.dcache.dcache/cachefsm/i__i_15__2/O
                         net (fo=46, routed)          0.611    21.759    amoeba_i/dut/inst/u_top/g_dut.dut/top/chip/soc/core/lsu/bus.dcache.dcache/cachefsm/SelWriteback
    SLICE_X66Y50         LUT2 (Prop_lut2_I0_O)        0.332    22.091 r  amoeba_i/dut/inst/u_top/g_dut.dut/top/chip/soc/core/lsu/bus.dcache.dcache/cachefsm/i__i_5__2/O
                         net (fo=24, routed)          0.513    22.604    amoeba_i/dut/inst/u_top/g_dut.dut/top/chip/soc/core/lsu/bus.dcache.dcache/CacheWays[1]/CacheTagMem/SelVictim
    SLICE_X62Y51         LUT6 (Prop_lut6_I4_O)        0.124    22.728 r  amoeba_i/dut/inst/u_top/g_dut.dut/top/chip/soc/core/lsu/bus.dcache.dcache/CacheWays[1]/CacheTagMem/q[47]_i_52/O
                         net (fo=128, routed)         1.951    24.679    amoeba_i/dut/inst/u_top/g_dut.dut/top/chip/soc/core/lsu/bus.dcache.dcache/CacheWays[1]/CacheTagMem/q[47]_i_52_n_0
    SLICE_X32Y44         LUT2 (Prop_lut2_I0_O)        0.117    24.796 r  amoeba_i/dut/inst/u_top/g_dut.dut/top/chip/soc/core/lsu/bus.dcache.dcache/CacheWays[1]/CacheTagMem/q[15]_i_33/O
                         net (fo=1, routed)           0.671    25.467    amoeba_i/dut/inst/u_top/g_dut.dut/top/chip/soc/core/lsu/bus.dcache.dcache/EarlyReturnMux/ReadDataLineWay[1]_102[463]
    SLICE_X32Y45         LUT6 (Prop_lut6_I3_O)        0.348    25.815 r  amoeba_i/dut/inst/u_top/g_dut.dut/top/chip/soc/core/lsu/bus.dcache.dcache/EarlyReturnMux/q[15]_i_11/O
                         net (fo=1, routed)           1.303    27.118    amoeba_i/dut/inst/u_top/g_dut.dut/top/chip/soc/core/lsu/bus.dcache.dcache/subcachelineread/ReadDataLine[463]
    SLICE_X48Y48         LUT6 (Prop_lut6_I0_O)        0.124    27.242 r  amoeba_i/dut/inst/u_top/g_dut.dut/top/chip/soc/core/lsu/bus.dcache.dcache/subcachelineread/q[15]_i_5/O
                         net (fo=1, routed)           0.000    27.242    amoeba_i/dut/inst/u_top/g_dut.dut/top/chip/soc/core/lsu/bus.dcache.dcache/subcachelineread/q[15]_i_5_n_0
    SLICE_X48Y48         MUXF7 (Prop_muxf7_I1_O)      0.217    27.459 r  amoeba_i/dut/inst/u_top/g_dut.dut/top/chip/soc/core/lsu/bus.dcache.dcache/subcachelineread/q_reg[15]_i_2/O
                         net (fo=3, routed)           0.494    27.953    amoeba_i/dut/inst/u_top/g_dut.dut/top/chip/soc/core/lsu/bus.dcache.dcache/CacheWays[3]/CacheTagMem/DCacheReadDataWordM[15]
    SLICE_X47Y46         LUT6 (Prop_lut6_I3_O)        0.299    28.252 r  amoeba_i/dut/inst/u_top/g_dut.dut/top/chip/soc/core/lsu/bus.dcache.dcache/CacheWays[3]/CacheTagMem/y0_carry__2_i_10/O
                         net (fo=4, routed)           0.964    29.217    amoeba_i/dut/inst/u_top/g_dut.dut/top/chip/soc/core/lsu/bus.dcache.dcache/CacheWays[3]/CacheTagMem/data6[15]
    SLICE_X46Y42         LUT6 (Prop_lut6_I1_O)        0.124    29.341 r  amoeba_i/dut/inst/u_top/g_dut.dut/top/chip/soc/core/lsu/bus.dcache.dcache/CacheWays[3]/CacheTagMem/y0_carry__0_i_11/O
                         net (fo=11, routed)          0.524    29.864    amoeba_i/dut/inst/u_top/g_dut.dut/top/chip/soc/core/lsu/hptw.hptw/WalkerStateReg/q_reg[31]_0
    SLICE_X46Y44         LUT6 (Prop_lut6_I2_O)        0.124    29.988 r  amoeba_i/dut/inst/u_top/g_dut.dut/top/chip/soc/core/lsu/hptw.hptw/WalkerStateReg/y0_carry__7_i_11/O
                         net (fo=129, routed)         1.142    31.131    amoeba_i/dut/inst/u_top/g_dut.dut/top/chip/soc/core/lsu/hptw.hptw/WalkerStateReg/y0_carry__7_i_11_n_0
    SLICE_X45Y49         LUT5 (Prop_lut5_I4_O)        0.150    31.281 r  amoeba_i/dut/inst/u_top/g_dut.dut/top/chip/soc/core/lsu/hptw.hptw/WalkerStateReg/q[63]_i_5__1/O
                         net (fo=7, routed)           0.678    31.959    amoeba_i/dut/inst/u_top/g_dut.dut/top/chip/soc/core/lsu/hptw.hptw/WalkerStateReg/q_reg[63]
    SLICE_X44Y45         LUT6 (Prop_lut6_I2_O)        0.326    32.285 r  amoeba_i/dut/inst/u_top/g_dut.dut/top/chip/soc/core/lsu/hptw.hptw/WalkerStateReg/lt_carry__2_i_1__0/O
                         net (fo=1, routed)           0.480    32.765    amoeba_i/dut/inst/u_top/g_dut.dut/top/chip/soc/core/lsu/atomic.atomic/amoalu/cmpupper/DI[3]
    SLICE_X42Y45         CARRY4 (Prop_carry4_DI[3]_CO[3])
                                                      0.396    33.161 r  amoeba_i/dut/inst/u_top/g_dut.dut/top/chip/soc/core/lsu/atomic.atomic/amoalu/cmpupper/lt_carry__2/CO[3]
                         net (fo=2, routed)           0.759    33.920    amoeba_i/dut/inst/u_top/g_dut.dut/top/chip/soc/core/lsu/hptw.hptw/WalkerStateReg/CO[0]
    SLICE_X41Y43         LUT6 (Prop_lut6_I1_O)        0.124    34.044 r  amoeba_i/dut/inst/u_top/g_dut.dut/top/chip/soc/core/lsu/hptw.hptw/WalkerStateReg/ram.RAM_reg_0_i_175__0/O
                         net (fo=112, routed)         0.838    34.882    amoeba_i/dut/inst/u_top/g_dut.dut/top/chip/soc/core/lsu/hptw.hptw/WalkerStateReg/ram.RAM_reg_0_i_175__0_n_0
    SLICE_X34Y43         LUT2 (Prop_lut2_I0_O)        0.116    34.998 r  amoeba_i/dut/inst/u_top/g_dut.dut/top/chip/soc/core/lsu/hptw.hptw/WalkerStateReg/ram.RAM_reg_0_i_256/O
                         net (fo=1, routed)           0.484    35.482    amoeba_i/dut/inst/u_top/g_dut.dut/top/chip/soc/core/lsu/hptw.hptw/WalkerStateReg/ram.RAM_reg_0_i_256_n_0
    SLICE_X35Y43         LUT6 (Prop_lut6_I5_O)        0.328    35.810 r  amoeba_i/dut/inst/u_top/g_dut.dut/top/chip/soc/core/lsu/hptw.hptw/WalkerStateReg/ram.RAM_reg_0_i_197__0/O
                         net (fo=1, routed)           0.428    36.238    amoeba_i/dut/inst/u_top/g_dut.dut/top/chip/soc/core/lsu/hptw.hptw/WalkerStateReg/ram.RAM_reg_0_i_197__0_n_0
    SLICE_X35Y44         LUT6 (Prop_lut6_I2_O)        0.124    36.362 r  amoeba_i/dut/inst/u_top/g_dut.dut/top/chip/soc/core/lsu/hptw.hptw/WalkerStateReg/ram.RAM_reg_0_i_121__0/O
                         net (fo=12, routed)          0.402    36.765    amoeba_i/dut/inst/u_top/g_dut.dut/top/chip/soc/core/lsu/hptw.hptw/WalkerStateReg/q_reg[11]_2[0]
    SLICE_X35Y45         LUT6 (Prop_lut6_I0_O)        0.124    36.889 r  amoeba_i/dut/inst/u_top/g_dut.dut/top/chip/soc/core/lsu/hptw.hptw/WalkerStateReg/q[56]_i_3/O
                         net (fo=8, routed)           0.990    37.879    amoeba_i/dut/inst/u_top/g_dut.dut/top/chip/soc/core/lsu/subwordwrite/ram.RAM_reg_1_0
    SLICE_X52Y44         LUT6 (Prop_lut6_I0_O)        0.124    38.003 r  amoeba_i/dut/inst/u_top/g_dut.dut/top/chip/soc/core/lsu/subwordwrite/ram.RAM_reg_0_i_130/O
                         net (fo=8, routed)           1.105    39.108    amoeba_i/dut/inst/u_top/g_dut.dut/top/chip/soc/core/lsu/bus.dcache.ahbcacheinterface/AHBBuscachefsm/BeatCountReg/LSUWriteDataM[48]
    SLICE_X25Y44         LUT6 (Prop_lut6_I5_O)        0.124    39.232 r  amoeba_i/dut/inst/u_top/g_dut.dut/top/chip/soc/core/lsu/bus.dcache.ahbcacheinterface/AHBBuscachefsm/BeatCountReg/ram.RAM_reg_1_i_84__1/O
                         net (fo=4, routed)           1.072    40.304    amoeba_i/dut/inst/u_top/g_dut.dut/top/chip/soc/core/lsu/bus.dcache.dcache/cachefsm/LineWriteData[16]
    SLICE_X14Y44         LUT4 (Prop_lut4_I3_O)        0.116    40.420 r  amoeba_i/dut/inst/u_top/g_dut.dut/top/chip/soc/core/lsu/bus.dcache.dcache/cachefsm/word[2].wordram.CacheDataMem/ram.RAM_reg_1_i_40/O
                         net (fo=1, routed)           0.762    41.182    amoeba_i/dut/inst/u_top/g_dut.dut/top/chip/soc/core/lsu/bus.dcache.dcache/CacheWays[3]/word[2].wordram.CacheDataMem/p_1_in0_in[120]
    RAMB36_X0Y9          RAMB36E1                                     r  amoeba_i/dut/inst/u_top/g_dut.dut/top/chip/soc/core/lsu/bus.dcache.dcache/CacheWays[3]/word[2].wordram.CacheDataMem/ram.RAM_reg_1/DIBDI[24]
  -------------------------------------------------------------------    -------------------

                         (clock clk_fpga_0 rise edge)
                                                     40.000    40.000 r  
    PS7_X0Y0             PS7                          0.000    40.000 r  amoeba_i/ps7/inst/PS7_i/FCLKCLK[0]
                         net (fo=1, routed)           1.088    41.088    amoeba_i/ps7/inst/FCLK_CLK_unbuffered[0]
    BUFGCTRL_X0Y16       BUFG (Prop_bufg_I_O)         0.091    41.179 r  amoeba_i/ps7/inst/buffer_fclk_clk_0.FCLK_CLK_0_BUFG/O
                         net (fo=13743, routed)       1.623    42.802    amoeba_i/dut/inst/u_top/g_dut.dut/top/chip/soc/core/lsu/bus.dcache.dcache/CacheWays[3]/word[2].wordram.CacheDataMem/aclk
    RAMB36_X0Y9          RAMB36E1                                     r  amoeba_i/dut/inst/u_top/g_dut.dut/top/chip/soc/core/lsu/bus.dcache.dcache/CacheWays[3]/word[2].wordram.CacheDataMem/ram.RAM_reg_1/CLKBWRCLK
                         clock pessimism              0.129    42.931    
                         clock uncertainty           -0.601    42.330    
    RAMB36_X0Y9          RAMB36E1 (Setup_ramb36e1_CLKBWRCLK_DIBDI[24])
                                                     -0.445    41.885    amoeba_i/dut/inst/u_top/g_dut.dut/top/chip/soc/core/lsu/bus.dcache.dcache/CacheWays[3]/word[2].wordram.CacheDataMem/ram.RAM_reg_1
  -------------------------------------------------------------------
                         required time                         41.885    
                         arrival time                         -41.182    
  -------------------------------------------------------------------
                         slack                                  0.703    





Min Delay Paths
--------------------------------------------------------------------------------------
Slack (MET) :             0.018ns  (arrival time - required time)
  Source:                 amoeba_i/dut/inst/u_top/g_dut.dut/top/chip/soc/core/priv.priv/ppr/faultregE/q_reg[2]/C
                            (rising edge-triggered cell FDRE clocked by clk_fpga_0  {rise@0.000ns fall@20.000ns period=40.000ns})
  Destination:            amoeba_i/dut/inst/u_top/g_dut.dut/top/chip/soc/core/priv.priv/ppr/faultregM/q_reg[2]/D
                            (rising edge-triggered cell FDRE clocked by clk_fpga_0  {rise@0.000ns fall@20.000ns period=40.000ns})
  Path Group:             clk_fpga_0
  Path Type:              Hold (Min at Fast Process Corner)
  Requirement:            0.000ns  (clk_fpga_0 rise@0.000ns - clk_fpga_0 rise@0.000ns)
  Data Path Delay:        0.342ns  (logic 0.141ns (41.193%)  route 0.201ns (58.807%))
  Logic Levels:           0  
  Clock Path Skew:        0.258ns (DCD - SCD - CPR)
    Destination Clock Delay (DCD):    1.186ns
    Source Clock Delay      (SCD):    0.893ns
    Clock Pessimism Removal (CPR):    0.035ns

    Location             Delay type                Incr(ns)  Path(ns)    Netlist Resource(s)
  -------------------------------------------------------------------    -------------------
                         (clock clk_fpga_0 rise edge)
                                                      0.000     0.000 r  
    PS7_X0Y0             PS7                          0.000     0.000 r  amoeba_i/ps7/inst/PS7_i/FCLKCLK[0]
                         net (fo=1, routed)           0.310     0.310    amoeba_i/ps7/inst/FCLK_CLK_unbuffered[0]
    BUFGCTRL_X0Y16       BUFG (Prop_bufg_I_O)         0.026     0.336 r  amoeba_i/ps7/inst/buffer_fclk_clk_0.FCLK_CLK_0_BUFG/O
                         net (fo=13743, routed)       0.557     0.893    amoeba_i/dut/inst/u_top/g_dut.dut/top/chip/soc/core/priv.priv/ppr/faultregE/aclk
    SLICE_X49Y34         FDRE                                         r  amoeba_i/dut/inst/u_top/g_dut.dut/top/chip/soc/core/priv.priv/ppr/faultregE/q_reg[2]/C
  -------------------------------------------------------------------    -------------------
    SLICE_X49Y34         FDRE (Prop_fdre_C_Q)         0.141     1.034 r  amoeba_i/dut/inst/u_top/g_dut.dut/top/chip/soc/core/priv.priv/ppr/faultregE/q_reg[2]/Q
                         net (fo=1, routed)           0.201     1.235    amoeba_i/dut/inst/u_top/g_dut.dut/top/chip/soc/core/priv.priv/ppr/faultregM/D[2]
    SLICE_X53Y35         FDRE                                         r  amoeba_i/dut/inst/u_top/g_dut.dut/top/chip/soc/core/priv.priv/ppr/faultregM/q_reg[2]/D
  -------------------------------------------------------------------    -------------------

                         (clock clk_fpga_0 rise edge)
                                                      0.000     0.000 r  
    PS7_X0Y0             PS7                          0.000     0.000 r  amoeba_i/ps7/inst/PS7_i/FCLKCLK[0]
                         net (fo=1, routed)           0.337     0.337    amoeba_i/ps7/inst/FCLK_CLK_unbuffered[0]
    BUFGCTRL_X0Y16       BUFG (Prop_bufg_I_O)         0.029     0.366 r  amoeba_i/ps7/inst/buffer_fclk_clk_0.FCLK_CLK_0_BUFG/O
                         net (fo=13743, routed)       0.820     1.186    amoeba_i/dut/inst/u_top/g_dut.dut/top/chip/soc/core/priv.priv/ppr/faultregM/aclk
    SLICE_X53Y35         FDRE                                         r  amoeba_i/dut/inst/u_top/g_dut.dut/top/chip/soc/core/priv.priv/ppr/faultregM/q_reg[2]/C
                         clock pessimism             -0.035     1.151    
    SLICE_X53Y35         FDRE (Hold_fdre_C_D)         0.066     1.217    amoeba_i/dut/inst/u_top/g_dut.dut/top/chip/soc/core/priv.priv/ppr/faultregM/q_reg[2]
  -------------------------------------------------------------------
                         required time                         -1.217    
                         arrival time                           1.235    
  -------------------------------------------------------------------
                         slack                                  0.018    





Pulse Width Checks
--------------------------------------------------------------------------------------
Clock Name:         clk_fpga_0
Waveform(ns):       { 0.000 20.000 }
Period(ns):         40.000
Sources:            { amoeba_i/ps7/inst/PS7_i/FCLKCLK[0] }

Check Type        Corner  Lib Pin             Reference Pin  Required(ns)  Actual(ns)  Slack(ns)  Location      Pin
Min Period        n/a     RAMB18E1/CLKARDCLK  n/a            2.944         40.000      37.056     RAMB18_X4Y10  amoeba_i/dut/inst/u_top/g_dut.dut/top/chip/soc/core/ifu/bpred.bpred/TargetPredictor/memory/ram.RAM_reg_0/CLKARDCLK
Low Pulse Width   Slow    RAMD32/CLK          n/a            1.250         20.000      18.750     SLICE_X50Y92  amoeba_i/dut/inst/u_top/g_dut.dut/slave/rbuf_reg_0_7_0_5/RAMA/CLK
High Pulse Width  Slow    RAMD32/CLK          n/a            1.250         20.000      18.750     SLICE_X50Y92  amoeba_i/dut/inst/u_top/g_dut.dut/slave/rbuf_reg_0_7_0_5/RAMA/CLK



---------------------------------------------------------------------------------------------------
Path Group:  **async_default**
From Clock:  clk_fpga_0
  To Clock:  clk_fpga_0

Setup :            0  Failing Endpoints,  Worst Slack       28.606ns,  Total Violation        0.000ns
Hold  :            0  Failing Endpoints,  Worst Slack        0.595ns,  Total Violation        0.000ns
---------------------------------------------------------------------------------------------------


Max Delay Paths
--------------------------------------------------------------------------------------
Slack (MET) :             28.606ns  (required time - arrival time)
  Source:                 amoeba_i/dut/inst/u_top/lead_cnt_reg[1]/C
                            (rising edge-triggered cell FDRE clocked by clk_fpga_0  {rise@0.000ns fall@20.000ns period=40.000ns})
  Destination:            amoeba_i/dut/inst/u_top/g_mem.mem/adapter/mem_addr_reg[14]_rep__18/CLR
                            (recovery check against rising-edge clock clk_fpga_0  {rise@0.000ns fall@20.000ns period=40.000ns})
  Path Group:             **async_default**
  Path Type:              Recovery (Max at Slow Process Corner)
  Requirement:            40.000ns  (clk_fpga_0 rise@40.000ns - clk_fpga_0 rise@0.000ns)
  Data Path Delay:        10.551ns  (logic 0.842ns (7.980%)  route 9.709ns (92.020%))
  Logic Levels:           2  (LUT3=1 LUT5=1)
  Clock Path Skew:        0.077ns (DCD - SCD + CPR)
    Destination Clock Delay (DCD):    2.877ns = ( 42.877 - 40.000 ) 
    Source Clock Delay      (SCD):    2.929ns
    Clock Pessimism Removal (CPR):    0.129ns
  Clock Uncertainty:      0.601ns  ((TSJ^2 + TIJ^2)^1/2 + DJ) / 2 + PE
    Total System Jitter     (TSJ):    0.071ns
    Total Input Jitter      (TIJ):    1.200ns
    Discrete Jitter          (DJ):    0.000ns
    Phase Error              (PE):    0.000ns

    Location             Delay type                Incr(ns)  Path(ns)    Netlist Resource(s)
  -------------------------------------------------------------------    -------------------
                         (clock clk_fpga_0 rise edge)
                                                      0.000     0.000 r  
    PS7_X0Y0             PS7                          0.000     0.000 r  amoeba_i/ps7/inst/PS7_i/FCLKCLK[0]
                         net (fo=1, routed)           1.193     1.193    amoeba_i/ps7/inst/FCLK_CLK_unbuffered[0]
    BUFGCTRL_X0Y16       BUFG (Prop_bufg_I_O)         0.101     1.294 r  amoeba_i/ps7/inst/buffer_fclk_clk_0.FCLK_CLK_0_BUFG/O
                         net (fo=13743, routed)       1.635     2.929    amoeba_i/dut/inst/u_top/aclk
    SLICE_X35Y77         FDRE                                         r  amoeba_i/dut/inst/u_top/lead_cnt_reg[1]/C
  -------------------------------------------------------------------    -------------------
    SLICE_X35Y77         FDRE (Prop_fdre_C_Q)         0.419     3.348 f  amoeba_i/dut/inst/u_top/lead_cnt_reg[1]/Q
                         net (fo=5, routed)           0.760     4.108    amoeba_i/dut/inst/u_top/probe/lead_cnt_reg[1]
    SLICE_X35Y77         LUT5 (Prop_lut5_I1_O)        0.299     4.407 f  amoeba_i/dut/inst/u_top/probe/lead_cnt[3]_i_2/O
                         net (fo=6, routed)           0.765     5.172    amoeba_i/dut/inst/u_top/ctl/state_q_reg[15][0]
    SLICE_X36Y78         LUT3 (Prop_lut3_I1_O)        0.124     5.296 f  amoeba_i/dut/inst/u_top/ctl/m_ahb_hsel_INST_0_i_1/O
                         net (fo=1070, routed)        8.185    13.480    amoeba_i/dut/inst/u_top/g_mem.mem/adapter/core_reset_ext
    SLICE_X54Y128        FDCE                                         f  amoeba_i/dut/inst/u_top/g_mem.mem/adapter/mem_addr_reg[14]_rep__18/CLR
  -------------------------------------------------------------------    -------------------

                         (clock clk_fpga_0 rise edge)
                                                     40.000    40.000 r  
    PS7_X0Y0             PS7                          0.000    40.000 r  amoeba_i/ps7/inst/PS7_i/FCLKCLK[0]
                         net (fo=1, routed)           1.088    41.088    amoeba_i/ps7/inst/FCLK_CLK_unbuffered[0]
    BUFGCTRL_X0Y16       BUFG (Prop_bufg_I_O)         0.091    41.179 r  amoeba_i/ps7/inst/buffer_fclk_clk_0.FCLK_CLK_0_BUFG/O
                         net (fo=13743, routed)       1.698    42.877    amoeba_i/dut/inst/u_top/g_mem.mem/adapter/aclk
    SLICE_X54Y128        FDCE                                         r  amoeba_i/dut/inst/u_top/g_mem.mem/adapter/mem_addr_reg[14]_rep__18/C
                         clock pessimism              0.129    43.006    
                         clock uncertainty           -0.601    42.405    
    SLICE_X54Y128        FDCE (Recov_fdce_C_CLR)     -0.319    42.086    amoeba_i/dut/inst/u_top/g_mem.mem/adapter/mem_addr_reg[14]_rep__18
  -------------------------------------------------------------------
                         required time                         42.086    
                         arrival time                         -13.480    
  -------------------------------------------------------------------
                         slack                                 28.606    





Min Delay Paths
--------------------------------------------------------------------------------------
Slack (MET) :             0.595ns  (arrival time - required time)
  Source:                 amoeba_i/dut/inst/u_top/g_dut.dut/top/chip/rstsync/q_reg[1]/C
                            (rising edge-triggered cell FDCE clocked by clk_fpga_0  {rise@0.000ns fall@20.000ns period=40.000ns})
  Destination:            amoeba_i/dut/inst/u_top/g_dut.dut/top/chip/train/cnt_reg[1]/CLR
                            (removal check against rising-edge clock clk_fpga_0  {rise@0.000ns fall@20.000ns period=40.000ns})
  Path Group:             **async_default**
  Path Type:              Removal (Min at Fast Process Corner)
  Requirement:            0.000ns  (clk_fpga_0 rise@0.000ns - clk_fpga_0 rise@0.000ns)
  Data Path Delay:        0.761ns  (logic 0.209ns (27.451%)  route 0.552ns (72.549%))
  Logic Levels:           1  (LUT1=1)
  Clock Path Skew:        0.258ns (DCD - SCD - CPR)
    Destination Clock Delay (DCD):    1.173ns
    Source Clock Delay      (SCD):    0.880ns
    Clock Pessimism Removal (CPR):    0.035ns

    Location             Delay type                Incr(ns)  Path(ns)    Netlist Resource(s)
  -------------------------------------------------------------------    -------------------
                         (clock clk_fpga_0 rise edge)
                                                      0.000     0.000 r  
    PS7_X0Y0             PS7                          0.000     0.000 r  amoeba_i/ps7/inst/PS7_i/FCLKCLK[0]
                         net (fo=1, routed)           0.310     0.310    amoeba_i/ps7/inst/FCLK_CLK_unbuffered[0]
    BUFGCTRL_X0Y16       BUFG (Prop_bufg_I_O)         0.026     0.336 r  amoeba_i/ps7/inst/buffer_fclk_clk_0.FCLK_CLK_0_BUFG/O
                         net (fo=13743, routed)       0.544     0.880    amoeba_i/dut/inst/u_top/g_dut.dut/top/chip/rstsync/aclk
    SLICE_X46Y73         FDCE                                         r  amoeba_i/dut/inst/u_top/g_dut.dut/top/chip/rstsync/q_reg[1]/C
  -------------------------------------------------------------------    -------------------
    SLICE_X46Y73         FDCE (Prop_fdce_C_Q)         0.164     1.044 r  amoeba_i/dut/inst/u_top/g_dut.dut/top/chip/rstsync/q_reg[1]/Q
                         net (fo=2, routed)           0.235     1.279    amoeba_i/dut/inst/u_top/g_dut.dut/top/chip/rstsync/Q[0]
    SLICE_X46Y73         LUT1 (Prop_lut1_I0_O)        0.045     1.324 f  amoeba_i/dut/inst/u_top/g_dut.dut/top/chip/rstsync/FSM_sequential_st[2]_i_2/O
                         net (fo=86, routed)          0.317     1.641    amoeba_i/dut/inst/u_top/g_dut.dut/top/chip/train/FSM_sequential_st_reg[2]_0
    SLICE_X51Y72         FDCE                                         f  amoeba_i/dut/inst/u_top/g_dut.dut/top/chip/train/cnt_reg[1]/CLR
  -------------------------------------------------------------------    -------------------

                         (clock clk_fpga_0 rise edge)
                                                      0.000     0.000 r  
    PS7_X0Y0             PS7                          0.000     0.000 r  amoeba_i/ps7/inst/PS7_i/FCLKCLK[0]
                         net (fo=1, routed)           0.337     0.337    amoeba_i/ps7/inst/FCLK_CLK_unbuffered[0]
    BUFGCTRL_X0Y16       BUFG (Prop_bufg_I_O)         0.029     0.366 r  amoeba_i/ps7/inst/buffer_fclk_clk_0.FCLK_CLK_0_BUFG/O
                         net (fo=13743, routed)       0.807     1.173    amoeba_i/dut/inst/u_top/g_dut.dut/top/chip/train/aclk
    SLICE_X51Y72         FDCE                                         r  amoeba_i/dut/inst/u_top/g_dut.dut/top/chip/train/cnt_reg[1]/C
                         clock pessimism             -0.035     1.138    
    SLICE_X51Y72         FDCE (Remov_fdce_C_CLR)     -0.092     1.046    amoeba_i/dut/inst/u_top/g_dut.dut/top/chip/train/cnt_reg[1]
  -------------------------------------------------------------------
                         required time                         -1.046    
                         arrival time                           1.641    
  -------------------------------------------------------------------
                         slack                                  0.595    





