Copyright 1986-2022 Xilinx, Inc. All Rights Reserved. Copyright 2022-2024 Advanced Micro Devices, Inc. All Rights Reserved.
-----------------------------------------------------------------------------------------------------------------------------------------------
| Tool Version : Vivado v.2024.1 (lin64) Build 5076996 Wed May 22 18:36:09 MDT 2024
| Date         : Tue Sep  8 11:54:30 2026
| Host         : ved-vyas-ASUS-Vivobook-S-14-M5406WA-M5406WA running 64-bit Ubuntu 24.04.4 LTS
| Command      : report_timing_summary -file /home/ved-vyas/Documents/ece427/free-rtos-regression/fpga/pynq/bit/baremetal_linux-AXI/timing.rpt
| Design       : amoeba_wrapper
| Device       : 7z020-clg400
| Speed File   : -1  PRODUCTION 1.12 2019-11-22
| Design State : Routed
-----------------------------------------------------------------------------------------------------------------------------------------------

Timing Summary Report

------------------------------------------------------------------------------------------------
| Timer Settings
| --------------
------------------------------------------------------------------------------------------------

  Enable Multi Corner Analysis               :  Yes
  Enable Pessimism Removal                   :  Yes
  Pessimism Removal Resolution               :  Nearest Common Node
  Enable Input Delay Default Clock           :  No
  Enable Preset / Clear Arcs                 :  No
  Disable Flight Delays                      :  No
  Ignore I/O Paths                           :  No
  Timing Early Launch at Borrowing Latches   :  No
  Borrow Time for Max Delay Exceptions       :  Yes
  Merge Timing Exceptions                    :  Yes
  Inter-SLR Compensation                     :  Conservative

  Corner  Analyze    Analyze    
  Name    Max Paths  Min Paths  
  ------  ---------  ---------  
  Slow    Yes        Yes        
  Fast    Yes        Yes        


------------------------------------------------------------------------------------------------
| Report Methodology
| ------------------
------------------------------------------------------------------------------------------------

Rule     Severity  Description                   Violations  
-------  --------  ----------------------------  ----------  
LUTAR-1  Warning   LUT drives async reset alert  3           

Note: This report is based on the most recent report_methodology run and may not be up-to-date. Run report_methodology on the current design for the latest report.



check_timing report

Table of Contents
-----------------
1. checking no_clock (0)
2. checking constant_clock (0)
3. checking pulse_width_clock (0)
4. checking unconstrained_internal_endpoints (0)
5. checking no_input_delay (0)
6. checking no_output_delay (0)
7. checking multiple_clock (0)
8. checking generated_clocks (0)
9. checking loops (0)
10. checking partial_input_delay (0)
11. checking partial_output_delay (0)
12. checking latch_loops (0)

1. checking no_clock (0)
------------------------
 There are 0 register/latch pins with no clock.


2. checking constant_clock (0)
------------------------------
 There are 0 register/latch pins with constant_clock.


3. checking pulse_width_clock (0)
---------------------------------
 There are 0 register/latch pins which need pulse_width check


4. checking unconstrained_internal_endpoints (0)
------------------------------------------------
 There are 0 pins that are not constrained for maximum delay.

 There are 0 pins that are not constrained for maximum delay due to constant clock.


5. checking no_input_delay (0)
------------------------------
 There are 0 input ports with no input delay specified.

 There are 0 input ports with no input delay but user has a false path constraint.


6. checking no_output_delay (0)
-------------------------------
 There are 0 ports with no output delay specified.

 There are 0 ports with no output delay but user has a false path constraint

 There are 0 ports with no output delay but with a timing clock defined on it or propagating through it


7. checking multiple_clock (0)
------------------------------
 There are 0 register/latch pins with multiple clocks.


8. checking generated_clocks (0)
--------------------------------
 There are 0 generated clocks that are not connected to a clock source.


9. checking loops (0)
---------------------
 There are 0 combinational loops in the design.


10. checking partial_input_delay (0)
------------------------------------
 There are 0 input ports with partial input delay specified.


11. checking partial_output_delay (0)
-------------------------------------
 There are 0 ports with partial output delay specified.


12. checking latch_loops (0)
----------------------------
 There are 0 combinational latch loops in the design through latch input



------------------------------------------------------------------------------------------------
| Design Timing Summary
| ---------------------
------------------------------------------------------------------------------------------------

    WNS(ns)      TNS(ns)  TNS Failing Endpoints  TNS Total Endpoints      WHS(ns)      THS(ns)  THS Failing Endpoints  THS Total Endpoints     WPWS(ns)     TPWS(ns)  TPWS Failing Endpoints  TPWS Total Endpoints  
    -------      -------  ---------------------  -------------------      -------      -------  ---------------------  -------------------     --------     --------  ----------------------  --------------------  
      0.353        0.000                      0                36695        0.036        0.000                      0                36695       18.750        0.000                       0                 11555  


All user specified timing constraints are met.


------------------------------------------------------------------------------------------------
| Clock Summary
| -------------
------------------------------------------------------------------------------------------------

Clock       Waveform(ns)       Period(ns)      Frequency(MHz)
-----       ------------       ----------      --------------
clk_fpga_0  {0.000 20.000}     40.000          25.000          


------------------------------------------------------------------------------------------------
| Intra Clock Table
| -----------------
------------------------------------------------------------------------------------------------

Clock             WNS(ns)      TNS(ns)  TNS Failing Endpoints  TNS Total Endpoints      WHS(ns)      THS(ns)  THS Failing Endpoints  THS Total Endpoints     WPWS(ns)     TPWS(ns)  TPWS Failing Endpoints  TPWS Total Endpoints  
-----             -------      -------  ---------------------  -------------------      -------      -------  ---------------------  -------------------     --------     --------  ----------------------  --------------------  
clk_fpga_0          0.353        0.000                      0                36599        0.036        0.000                      0                36599       18.750        0.000                       0                 11555  


------------------------------------------------------------------------------------------------
| Inter Clock Table
| -----------------
------------------------------------------------------------------------------------------------

From Clock    To Clock          WNS(ns)      TNS(ns)  TNS Failing Endpoints  TNS Total Endpoints      WHS(ns)      THS(ns)  THS Failing Endpoints  THS Total Endpoints  
----------    --------          -------      -------  ---------------------  -------------------      -------      -------  ---------------------  -------------------  


------------------------------------------------------------------------------------------------
| Other Path Groups Table
| -----------------------
------------------------------------------------------------------------------------------------

Path Group         From Clock         To Clock               WNS(ns)      TNS(ns)  TNS Failing Endpoints  TNS Total Endpoints      WHS(ns)      THS(ns)  THS Failing Endpoints  THS Total Endpoints  
----------         ----------         --------               -------      -------  ---------------------  -------------------      -------      -------  ---------------------  -------------------  
**async_default**  clk_fpga_0         clk_fpga_0              36.400        0.000                      0                   96        0.522        0.000                      0                   96  


------------------------------------------------------------------------------------------------
| Timing Details
| --------------
------------------------------------------------------------------------------------------------


---------------------------------------------------------------------------------------------------
From Clock:  clk_fpga_0
  To Clock:  clk_fpga_0

Setup :            0  Failing Endpoints,  Worst Slack        0.353ns,  Total Violation        0.000ns
Hold  :            0  Failing Endpoints,  Worst Slack        0.036ns,  Total Violation        0.000ns
PW    :            0  Failing Endpoints,  Worst Slack       18.750ns,  Total Violation        0.000ns
---------------------------------------------------------------------------------------------------


Max Delay Paths
--------------------------------------------------------------------------------------
Slack (MET) :             0.353ns  (required time - arrival time)
  Source:                 amoeba_i/dut/inst/u_top/dut/soc/core/lsu/hptw.hptw/WalkerStateReg/q_reg[3]/C
                            (rising edge-triggered cell FDRE clocked by clk_fpga_0  {rise@0.000ns fall@20.000ns period=40.000ns})
  Destination:            amoeba_i/dut/inst/u_top/dut/soc/core/lsu/bus.dcache.dcache/CacheWays[1]/word[1].wordram.CacheDataMem/ram.RAM_reg_1/DIBDI[25]
                            (rising edge-triggered cell RAMB36E1 clocked by clk_fpga_0  {rise@0.000ns fall@20.000ns period=40.000ns})
  Path Group:             clk_fpga_0
  Path Type:              Setup (Max at Slow Process Corner)
  Requirement:            40.000ns  (clk_fpga_0 rise@40.000ns - clk_fpga_0 rise@0.000ns)
  Data Path Delay:        38.440ns  (logic 8.816ns (22.934%)  route 29.624ns (77.066%))
  Logic Levels:           43  (CARRY4=9 LUT2=4 LUT3=1 LUT4=7 LUT5=1 LUT6=20 MUXF7=1)
  Clock Path Skew:        -0.161ns (DCD - SCD + CPR)
    Destination Clock Delay (DCD):    2.747ns = ( 42.747 - 40.000 ) 
    Source Clock Delay      (SCD):    3.023ns
    Clock Pessimism Removal (CPR):    0.115ns
  Clock Uncertainty:      0.601ns  ((TSJ^2 + TIJ^2)^1/2 + DJ) / 2 + PE
    Total System Jitter     (TSJ):    0.071ns
    Total Input Jitter      (TIJ):    1.200ns
    Discrete Jitter          (DJ):    0.000ns
    Phase Error              (PE):    0.000ns

    Location             Delay type                Incr(ns)  Path(ns)    Netlist Resource(s)
  -------------------------------------------------------------------    -------------------
                         (clock clk_fpga_0 rise edge)
                                                      0.000     0.000 r  
    PS7_X0Y0             PS7                          0.000     0.000 r  amoeba_i/ps7/inst/PS7_i/FCLKCLK[0]
                         net (fo=1, routed)           1.193     1.193    amoeba_i/ps7/inst/FCLK_CLK_unbuffered[0]
    BUFGCTRL_X0Y16       BUFG (Prop_bufg_I_O)         0.101     1.294 r  amoeba_i/ps7/inst/buffer_fclk_clk_0.FCLK_CLK_0_BUFG/O
                         net (fo=11556, routed)       1.729     3.023    amoeba_i/dut/inst/u_top/dut/soc/core/lsu/hptw.hptw/WalkerStateReg/aclk
    SLICE_X68Y37         FDRE                                         r  amoeba_i/dut/inst/u_top/dut/soc/core/lsu/hptw.hptw/WalkerStateReg/q_reg[3]/C
  -------------------------------------------------------------------    -------------------
    SLICE_X68Y37         FDRE (Prop_fdre_C_Q)         0.456     3.479 f  amoeba_i/dut/inst/u_top/dut/soc/core/lsu/hptw.hptw/WalkerStateReg/q_reg[3]/Q
                         net (fo=102, routed)         1.146     4.625    amoeba_i/dut/inst/u_top/dut/soc/core/lsu/hptw.hptw/WalkerStateReg/q_reg[3]_1
    SLICE_X69Y34         LUT2 (Prop_lut2_I0_O)        0.152     4.777 f  amoeba_i/dut/inst/u_top/dut/soc/core/lsu/hptw.hptw/WalkerStateReg/q[26]_i_5/O
                         net (fo=1, routed)           0.423     5.200    amoeba_i/dut/inst/u_top/dut/soc/core/priv.priv/csr/csrs.csrs/SATPreg/q_reg[0]_1
    SLICE_X72Y34         LUT6 (Prop_lut6_I4_O)        0.332     5.532 r  amoeba_i/dut/inst/u_top/dut/soc/core/priv.priv/csr/csrs.csrs/SATPreg/q[26]_i_3/O
                         net (fo=44, routed)          1.153     6.684    amoeba_i/dut/inst/u_top/dut/soc/core/lsu/hptw.hptw/WalkerStateReg/q_reg[0]_29
    SLICE_X75Y34         LUT6 (Prop_lut6_I2_O)        0.124     6.808 r  amoeba_i/dut/inst/u_top/dut/soc/core/lsu/hptw.hptw/WalkerStateReg/q[11]_i_1/O
                         net (fo=17, routed)          0.856     7.664    amoeba_i/dut/inst/u_top/dut/soc/core/lsu/dmmu.dmmu/tlb.tlb/tlbcam/camlines[1]/keyflop/D[11]
    SLICE_X74Y35         LUT6 (Prop_lut6_I1_O)        0.124     7.788 r  amoeba_i/dut/inst/u_top/dut/soc/core/lsu/dmmu.dmmu/tlb.tlb/tlbcam/camlines[1]/keyflop/Match10_carry_i_3__5/O
                         net (fo=1, routed)           0.000     7.788    amoeba_i/dut/inst/u_top/dut/soc/core/lsu/dmmu.dmmu/tlb.tlb/tlbcam/camlines[1]/keyflop_n_7
    SLICE_X74Y35         CARRY4 (Prop_carry4_S[0]_CO[2])
                                                      0.536     8.324 r  amoeba_i/dut/inst/u_top/dut/soc/core/lsu/dmmu.dmmu/tlb.tlb/tlbcam/camlines[1]/Match10_carry/CO[2]
                         net (fo=1, routed)           0.808     9.132    amoeba_i/dut/inst/u_top/dut/soc/core/lsu/dmmu.dmmu/tlb.tlb/tlbcam/camlines[1]/pagetypeflop/ram.RAM_reg_0_i_186_1[0]
    SLICE_X82Y40         LUT6 (Prop_lut6_I4_O)        0.313     9.445 f  amoeba_i/dut/inst/u_top/dut/soc/core/lsu/dmmu.dmmu/tlb.tlb/tlbcam/camlines[1]/pagetypeflop/q[1]_i_3__2/O
                         net (fo=18, routed)          1.018    10.463    amoeba_i/dut/inst/u_top/dut/soc/core/lsu/dmmu.dmmu/tlb.tlb/tlbcam/camlines[1]/pagetypeflop/q_reg[1]_1
    SLICE_X87Y40         LUT4 (Prop_lut4_I0_O)        0.152    10.615 f  amoeba_i/dut/inst/u_top/dut/soc/core/lsu/dmmu.dmmu/tlb.tlb/tlbcam/camlines[1]/pagetypeflop/q[1]_i_2__2/O
                         net (fo=43, routed)          0.885    11.500    amoeba_i/dut/inst/u_top/dut/soc/core/lsu/dmmu.dmmu/tlb.tlb/tlbcam/camlines[1]/pagetypeflop/q_reg[5]
    SLICE_X83Y39         LUT4 (Prop_lut4_I0_O)        0.326    11.826 r  amoeba_i/dut/inst/u_top/dut/soc/core/lsu/dmmu.dmmu/tlb.tlb/tlbcam/camlines[1]/pagetypeflop/ram.RAM_reg_0_i_231/O
                         net (fo=1, routed)           0.670    12.496    amoeba_i/dut/inst/u_top/dut/soc/core/lsu/dmmu.dmmu/tlb.tlb/tlbcam/camlines[4]/pagetypeflop/ram.RAM_reg_0_i_142_0
    SLICE_X83Y39         LUT5 (Prop_lut5_I4_O)        0.124    12.620 r  amoeba_i/dut/inst/u_top/dut/soc/core/lsu/dmmu.dmmu/tlb.tlb/tlbcam/camlines[4]/pagetypeflop/ram.RAM_reg_0_i_215/O
                         net (fo=1, routed)           0.284    12.904    amoeba_i/dut/inst/u_top/dut/soc/core/lsu/dmmu.dmmu/tlb.tlb/tlbcam/camlines[5]/pagetypeflop/TrapM_inferred_i_33_1
    SLICE_X85Y39         LUT6 (Prop_lut6_I5_O)        0.124    13.028 r  amoeba_i/dut/inst/u_top/dut/soc/core/lsu/dmmu.dmmu/tlb.tlb/tlbcam/camlines[5]/pagetypeflop/ram.RAM_reg_0_i_142/O
                         net (fo=2, routed)           0.589    13.618    amoeba_i/dut/inst/u_top/dut/soc/core/lsu/dmmu.dmmu/tlb.tlb/tlbcam/camlines[6]/pagetypeflop/ram.RAM_reg_0_7
    SLICE_X87Y39         LUT4 (Prop_lut4_I1_O)        0.124    13.742 f  amoeba_i/dut/inst/u_top/dut/soc/core/lsu/dmmu.dmmu/tlb.tlb/tlbcam/camlines[6]/pagetypeflop/ram.RAM_reg_0_i_57__5/O
                         net (fo=11, routed)          0.899    14.641    amoeba_i/dut/inst/u_top/dut/soc/core/lsu/dmmu.dmmu/tlb.tlb/tlbcam/camlines[5]/pagetypeflop/ram.RAM_reg_0_11
    SLICE_X90Y40         LUT4 (Prop_lut4_I0_O)        0.124    14.765 r  amoeba_i/dut/inst/u_top/dut/soc/core/lsu/dmmu.dmmu/tlb.tlb/tlbcam/camlines[5]/pagetypeflop/ram.RAM_reg_0_i_18__3/O
                         net (fo=11, routed)          1.110    15.875    amoeba_i/dut/inst/u_top/dut/soc/core/lsu/dmmu.dmmu/tlb.tlb/tlbcam/camlines[6]/pagetypeflop/i__i_16__1[0]
    SLICE_X84Y40         LUT6 (Prop_lut6_I3_O)        0.124    15.999 r  amoeba_i/dut/inst/u_top/dut/soc/core/lsu/dmmu.dmmu/tlb.tlb/tlbcam/camlines[6]/pagetypeflop/WriteAdrMatchM1_carry__0_i_4/O
                         net (fo=1, routed)           0.000    15.999    amoeba_i/dut/inst/u_top/dut/soc/core/lsu/atomic.atomic/lrsc/WriteAdrMatchM1_carry__1_0[0]
    SLICE_X84Y40         CARRY4 (Prop_carry4_S[0]_CO[3])
                                                      0.532    16.531 r  amoeba_i/dut/inst/u_top/dut/soc/core/lsu/atomic.atomic/lrsc/WriteAdrMatchM1_carry__0/CO[3]
                         net (fo=1, routed)           0.000    16.531    amoeba_i/dut/inst/u_top/dut/soc/core/lsu/atomic.atomic/lrsc/WriteAdrMatchM1_carry__0_n_0
    SLICE_X84Y41         CARRY4 (Prop_carry4_CI_CO[3])
                                                      0.114    16.645 r  amoeba_i/dut/inst/u_top/dut/soc/core/lsu/atomic.atomic/lrsc/WriteAdrMatchM1_carry__1/CO[3]
                         net (fo=1, routed)           0.000    16.645    amoeba_i/dut/inst/u_top/dut/soc/core/lsu/atomic.atomic/lrsc/WriteAdrMatchM1_carry__1_n_0
    SLICE_X84Y42         CARRY4 (Prop_carry4_CI_CO[3])
                                                      0.114    16.759 r  amoeba_i/dut/inst/u_top/dut/soc/core/lsu/atomic.atomic/lrsc/WriteAdrMatchM1_carry__2/CO[3]
                         net (fo=1, routed)           0.000    16.759    amoeba_i/dut/inst/u_top/dut/soc/core/lsu/atomic.atomic/lrsc/WriteAdrMatchM1_carry__2_n_0
    SLICE_X84Y43         CARRY4 (Prop_carry4_CI_CO[1])
                                                      0.157    16.916 r  amoeba_i/dut/inst/u_top/dut/soc/core/lsu/atomic.atomic/lrsc/WriteAdrMatchM1_carry__3/CO[1]
                         net (fo=3, routed)           0.984    17.901    amoeba_i/dut/inst/u_top/dut/soc/core/lsu/hptw.hptw/WalkerStateReg/q_reg[0]_36[0]
    SLICE_X68Y38         LUT6 (Prop_lut6_I2_O)        0.329    18.230 f  amoeba_i/dut/inst/u_top/dut/soc/core/lsu/hptw.hptw/WalkerStateReg/lrsc/SquashSCM/O
                         net (fo=3, routed)           0.753    18.983    amoeba_i/dut/inst/u_top/dut/soc/core/lsu/hptw.hptw/WalkerStateReg/atomic.atomic/lrsc/SquashSCM
    SLICE_X67Y37         LUT3 (Prop_lut3_I0_O)        0.150    19.133 r  amoeba_i/dut/inst/u_top/dut/soc/core/lsu/hptw.hptw/WalkerStateReg/ram.RAM_reg_0_i_178__0/O
                         net (fo=4, routed)           0.784    19.917    amoeba_i/dut/inst/u_top/dut/soc/core/lsu/bus.dcache.dcache/CacheWays[2]/CacheTagMem/bus.dcache.CacheRWM[1]
    SLICE_X61Y35         LUT6 (Prop_lut6_I4_O)        0.326    20.243 f  amoeba_i/dut/inst/u_top/dut/soc/core/lsu/bus.dcache.dcache/CacheWays[2]/CacheTagMem/ram.RAM_reg_0_i_45/O
                         net (fo=6, routed)           0.578    20.821    amoeba_i/dut/inst/u_top/dut/soc/core/lsu/bus.dcache.dcache/cachefsm/ram.RAM_reg_1
    SLICE_X62Y36         LUT2 (Prop_lut2_I1_O)        0.124    20.945 r  amoeba_i/dut/inst/u_top/dut/soc/core/lsu/bus.dcache.dcache/cachefsm/FSM_onehot_CurrState[5]_i_2/O
                         net (fo=5, routed)           0.657    21.602    amoeba_i/dut/inst/u_top/dut/soc/core/lsu/bus.dcache.dcache/cachefsm/FSM_onehot_CurrState[5]_i_2_n_0
    SLICE_X63Y36         LUT4 (Prop_lut4_I1_O)        0.124    21.726 r  amoeba_i/dut/inst/u_top/dut/soc/core/lsu/bus.dcache.dcache/cachefsm/m_ahb_haddr[27]_INST_0_i_14/O
                         net (fo=45, routed)          0.278    22.004    amoeba_i/dut/inst/u_top/dut/soc/core/lsu/bus.dcache.dcache/cachefsm/SelWriteback
    SLICE_X63Y36         LUT2 (Prop_lut2_I0_O)        0.119    22.123 r  amoeba_i/dut/inst/u_top/dut/soc/core/lsu/bus.dcache.dcache/cachefsm/i__i_8__1/O
                         net (fo=28, routed)          0.881    23.004    amoeba_i/dut/inst/u_top/dut/soc/core/lsu/bus.dcache.dcache/CacheWays[1]/CacheTagMem/SelVictim
    SLICE_X60Y43         LUT6 (Prop_lut6_I5_O)        0.332    23.336 f  amoeba_i/dut/inst/u_top/dut/soc/core/lsu/bus.dcache.dcache/CacheWays[1]/CacheTagMem/q[47]_i_56/O
                         net (fo=128, routed)         2.122    25.458    amoeba_i/dut/inst/u_top/dut/soc/core/lsu/bus.dcache.dcache/CacheWays[1]/word[1].wordram.CacheDataMem/q[47]_i_8
    SLICE_X13Y45         LUT2 (Prop_lut2_I1_O)        0.150    25.608 r  amoeba_i/dut/inst/u_top/dut/soc/core/lsu/bus.dcache.dcache/CacheWays[1]/word[1].wordram.CacheDataMem/q[43]_i_25/O
                         net (fo=1, routed)           0.733    26.341    amoeba_i/dut/inst/u_top/dut/soc/core/lsu/bus.dcache.dcache/EarlyReturnMux/ReadDataLineWay[1]_67[171]
    SLICE_X18Y45         LUT6 (Prop_lut6_I3_O)        0.326    26.667 r  amoeba_i/dut/inst/u_top/dut/soc/core/lsu/bus.dcache.dcache/EarlyReturnMux/q[43]_i_9/O
                         net (fo=1, routed)           1.437    28.103    amoeba_i/dut/inst/u_top/dut/soc/core/lsu/bus.dcache.dcache/subcachelineread/ReadDataLine[171]
    SLICE_X39Y48         LUT6 (Prop_lut6_I1_O)        0.124    28.227 r  amoeba_i/dut/inst/u_top/dut/soc/core/lsu/bus.dcache.dcache/subcachelineread/q[43]_i_5/O
                         net (fo=1, routed)           0.000    28.227    amoeba_i/dut/inst/u_top/dut/soc/core/lsu/bus.dcache.dcache/subcachelineread/q[43]_i_5_n_0
    SLICE_X39Y48         MUXF7 (Prop_muxf7_I0_O)      0.238    28.465 r  amoeba_i/dut/inst/u_top/dut/soc/core/lsu/bus.dcache.dcache/subcachelineread/q_reg[43]_i_2/O
                         net (fo=3, routed)           0.825    29.291    amoeba_i/dut/inst/u_top/dut/soc/core/lsu/bus.dcache.dcache/CacheWays[3]/word[1].wordram.CacheDataMem/DCacheReadDataWordM[43]
    SLICE_X40Y46         LUT6 (Prop_lut6_I0_O)        0.298    29.589 r  amoeba_i/dut/inst/u_top/dut/soc/core/lsu/bus.dcache.dcache/CacheWays[3]/word[1].wordram.CacheDataMem/y0_carry_i_26/O
                         net (fo=2, routed)           0.797    30.385    amoeba_i/dut/inst/u_top/dut/soc/core/lsu/bus.dcache.dcache/CacheWays[3]/word[1].wordram.CacheDataMem/q_reg[62][4]
    SLICE_X40Y43         LUT6 (Prop_lut6_I5_O)        0.124    30.509 r  amoeba_i/dut/inst/u_top/dut/soc/core/lsu/bus.dcache.dcache/CacheWays[3]/word[1].wordram.CacheDataMem/y0_carry_i_9/O
                         net (fo=1, routed)           0.772    31.281    amoeba_i/dut/inst/u_top/dut/soc/core/lsu/bus.dcache.dcache/CacheWays[3]/word[1].wordram.CacheDataMem/y0_carry_i_9_n_0
    SLICE_X50Y41         LUT6 (Prop_lut6_I0_O)        0.124    31.405 r  amoeba_i/dut/inst/u_top/dut/soc/core/lsu/bus.dcache.dcache/CacheWays[3]/word[1].wordram.CacheDataMem/y0_carry_i_1/O
                         net (fo=8, routed)           1.081    32.486    amoeba_i/dut/inst/u_top/dut/soc/core/lsu/bus.dcache.dcache/CacheWays[3]/word[1].wordram.CacheDataMem/D[3]
    SLICE_X57Y38         LUT4 (Prop_lut4_I0_O)        0.124    32.610 r  amoeba_i/dut/inst/u_top/dut/soc/core/lsu/bus.dcache.dcache/CacheWays[3]/word[1].wordram.CacheDataMem/lt_carry_i_7__0/O
                         net (fo=1, routed)           0.000    32.610    amoeba_i/dut/inst/u_top/dut/soc/core/lsu/atomic.atomic/amoalu/cmp32/lt_carry__0_1[1]
    SLICE_X57Y38         CARRY4 (Prop_carry4_S[1]_CO[3])
                                                      0.550    33.160 r  amoeba_i/dut/inst/u_top/dut/soc/core/lsu/atomic.atomic/amoalu/cmp32/lt_carry/CO[3]
                         net (fo=1, routed)           0.000    33.160    amoeba_i/dut/inst/u_top/dut/soc/core/lsu/atomic.atomic/amoalu/cmp32/lt_carry_n_0
    SLICE_X57Y39         CARRY4 (Prop_carry4_CI_CO[3])
                                                      0.114    33.274 r  amoeba_i/dut/inst/u_top/dut/soc/core/lsu/atomic.atomic/amoalu/cmp32/lt_carry__0/CO[3]
                         net (fo=1, routed)           0.000    33.274    amoeba_i/dut/inst/u_top/dut/soc/core/lsu/atomic.atomic/amoalu/cmp32/lt_carry__0_n_0
    SLICE_X57Y40         CARRY4 (Prop_carry4_CI_CO[3])
                                                      0.114    33.388 r  amoeba_i/dut/inst/u_top/dut/soc/core/lsu/atomic.atomic/amoalu/cmp32/lt_carry__1/CO[3]
                         net (fo=1, routed)           0.000    33.388    amoeba_i/dut/inst/u_top/dut/soc/core/lsu/atomic.atomic/amoalu/cmp32/lt_carry__1_n_0
    SLICE_X57Y41         CARRY4 (Prop_carry4_CI_CO[3])
                                                      0.114    33.502 r  amoeba_i/dut/inst/u_top/dut/soc/core/lsu/atomic.atomic/amoalu/cmp32/lt_carry__2/CO[3]
                         net (fo=2, routed)           0.995    34.496    amoeba_i/dut/inst/u_top/dut/soc/core/lsu/hptw.hptw/WalkerStateReg/q[32]_i_4_1[0]
    SLICE_X59Y43         LUT6 (Prop_lut6_I3_O)        0.124    34.620 r  amoeba_i/dut/inst/u_top/dut/soc/core/lsu/hptw.hptw/WalkerStateReg/q[62]_i_12/O
                         net (fo=79, routed)          1.193    35.813    amoeba_i/dut/inst/u_top/dut/soc/core/lsu/hptw.hptw/WalkerStateReg/q[62]_i_12_n_0
    SLICE_X50Y49         LUT6 (Prop_lut6_I3_O)        0.124    35.937 r  amoeba_i/dut/inst/u_top/dut/soc/core/lsu/hptw.hptw/WalkerStateReg/q[63]_i_17/O
                         net (fo=3, routed)           0.375    36.312    amoeba_i/dut/inst/u_top/dut/soc/core/lsu/hptw.hptw/WalkerStateReg/q_reg[31]_2
    SLICE_X50Y49         LUT6 (Prop_lut6_I2_O)        0.124    36.436 r  amoeba_i/dut/inst/u_top/dut/soc/core/lsu/hptw.hptw/WalkerStateReg/q[63]_i_11/O
                         net (fo=64, routed)          1.309    37.745    amoeba_i/dut/inst/u_top/dut/soc/core/lsu/hptw.hptw/WalkerStateReg/q_reg[31]_3
    SLICE_X60Y48         LUT6 (Prop_lut6_I0_O)        0.124    37.869 r  amoeba_i/dut/inst/u_top/dut/soc/core/lsu/hptw.hptw/WalkerStateReg/ram.RAM_reg_0_i_194__0/O
                         net (fo=1, routed)           0.467    38.336    amoeba_i/dut/inst/u_top/dut/soc/core/lsu/subwordwrite/d1[25]
    SLICE_X55Y47         LUT6 (Prop_lut6_I3_O)        0.124    38.460 r  amoeba_i/dut/inst/u_top/dut/soc/core/lsu/subwordwrite/ram.RAM_reg_0_i_137/O
                         net (fo=8, routed)           0.860    39.321    amoeba_i/dut/inst/u_top/dut/soc/core/lsu/bus.dcache.ahbcacheinterface/AHBBuscachefsm/BeatCountReg/LSUWriteDataM[49]
    SLICE_X55Y60         LUT6 (Prop_lut6_I5_O)        0.124    39.445 r  amoeba_i/dut/inst/u_top/dut/soc/core/lsu/bus.dcache.ahbcacheinterface/AHBBuscachefsm/BeatCountReg/ram.RAM_reg_1_i_83__0/O
                         net (fo=4, routed)           1.031    40.476    amoeba_i/dut/inst/u_top/dut/soc/core/lsu/bus.dcache.dcache/CacheWays[1]/word[1].wordram.CacheDataMem/LineWriteData[121]
    SLICE_X54Y74         LUT4 (Prop_lut4_I3_O)        0.116    40.592 r  amoeba_i/dut/inst/u_top/dut/soc/core/lsu/bus.dcache.dcache/CacheWays[1]/word[1].wordram.CacheDataMem/ram.RAM_reg_1_i_7__0/O
                         net (fo=1, routed)           0.871    41.463    amoeba_i/dut/inst/u_top/dut/soc/core/lsu/bus.dcache.dcache/CacheWays[1]/word[1].wordram.CacheDataMem/p_1_in[121]
    RAMB36_X3Y16         RAMB36E1                                     r  amoeba_i/dut/inst/u_top/dut/soc/core/lsu/bus.dcache.dcache/CacheWays[1]/word[1].wordram.CacheDataMem/ram.RAM_reg_1/DIBDI[25]
  -------------------------------------------------------------------    -------------------

                         (clock clk_fpga_0 rise edge)
                                                     40.000    40.000 r  
    PS7_X0Y0             PS7                          0.000    40.000 r  amoeba_i/ps7/inst/PS7_i/FCLKCLK[0]
                         net (fo=1, routed)           1.088    41.088    amoeba_i/ps7/inst/FCLK_CLK_unbuffered[0]
    BUFGCTRL_X0Y16       BUFG (Prop_bufg_I_O)         0.091    41.179 r  amoeba_i/ps7/inst/buffer_fclk_clk_0.FCLK_CLK_0_BUFG/O
                         net (fo=11556, routed)       1.568    42.747    amoeba_i/dut/inst/u_top/dut/soc/core/lsu/bus.dcache.dcache/CacheWays[1]/word[1].wordram.CacheDataMem/aclk
    RAMB36_X3Y16         RAMB36E1                                     r  amoeba_i/dut/inst/u_top/dut/soc/core/lsu/bus.dcache.dcache/CacheWays[1]/word[1].wordram.CacheDataMem/ram.RAM_reg_1/CLKBWRCLK
                         clock pessimism              0.115    42.862    
                         clock uncertainty           -0.601    42.261    
    RAMB36_X3Y16         RAMB36E1 (Setup_ramb36e1_CLKBWRCLK_DIBDI[25])
                                                     -0.445    41.816    amoeba_i/dut/inst/u_top/dut/soc/core/lsu/bus.dcache.dcache/CacheWays[1]/word[1].wordram.CacheDataMem/ram.RAM_reg_1
  -------------------------------------------------------------------
                         required time                         41.816    
                         arrival time                         -41.463    
  -------------------------------------------------------------------
                         slack                                  0.353    





Min Delay Paths
--------------------------------------------------------------------------------------
Slack (MET) :             0.036ns  (arrival time - required time)
  Source:                 amoeba_i/dut/inst/u_top/probe/wait_run_reg[29]/C
                            (rising edge-triggered cell FDRE clocked by clk_fpga_0  {rise@0.000ns fall@20.000ns period=40.000ns})
  Destination:            amoeba_i/dut/inst/u_top/probe/max_wait_reg[29]/D
                            (rising edge-triggered cell FDRE clocked by clk_fpga_0  {rise@0.000ns fall@20.000ns period=40.000ns})
  Path Group:             clk_fpga_0
  Path Type:              Hold (Min at Fast Process Corner)
  Requirement:            0.000ns  (clk_fpga_0 rise@0.000ns - clk_fpga_0 rise@0.000ns)
  Data Path Delay:        0.424ns  (logic 0.256ns (60.315%)  route 0.168ns (39.685%))
  Logic Levels:           1  (CARRY4=1)
  Clock Path Skew:        0.258ns (DCD - SCD - CPR)
    Destination Clock Delay (DCD):    1.176ns
    Source Clock Delay      (SCD):    0.883ns
    Clock Pessimism Removal (CPR):    0.035ns

    Location             Delay type                Incr(ns)  Path(ns)    Netlist Resource(s)
  -------------------------------------------------------------------    -------------------
                         (clock clk_fpga_0 rise edge)
                                                      0.000     0.000 r  
    PS7_X0Y0             PS7                          0.000     0.000 r  amoeba_i/ps7/inst/PS7_i/FCLKCLK[0]
                         net (fo=1, routed)           0.310     0.310    amoeba_i/ps7/inst/FCLK_CLK_unbuffered[0]
    BUFGCTRL_X0Y16       BUFG (Prop_bufg_I_O)         0.026     0.336 r  amoeba_i/ps7/inst/buffer_fclk_clk_0.FCLK_CLK_0_BUFG/O
                         net (fo=11556, routed)       0.547     0.883    amoeba_i/dut/inst/u_top/probe/aclk
    SLICE_X49Y69         FDRE                                         r  amoeba_i/dut/inst/u_top/probe/wait_run_reg[29]/C
  -------------------------------------------------------------------    -------------------
    SLICE_X49Y69         FDRE (Prop_fdre_C_Q)         0.141     1.024 r  amoeba_i/dut/inst/u_top/probe/wait_run_reg[29]/Q
                         net (fo=3, routed)           0.168     1.192    amoeba_i/dut/inst/u_top/probe/wait_run_reg[29]
    SLICE_X50Y69         CARRY4 (Prop_carry4_S[0]_O[0])
                                                      0.115     1.307 r  amoeba_i/dut/inst/u_top/probe/max_wait_reg[31]_i_2/O[0]
                         net (fo=3, routed)           0.000     1.307    amoeba_i/dut/inst/u_top/probe/max_wait_reg[31]_i_2_n_7
    SLICE_X50Y69         FDRE                                         r  amoeba_i/dut/inst/u_top/probe/max_wait_reg[29]/D
  -------------------------------------------------------------------    -------------------

                         (clock clk_fpga_0 rise edge)
                                                      0.000     0.000 r  
    PS7_X0Y0             PS7                          0.000     0.000 r  amoeba_i/ps7/inst/PS7_i/FCLKCLK[0]
                         net (fo=1, routed)           0.337     0.337    amoeba_i/ps7/inst/FCLK_CLK_unbuffered[0]
    BUFGCTRL_X0Y16       BUFG (Prop_bufg_I_O)         0.029     0.366 r  amoeba_i/ps7/inst/buffer_fclk_clk_0.FCLK_CLK_0_BUFG/O
                         net (fo=11556, routed)       0.810     1.176    amoeba_i/dut/inst/u_top/probe/aclk
    SLICE_X50Y69         FDRE                                         r  amoeba_i/dut/inst/u_top/probe/max_wait_reg[29]/C
                         clock pessimism             -0.035     1.141    
    SLICE_X50Y69         FDRE (Hold_fdre_C_D)         0.130     1.271    amoeba_i/dut/inst/u_top/probe/max_wait_reg[29]
  -------------------------------------------------------------------
                         required time                         -1.271    
                         arrival time                           1.307    
  -------------------------------------------------------------------
                         slack                                  0.036    





Pulse Width Checks
--------------------------------------------------------------------------------------
Clock Name:         clk_fpga_0
Waveform(ns):       { 0.000 20.000 }
Period(ns):         40.000
Sources:            { amoeba_i/ps7/inst/PS7_i/FCLKCLK[0] }

Check Type        Corner  Lib Pin             Reference Pin  Required(ns)  Actual(ns)  Slack(ns)  Location      Pin
Min Period        n/a     RAMB36E1/CLKARDCLK  n/a            2.944         40.000      37.056     RAMB36_X2Y9   amoeba_i/dut/inst/u_top/dut/soc/core/lsu/bus.dcache.dcache/CacheWays[0]/word[0].wordram.CacheDataMem/ram.RAM_reg_0/CLKARDCLK
Low Pulse Width   Slow    RAMD32/CLK          n/a            1.250         20.000      18.750     SLICE_X14Y38  amoeba_i/dut/inst/u_top/dut/soc/uncoregen.uncore/uartgen.uart/uartPC/txfifo_reg_0_15_0_5/RAMA/CLK
High Pulse Width  Slow    RAMD32/CLK          n/a            1.250         20.000      18.750     SLICE_X14Y38  amoeba_i/dut/inst/u_top/dut/soc/uncoregen.uncore/uartgen.uart/uartPC/txfifo_reg_0_15_0_5/RAMA/CLK



---------------------------------------------------------------------------------------------------
Path Group:  **async_default**
From Clock:  clk_fpga_0
  To Clock:  clk_fpga_0

Setup :            0  Failing Endpoints,  Worst Slack       36.400ns,  Total Violation        0.000ns
Hold  :            0  Failing Endpoints,  Worst Slack        0.522ns,  Total Violation        0.000ns
---------------------------------------------------------------------------------------------------


Max Delay Paths
--------------------------------------------------------------------------------------
Slack (MET) :             36.400ns  (required time - arrival time)
  Source:                 amoeba_i/pc_hp0/inst/gen_axi4_axi3.axi3_conv_inst/USE_WRITE.write_addr_inst/USE_BURSTS.cmd_queue/inst/fifo_gen_inst/inst_fifo_gen/gconvfifo.rf/grf.rf/rstblk/ngwrdrst.grst.g7serrst.gnsckt_wrst.rst_wr_reg2_inst/arststages_ff_reg[1]/C
                            (rising edge-triggered cell FDPE clocked by clk_fpga_0  {rise@0.000ns fall@20.000ns period=40.000ns})
  Destination:            amoeba_i/pc_hp0/inst/gen_axi4_axi3.axi3_conv_inst/USE_WRITE.write_addr_inst/USE_BURSTS.cmd_queue/inst/fifo_gen_inst/inst_fifo_gen/gconvfifo.rf/grf.rf/gntv_or_sync_fifo.gl0.rd/rpntr/gc0.count_d1_reg[3]/CLR
                            (recovery check against rising-edge clock clk_fpga_0  {rise@0.000ns fall@20.000ns period=40.000ns})
  Path Group:             **async_default**
  Path Type:              Recovery (Max at Slow Process Corner)
  Requirement:            40.000ns  (clk_fpga_0 rise@40.000ns - clk_fpga_0 rise@0.000ns)
  Data Path Delay:        2.542ns  (logic 0.718ns (28.249%)  route 1.824ns (71.751%))
  Logic Levels:           1  (LUT3=1)
  Clock Path Skew:        -0.052ns (DCD - SCD + CPR)
    Destination Clock Delay (DCD):    2.701ns = ( 42.701 - 40.000 ) 
    Source Clock Delay      (SCD):    2.982ns
    Clock Pessimism Removal (CPR):    0.229ns
  Clock Uncertainty:      0.601ns  ((TSJ^2 + TIJ^2)^1/2 + DJ) / 2 + PE
    Total System Jitter     (TSJ):    0.071ns
    Total Input Jitter      (TIJ):    1.200ns
    Discrete Jitter          (DJ):    0.000ns
    Phase Error              (PE):    0.000ns

    Location             Delay type                Incr(ns)  Path(ns)    Netlist Resource(s)
  -------------------------------------------------------------------    -------------------
                         (clock clk_fpga_0 rise edge)
                                                      0.000     0.000 r  
    PS7_X0Y0             PS7                          0.000     0.000 r  amoeba_i/ps7/inst/PS7_i/FCLKCLK[0]
                         net (fo=1, routed)           1.193     1.193    amoeba_i/ps7/inst/FCLK_CLK_unbuffered[0]
    BUFGCTRL_X0Y16       BUFG (Prop_bufg_I_O)         0.101     1.294 r  amoeba_i/ps7/inst/buffer_fclk_clk_0.FCLK_CLK_0_BUFG/O
                         net (fo=11556, routed)       1.688     2.982    amoeba_i/pc_hp0/inst/gen_axi4_axi3.axi3_conv_inst/USE_WRITE.write_addr_inst/USE_BURSTS.cmd_queue/inst/fifo_gen_inst/inst_fifo_gen/gconvfifo.rf/grf.rf/rstblk/ngwrdrst.grst.g7serrst.gnsckt_wrst.rst_wr_reg2_inst/dest_clk
    SLICE_X27Y65         FDPE                                         r  amoeba_i/pc_hp0/inst/gen_axi4_axi3.axi3_conv_inst/USE_WRITE.write_addr_inst/USE_BURSTS.cmd_queue/inst/fifo_gen_inst/inst_fifo_gen/gconvfifo.rf/grf.rf/rstblk/ngwrdrst.grst.g7serrst.gnsckt_wrst.rst_wr_reg2_inst/arststages_ff_reg[1]/C
  -------------------------------------------------------------------    -------------------
    SLICE_X27Y65         FDPE (Prop_fdpe_C_Q)         0.419     3.401 f  amoeba_i/pc_hp0/inst/gen_axi4_axi3.axi3_conv_inst/USE_WRITE.write_addr_inst/USE_BURSTS.cmd_queue/inst/fifo_gen_inst/inst_fifo_gen/gconvfifo.rf/grf.rf/rstblk/ngwrdrst.grst.g7serrst.gnsckt_wrst.rst_wr_reg2_inst/arststages_ff_reg[1]/Q
                         net (fo=3, routed)           0.874     4.275    amoeba_i/pc_hp0/inst/gen_axi4_axi3.axi3_conv_inst/USE_WRITE.write_addr_inst/USE_BURSTS.cmd_queue/inst/fifo_gen_inst/inst_fifo_gen/gconvfifo.rf/grf.rf/rstblk/ngwrdrst.rst_wr_reg2
    SLICE_X27Y65         LUT3 (Prop_lut3_I2_O)        0.299     4.574 f  amoeba_i/pc_hp0/inst/gen_axi4_axi3.axi3_conv_inst/USE_WRITE.write_addr_inst/USE_BURSTS.cmd_queue/inst/fifo_gen_inst/inst_fifo_gen/gconvfifo.rf/grf.rf/rstblk/gpregsm1.curr_fwft_state[1]_i_2/O
                         net (fo=32, routed)          0.949     5.524    amoeba_i/pc_hp0/inst/gen_axi4_axi3.axi3_conv_inst/USE_WRITE.write_addr_inst/USE_BURSTS.cmd_queue/inst/fifo_gen_inst/inst_fifo_gen/gconvfifo.rf/grf.rf/gntv_or_sync_fifo.gl0.rd/rpntr/gc0.count_d1_reg[4]_1
    SLICE_X28Y61         FDCE                                         f  amoeba_i/pc_hp0/inst/gen_axi4_axi3.axi3_conv_inst/USE_WRITE.write_addr_inst/USE_BURSTS.cmd_queue/inst/fifo_gen_inst/inst_fifo_gen/gconvfifo.rf/grf.rf/gntv_or_sync_fifo.gl0.rd/rpntr/gc0.count_d1_reg[3]/CLR
  -------------------------------------------------------------------    -------------------

                         (clock clk_fpga_0 rise edge)
                                                     40.000    40.000 r  
    PS7_X0Y0             PS7                          0.000    40.000 r  amoeba_i/ps7/inst/PS7_i/FCLKCLK[0]
                         net (fo=1, routed)           1.088    41.088    amoeba_i/ps7/inst/FCLK_CLK_unbuffered[0]
    BUFGCTRL_X0Y16       BUFG (Prop_bufg_I_O)         0.091    41.179 r  amoeba_i/ps7/inst/buffer_fclk_clk_0.FCLK_CLK_0_BUFG/O
                         net (fo=11556, routed)       1.522    42.701    amoeba_i/pc_hp0/inst/gen_axi4_axi3.axi3_conv_inst/USE_WRITE.write_addr_inst/USE_BURSTS.cmd_queue/inst/fifo_gen_inst/inst_fifo_gen/gconvfifo.rf/grf.rf/gntv_or_sync_fifo.gl0.rd/rpntr/clk
    SLICE_X28Y61         FDCE                                         r  amoeba_i/pc_hp0/inst/gen_axi4_axi3.axi3_conv_inst/USE_WRITE.write_addr_inst/USE_BURSTS.cmd_queue/inst/fifo_gen_inst/inst_fifo_gen/gconvfifo.rf/grf.rf/gntv_or_sync_fifo.gl0.rd/rpntr/gc0.count_d1_reg[3]/C
                         clock pessimism              0.229    42.930    
                         clock uncertainty           -0.601    42.329    
    SLICE_X28Y61         FDCE (Recov_fdce_C_CLR)     -0.405    41.924    amoeba_i/pc_hp0/inst/gen_axi4_axi3.axi3_conv_inst/USE_WRITE.write_addr_inst/USE_BURSTS.cmd_queue/inst/fifo_gen_inst/inst_fifo_gen/gconvfifo.rf/grf.rf/gntv_or_sync_fifo.gl0.rd/rpntr/gc0.count_d1_reg[3]
  -------------------------------------------------------------------
                         required time                         41.924    
                         arrival time                          -5.524    
  -------------------------------------------------------------------
                         slack                                 36.400    





Min Delay Paths
--------------------------------------------------------------------------------------
Slack (MET) :             0.522ns  (arrival time - required time)
  Source:                 amoeba_i/pc_hp0/inst/gen_axi4_axi3.axi3_conv_inst/USE_READ.USE_SPLIT_R.read_addr_inst/USE_R_CHANNEL.cmd_queue/inst/fifo_gen_inst/inst_fifo_gen/gconvfifo.rf/grf.rf/rstblk/ngwrdrst.grst.g7serrst.gnsckt_wrst.gcc_rst.sckt_wr_rst_cc_reg[0]/C
                            (rising edge-triggered cell FDRE clocked by clk_fpga_0  {rise@0.000ns fall@20.000ns period=40.000ns})
  Destination:            amoeba_i/pc_hp0/inst/gen_axi4_axi3.axi3_conv_inst/USE_READ.USE_SPLIT_R.read_addr_inst/USE_R_CHANNEL.cmd_queue/inst/fifo_gen_inst/inst_fifo_gen/gconvfifo.rf/grf.rf/gntv_or_sync_fifo.gl0.wr/gwss.wsts/ram_full_fb_i_reg/CLR
                            (removal check against rising-edge clock clk_fpga_0  {rise@0.000ns fall@20.000ns period=40.000ns})
  Path Group:             **async_default**
  Path Type:              Removal (Min at Fast Process Corner)
  Requirement:            0.000ns  (clk_fpga_0 rise@0.000ns - clk_fpga_0 rise@0.000ns)
  Data Path Delay:        0.470ns  (logic 0.246ns (52.387%)  route 0.224ns (47.613%))
  Logic Levels:           1  (LUT3=1)
  Clock Path Skew:        0.015ns (DCD - SCD - CPR)
    Destination Clock Delay (DCD):    1.203ns
    Source Clock Delay      (SCD):    0.906ns
    Clock Pessimism Removal (CPR):    0.282ns

    Location             Delay type                Incr(ns)  Path(ns)    Netlist Resource(s)
  -------------------------------------------------------------------    -------------------
                         (clock clk_fpga_0 rise edge)
                                                      0.000     0.000 r  
    PS7_X0Y0             PS7                          0.000     0.000 r  amoeba_i/ps7/inst/PS7_i/FCLKCLK[0]
                         net (fo=1, routed)           0.310     0.310    amoeba_i/ps7/inst/FCLK_CLK_unbuffered[0]
    BUFGCTRL_X0Y16       BUFG (Prop_bufg_I_O)         0.026     0.336 r  amoeba_i/ps7/inst/buffer_fclk_clk_0.FCLK_CLK_0_BUFG/O
                         net (fo=11556, routed)       0.570     0.906    amoeba_i/pc_hp0/inst/gen_axi4_axi3.axi3_conv_inst/USE_READ.USE_SPLIT_R.read_addr_inst/USE_R_CHANNEL.cmd_queue/inst/fifo_gen_inst/inst_fifo_gen/gconvfifo.rf/grf.rf/rstblk/clk
    SLICE_X30Y67         FDRE                                         r  amoeba_i/pc_hp0/inst/gen_axi4_axi3.axi3_conv_inst/USE_READ.USE_SPLIT_R.read_addr_inst/USE_R_CHANNEL.cmd_queue/inst/fifo_gen_inst/inst_fifo_gen/gconvfifo.rf/grf.rf/rstblk/ngwrdrst.grst.g7serrst.gnsckt_wrst.gcc_rst.sckt_wr_rst_cc_reg[0]/C
  -------------------------------------------------------------------    -------------------
    SLICE_X30Y67         FDRE (Prop_fdre_C_Q)         0.148     1.054 f  amoeba_i/pc_hp0/inst/gen_axi4_axi3.axi3_conv_inst/USE_READ.USE_SPLIT_R.read_addr_inst/USE_R_CHANNEL.cmd_queue/inst/fifo_gen_inst/inst_fifo_gen/gconvfifo.rf/grf.rf/rstblk/ngwrdrst.grst.g7serrst.gnsckt_wrst.gcc_rst.sckt_wr_rst_cc_reg[0]/Q
                         net (fo=2, routed)           0.071     1.125    amoeba_i/pc_hp0/inst/gen_axi4_axi3.axi3_conv_inst/USE_READ.USE_SPLIT_R.read_addr_inst/USE_R_CHANNEL.cmd_queue/inst/fifo_gen_inst/inst_fifo_gen/gconvfifo.rf/grf.rf/rstblk/ngwrdrst.grst.g7serrst.gnsckt_wrst.gcc_rst.sckt_wr_rst_cc[0]
    SLICE_X30Y67         LUT3 (Prop_lut3_I1_O)        0.098     1.223 f  amoeba_i/pc_hp0/inst/gen_axi4_axi3.axi3_conv_inst/USE_READ.USE_SPLIT_R.read_addr_inst/USE_R_CHANNEL.cmd_queue/inst/fifo_gen_inst/inst_fifo_gen/gconvfifo.rf/grf.rf/rstblk/gpregsm1.curr_fwft_state[1]_i_2/O
                         net (fo=33, routed)          0.152     1.375    amoeba_i/pc_hp0/inst/gen_axi4_axi3.axi3_conv_inst/USE_READ.USE_SPLIT_R.read_addr_inst/USE_R_CHANNEL.cmd_queue/inst/fifo_gen_inst/inst_fifo_gen/gconvfifo.rf/grf.rf/gntv_or_sync_fifo.gl0.wr/gwss.wsts/ram_full_i_reg_0
    SLICE_X30Y66         FDCE                                         f  amoeba_i/pc_hp0/inst/gen_axi4_axi3.axi3_conv_inst/USE_READ.USE_SPLIT_R.read_addr_inst/USE_R_CHANNEL.cmd_queue/inst/fifo_gen_inst/inst_fifo_gen/gconvfifo.rf/grf.rf/gntv_or_sync_fifo.gl0.wr/gwss.wsts/ram_full_fb_i_reg/CLR
  -------------------------------------------------------------------    -------------------

                         (clock clk_fpga_0 rise edge)
                                                      0.000     0.000 r  
    PS7_X0Y0             PS7                          0.000     0.000 r  amoeba_i/ps7/inst/PS7_i/FCLKCLK[0]
                         net (fo=1, routed)           0.337     0.337    amoeba_i/ps7/inst/FCLK_CLK_unbuffered[0]
    BUFGCTRL_X0Y16       BUFG (Prop_bufg_I_O)         0.029     0.366 r  amoeba_i/ps7/inst/buffer_fclk_clk_0.FCLK_CLK_0_BUFG/O
                         net (fo=11556, routed)       0.837     1.203    amoeba_i/pc_hp0/inst/gen_axi4_axi3.axi3_conv_inst/USE_READ.USE_SPLIT_R.read_addr_inst/USE_R_CHANNEL.cmd_queue/inst/fifo_gen_inst/inst_fifo_gen/gconvfifo.rf/grf.rf/gntv_or_sync_fifo.gl0.wr/gwss.wsts/clk
    SLICE_X30Y66         FDCE                                         r  amoeba_i/pc_hp0/inst/gen_axi4_axi3.axi3_conv_inst/USE_READ.USE_SPLIT_R.read_addr_inst/USE_R_CHANNEL.cmd_queue/inst/fifo_gen_inst/inst_fifo_gen/gconvfifo.rf/grf.rf/gntv_or_sync_fifo.gl0.wr/gwss.wsts/ram_full_fb_i_reg/C
                         clock pessimism             -0.282     0.921    
    SLICE_X30Y66         FDCE (Remov_fdce_C_CLR)     -0.067     0.854    amoeba_i/pc_hp0/inst/gen_axi4_axi3.axi3_conv_inst/USE_READ.USE_SPLIT_R.read_addr_inst/USE_R_CHANNEL.cmd_queue/inst/fifo_gen_inst/inst_fifo_gen/gconvfifo.rf/grf.rf/gntv_or_sync_fifo.gl0.wr/gwss.wsts/ram_full_fb_i_reg
  -------------------------------------------------------------------
                         required time                         -0.854    
                         arrival time                           1.375    
  -------------------------------------------------------------------
                         slack                                  0.522    





