Copyright 1986-2022 Xilinx, Inc. All Rights Reserved. Copyright 2022-2024 Advanced Micro Devices, Inc. All Rights Reserved.
---------------------------------------------------------------------------------------------------------------------------------------------
| Tool Version : Vivado v.2024.1 (lin64) Build 5076996 Wed May 22 18:36:09 MDT 2024
| Date         : Sun Sep 20 18:20:44 2026
| Host         : ved-vyas-ASUS-Vivobook-S-14-M5406WA-M5406WA running 64-bit Ubuntu 24.04.5 LTS
| Command      : report_timing_summary -file /home/ved-vyas/Documents/ece427/free-rtos-regression/fpga/pynq/bit/asic-asic-AXI/timing.rpt
| Design       : amoeba_wrapper
| Device       : 7z020-clg400
| Speed File   : -1  PRODUCTION 1.12 2019-11-22
| Design State : Routed
---------------------------------------------------------------------------------------------------------------------------------------------

Timing Summary Report

------------------------------------------------------------------------------------------------
| Timer Settings
| --------------
------------------------------------------------------------------------------------------------

  Enable Multi Corner Analysis               :  Yes
  Enable Pessimism Removal                   :  Yes
  Pessimism Removal Resolution               :  Nearest Common Node
  Enable Input Delay Default Clock           :  No
  Enable Preset / Clear Arcs                 :  No
  Disable Flight Delays                      :  No
  Ignore I/O Paths                           :  No
  Timing Early Launch at Borrowing Latches   :  No
  Borrow Time for Max Delay Exceptions       :  Yes
  Merge Timing Exceptions                    :  Yes
  Inter-SLR Compensation                     :  Conservative

  Corner  Analyze    Analyze    
  Name    Max Paths  Min Paths  
  ------  ---------  ---------  
  Slow    Yes        Yes        
  Fast    Yes        Yes        


------------------------------------------------------------------------------------------------
| Report Methodology
| ------------------
------------------------------------------------------------------------------------------------

Rule     Severity  Description                   Violations  
-------  --------  ----------------------------  ----------  
LUTAR-1  Warning   LUT drives async reset alert  4           

Note: This report is based on the most recent report_methodology run and may not be up-to-date. Run report_methodology on the current design for the latest report.



check_timing report

Table of Contents
-----------------
1. checking no_clock (0)
2. checking constant_clock (0)
3. checking pulse_width_clock (0)
4. checking unconstrained_internal_endpoints (0)
5. checking no_input_delay (0)
6. checking no_output_delay (0)
7. checking multiple_clock (0)
8. checking generated_clocks (0)
9. checking loops (0)
10. checking partial_input_delay (0)
11. checking partial_output_delay (0)
12. checking latch_loops (0)

1. checking no_clock (0)
------------------------
 There are 0 register/latch pins with no clock.


2. checking constant_clock (0)
------------------------------
 There are 0 register/latch pins with constant_clock.


3. checking pulse_width_clock (0)
---------------------------------
 There are 0 register/latch pins which need pulse_width check


4. checking unconstrained_internal_endpoints (0)
------------------------------------------------
 There are 0 pins that are not constrained for maximum delay.

 There are 0 pins that are not constrained for maximum delay due to constant clock.


5. checking no_input_delay (0)
------------------------------
 There are 0 input ports with no input delay specified.

 There are 0 input ports with no input delay but user has a false path constraint.


6. checking no_output_delay (0)
-------------------------------
 There are 0 ports with no output delay specified.

 There are 0 ports with no output delay but user has a false path constraint

 There are 0 ports with no output delay but with a timing clock defined on it or propagating through it


7. checking multiple_clock (0)
------------------------------
 There are 0 register/latch pins with multiple clocks.


8. checking generated_clocks (0)
--------------------------------
 There are 0 generated clocks that are not connected to a clock source.


9. checking loops (0)
---------------------
 There are 0 combinational loops in the design.


10. checking partial_input_delay (0)
------------------------------------
 There are 0 input ports with partial input delay specified.


11. checking partial_output_delay (0)
-------------------------------------
 There are 0 ports with partial output delay specified.


12. checking latch_loops (0)
----------------------------
 There are 0 combinational latch loops in the design through latch input



------------------------------------------------------------------------------------------------
| Design Timing Summary
| ---------------------
------------------------------------------------------------------------------------------------

    WNS(ns)      TNS(ns)  TNS Failing Endpoints  TNS Total Endpoints      WHS(ns)      THS(ns)  THS Failing Endpoints  THS Total Endpoints     WPWS(ns)     TPWS(ns)  TPWS Failing Endpoints  TPWS Total Endpoints  
    -------      -------  ---------------------  -------------------      -------      -------  ---------------------  -------------------     --------     --------  ----------------------  --------------------  
      0.942        0.000                      0                43431        0.025        0.000                      0                43431       18.750        0.000                       0                 13419  


All user specified timing constraints are met.


------------------------------------------------------------------------------------------------
| Clock Summary
| -------------
------------------------------------------------------------------------------------------------

Clock       Waveform(ns)       Period(ns)      Frequency(MHz)
-----       ------------       ----------      --------------
clk_fpga_0  {0.000 20.000}     40.000          25.000          


------------------------------------------------------------------------------------------------
| Intra Clock Table
| -----------------
------------------------------------------------------------------------------------------------

Clock             WNS(ns)      TNS(ns)  TNS Failing Endpoints  TNS Total Endpoints      WHS(ns)      THS(ns)  THS Failing Endpoints  THS Total Endpoints     WPWS(ns)     TPWS(ns)  TPWS Failing Endpoints  TPWS Total Endpoints  
-----             -------      -------  ---------------------  -------------------      -------      -------  ---------------------  -------------------     --------     --------  ----------------------  --------------------  
clk_fpga_0          0.942        0.000                      0                43247        0.025        0.000                      0                43247       18.750        0.000                       0                 13419  


------------------------------------------------------------------------------------------------
| Inter Clock Table
| -----------------
------------------------------------------------------------------------------------------------

From Clock    To Clock          WNS(ns)      TNS(ns)  TNS Failing Endpoints  TNS Total Endpoints      WHS(ns)      THS(ns)  THS Failing Endpoints  THS Total Endpoints  
----------    --------          -------      -------  ---------------------  -------------------      -------      -------  ---------------------  -------------------  


------------------------------------------------------------------------------------------------
| Other Path Groups Table
| -----------------------
------------------------------------------------------------------------------------------------

Path Group         From Clock         To Clock               WNS(ns)      TNS(ns)  TNS Failing Endpoints  TNS Total Endpoints      WHS(ns)      THS(ns)  THS Failing Endpoints  THS Total Endpoints  
----------         ----------         --------               -------      -------  ---------------------  -------------------      -------      -------  ---------------------  -------------------  
**async_default**  clk_fpga_0         clk_fpga_0              32.721        0.000                      0                  184        0.495        0.000                      0                  184  


------------------------------------------------------------------------------------------------
| Timing Details
| --------------
------------------------------------------------------------------------------------------------


---------------------------------------------------------------------------------------------------
From Clock:  clk_fpga_0
  To Clock:  clk_fpga_0

Setup :            0  Failing Endpoints,  Worst Slack        0.942ns,  Total Violation        0.000ns
Hold  :            0  Failing Endpoints,  Worst Slack        0.025ns,  Total Violation        0.000ns
PW    :            0  Failing Endpoints,  Worst Slack       18.750ns,  Total Violation        0.000ns
---------------------------------------------------------------------------------------------------


Max Delay Paths
--------------------------------------------------------------------------------------
Slack (MET) :             0.942ns  (required time - arrival time)
  Source:                 amoeba_i/dut/inst/u_top/g_dut.dut/top/chip/soc/core/lsu/hptw.hptw/WalkerStateReg/q_reg[3]/C
                            (rising edge-triggered cell FDRE clocked by clk_fpga_0  {rise@0.000ns fall@20.000ns period=40.000ns})
  Destination:            amoeba_i/dut/inst/u_top/g_dut.dut/top/chip/soc/core/lsu/bus.dcache.dcache/CacheWays[2]/word[2].wordram.CacheDataMem/ram.RAM_reg_1/DIBDI[28]
                            (rising edge-triggered cell RAMB36E1 clocked by clk_fpga_0  {rise@0.000ns fall@20.000ns period=40.000ns})
  Path Group:             clk_fpga_0
  Path Type:              Setup (Max at Slow Process Corner)
  Requirement:            40.000ns  (clk_fpga_0 rise@40.000ns - clk_fpga_0 rise@0.000ns)
  Data Path Delay:        37.782ns  (logic 9.300ns (24.615%)  route 28.482ns (75.385%))
  Logic Levels:           44  (CARRY4=9 LUT2=4 LUT3=2 LUT4=6 LUT5=2 LUT6=20 MUXF7=1)
  Clock Path Skew:        -0.226ns (DCD - SCD + CPR)
    Destination Clock Delay (DCD):    2.688ns = ( 42.688 - 40.000 ) 
    Source Clock Delay      (SCD):    3.029ns
    Clock Pessimism Removal (CPR):    0.115ns
  Clock Uncertainty:      0.601ns  ((TSJ^2 + TIJ^2)^1/2 + DJ) / 2 + PE
    Total System Jitter     (TSJ):    0.071ns
    Total Input Jitter      (TIJ):    1.200ns
    Discrete Jitter          (DJ):    0.000ns
    Phase Error              (PE):    0.000ns

    Location             Delay type                Incr(ns)  Path(ns)    Netlist Resource(s)
  -------------------------------------------------------------------    -------------------
                         (clock clk_fpga_0 rise edge)
                                                      0.000     0.000 r  
    PS7_X0Y0             PS7                          0.000     0.000 r  amoeba_i/ps7/inst/PS7_i/FCLKCLK[0]
                         net (fo=1, routed)           1.193     1.193    amoeba_i/ps7/inst/FCLK_CLK_unbuffered[0]
    BUFGCTRL_X0Y16       BUFG (Prop_bufg_I_O)         0.101     1.294 r  amoeba_i/ps7/inst/buffer_fclk_clk_0.FCLK_CLK_0_BUFG/O
                         net (fo=13420, routed)       1.735     3.029    amoeba_i/dut/inst/u_top/g_dut.dut/top/chip/soc/core/lsu/hptw.hptw/WalkerStateReg/aclk
    SLICE_X72Y48         FDRE                                         r  amoeba_i/dut/inst/u_top/g_dut.dut/top/chip/soc/core/lsu/hptw.hptw/WalkerStateReg/q_reg[3]/C
  -------------------------------------------------------------------    -------------------
    SLICE_X72Y48         FDRE (Prop_fdre_C_Q)         0.456     3.485 r  amoeba_i/dut/inst/u_top/g_dut.dut/top/chip/soc/core/lsu/hptw.hptw/WalkerStateReg/q_reg[3]/Q
                         net (fo=106, routed)         1.399     4.884    amoeba_i/dut/inst/u_top/g_dut.dut/top/chip/soc/core/lsu/hptw.hptw/WalkerStateReg/q_reg[3]_0
    SLICE_X87Y51         LUT3 (Prop_lut3_I0_O)        0.150     5.034 f  amoeba_i/dut/inst/u_top/g_dut.dut/top/chip/soc/core/lsu/hptw.hptw/WalkerStateReg/SquashSCM_i_1/O
                         net (fo=159, routed)         1.349     6.383    amoeba_i/dut/inst/u_top/g_dut.dut/top/chip/soc/core/lsu/hptw.hptw/WalkerStateReg/q_reg[3]_1
    SLICE_X81Y49         LUT6 (Prop_lut6_I4_O)        0.326     6.709 r  amoeba_i/dut/inst/u_top/g_dut.dut/top/chip/soc/core/lsu/hptw.hptw/WalkerStateReg/q[20]_i_1__0/O
                         net (fo=18, routed)          0.797     7.506    amoeba_i/dut/inst/u_top/g_dut.dut/top/chip/soc/core/lsu/dmmu.dmmu/tlb.tlb/tlbcam/camlines[2]/keyflop/D[20]
    SLICE_X86Y51         LUT6 (Prop_lut6_I1_O)        0.124     7.630 r  amoeba_i/dut/inst/u_top/g_dut.dut/top/chip/soc/core/lsu/dmmu.dmmu/tlb.tlb/tlbcam/camlines[2]/keyflop/Match20_carry_i_3__4/O
                         net (fo=1, routed)           0.000     7.630    amoeba_i/dut/inst/u_top/g_dut.dut/top/chip/soc/core/lsu/dmmu.dmmu/tlb.tlb/tlbcam/camlines[2]/keyflop_n_8
    SLICE_X86Y51         CARRY4 (Prop_carry4_S[0]_CO[2])
                                                      0.538     8.168 r  amoeba_i/dut/inst/u_top/g_dut.dut/top/chip/soc/core/lsu/dmmu.dmmu/tlb.tlb/tlbcam/camlines[2]/Match20_carry/CO[2]
                         net (fo=1, routed)           1.062     9.230    amoeba_i/dut/inst/u_top/g_dut.dut/top/chip/soc/core/lsu/dmmu.dmmu/tlb.tlb/tlbcam/camlines[2]/pagetypeflop/ram.RAM_reg_0_i_191_0[0]
    SLICE_X67Y56         LUT6 (Prop_lut6_I3_O)        0.310     9.540 f  amoeba_i/dut/inst/u_top/g_dut.dut/top/chip/soc/core/lsu/dmmu.dmmu/tlb.tlb/tlbcam/camlines[2]/pagetypeflop/q[2]_i_3__2/O
                         net (fo=27, routed)          0.963    10.503    amoeba_i/dut/inst/u_top/g_dut.dut/top/chip/soc/core/lsu/dmmu.dmmu/tlb.tlb/tlbcam/camlines[2]/pagetypeflop/q_reg[1]_0
    SLICE_X67Y56         LUT4 (Prop_lut4_I0_O)        0.152    10.655 f  amoeba_i/dut/inst/u_top/g_dut.dut/top/chip/soc/core/lsu/dmmu.dmmu/tlb.tlb/tlbcam/camlines[2]/pagetypeflop/q[2]_i_2__3/O
                         net (fo=33, routed)          0.695    11.350    amoeba_i/dut/inst/u_top/g_dut.dut/top/chip/soc/core/lsu/dmmu.dmmu/tlb.tlb/tlbcam/camlines[1]/pagetypeflop/ram.RAM_reg_0_i_226
    SLICE_X66Y54         LUT4 (Prop_lut4_I2_O)        0.326    11.676 r  amoeba_i/dut/inst/u_top/g_dut.dut/top/chip/soc/core/lsu/dmmu.dmmu/tlb.tlb/tlbcam/camlines[1]/pagetypeflop/ram.RAM_reg_0_i_238/O
                         net (fo=1, routed)           0.162    11.838    amoeba_i/dut/inst/u_top/g_dut.dut/top/chip/soc/core/lsu/dmmu.dmmu/tlb.tlb/tlbcam/camlines[4]/pagetypeflop/ram.RAM_reg_0_i_141_0
    SLICE_X66Y54         LUT5 (Prop_lut5_I4_O)        0.124    11.962 r  amoeba_i/dut/inst/u_top/g_dut.dut/top/chip/soc/core/lsu/dmmu.dmmu/tlb.tlb/tlbcam/camlines[4]/pagetypeflop/ram.RAM_reg_0_i_226/O
                         net (fo=1, routed)           0.415    12.377    amoeba_i/dut/inst/u_top/g_dut.dut/top/chip/soc/core/lsu/dmmu.dmmu/tlb.tlb/tlbcam/camlines[5]/pagetypeflop/ram.RAM_reg_0_i_56__3_0
    SLICE_X66Y55         LUT6 (Prop_lut6_I5_O)        0.124    12.501 r  amoeba_i/dut/inst/u_top/g_dut.dut/top/chip/soc/core/lsu/dmmu.dmmu/tlb.tlb/tlbcam/camlines[5]/pagetypeflop/ram.RAM_reg_0_i_141/O
                         net (fo=2, routed)           1.054    13.555    amoeba_i/dut/inst/u_top/g_dut.dut/top/chip/soc/core/lsu/dmmu.dmmu/tlb.tlb/tlbcam/camlines[3]/pagetypeflop/ram.RAM_reg_0_31
    SLICE_X82Y56         LUT4 (Prop_lut4_I1_O)        0.124    13.679 f  amoeba_i/dut/inst/u_top/g_dut.dut/top/chip/soc/core/lsu/dmmu.dmmu/tlb.tlb/tlbcam/camlines[3]/pagetypeflop/ram.RAM_reg_0_i_56__3/O
                         net (fo=13, routed)          0.798    14.476    amoeba_i/dut/inst/u_top/g_dut.dut/top/chip/soc/core/lsu/dmmu.dmmu/tlb.tlb/tlbcam/camlines[5]/pagetypeflop/ram.RAM_reg_0
    SLICE_X88Y58         LUT4 (Prop_lut4_I0_O)        0.117    14.593 r  amoeba_i/dut/inst/u_top/g_dut.dut/top/chip/soc/core/lsu/dmmu.dmmu/tlb.tlb/tlbcam/camlines[5]/pagetypeflop/ram.RAM_reg_0_i_19__3/O
                         net (fo=11, routed)          1.052    15.645    amoeba_i/dut/inst/u_top/g_dut.dut/top/chip/soc/core/lsu/dmmu.dmmu/tlb.tlb/tlbcam/camlines[5]/pagetypeflop/STATUS_MPP_reg[0][1]
    SLICE_X65Y64         LUT6 (Prop_lut6_I3_O)        0.332    15.977 r  amoeba_i/dut/inst/u_top/g_dut.dut/top/chip/soc/core/lsu/dmmu.dmmu/tlb.tlb/tlbcam/camlines[5]/pagetypeflop/WriteAdrMatchM1_carry_i_1/O
                         net (fo=1, routed)           0.000    15.977    amoeba_i/dut/inst/u_top/g_dut.dut/top/chip/soc/core/lsu/atomic.atomic/lrsc/WriteAdrMatchM1_carry__0_0[3]
    SLICE_X65Y64         CARRY4 (Prop_carry4_S[3]_CO[3])
                                                      0.401    16.378 r  amoeba_i/dut/inst/u_top/g_dut.dut/top/chip/soc/core/lsu/atomic.atomic/lrsc/WriteAdrMatchM1_carry/CO[3]
                         net (fo=1, routed)           0.000    16.378    amoeba_i/dut/inst/u_top/g_dut.dut/top/chip/soc/core/lsu/atomic.atomic/lrsc/WriteAdrMatchM1_carry_n_0
    SLICE_X65Y65         CARRY4 (Prop_carry4_CI_CO[3])
                                                      0.114    16.492 r  amoeba_i/dut/inst/u_top/g_dut.dut/top/chip/soc/core/lsu/atomic.atomic/lrsc/WriteAdrMatchM1_carry__0/CO[3]
                         net (fo=1, routed)           0.000    16.492    amoeba_i/dut/inst/u_top/g_dut.dut/top/chip/soc/core/lsu/atomic.atomic/lrsc/WriteAdrMatchM1_carry__0_n_0
    SLICE_X65Y66         CARRY4 (Prop_carry4_CI_CO[3])
                                                      0.114    16.606 r  amoeba_i/dut/inst/u_top/g_dut.dut/top/chip/soc/core/lsu/atomic.atomic/lrsc/WriteAdrMatchM1_carry__1/CO[3]
                         net (fo=1, routed)           0.000    16.606    amoeba_i/dut/inst/u_top/g_dut.dut/top/chip/soc/core/lsu/atomic.atomic/lrsc/WriteAdrMatchM1_carry__1_n_0
    SLICE_X65Y67         CARRY4 (Prop_carry4_CI_CO[3])
                                                      0.114    16.720 r  amoeba_i/dut/inst/u_top/g_dut.dut/top/chip/soc/core/lsu/atomic.atomic/lrsc/WriteAdrMatchM1_carry__2/CO[3]
                         net (fo=1, routed)           0.000    16.720    amoeba_i/dut/inst/u_top/g_dut.dut/top/chip/soc/core/lsu/atomic.atomic/lrsc/WriteAdrMatchM1_carry__2_n_0
    SLICE_X65Y68         CARRY4 (Prop_carry4_CI_CO[1])
                                                      0.157    16.877 r  amoeba_i/dut/inst/u_top/g_dut.dut/top/chip/soc/core/lsu/atomic.atomic/lrsc/WriteAdrMatchM1_carry__3/CO[1]
                         net (fo=3, routed)           0.323    17.201    amoeba_i/dut/inst/u_top/g_dut.dut/top/chip/soc/core/lsu/lrsc/WriteAdrMatchM1__158
    SLICE_X63Y68         LUT6 (Prop_lut6_I2_O)        0.329    17.530 f  amoeba_i/dut/inst/u_top/g_dut.dut/top/chip/soc/core/lsu/lrsc/SquashSCM/O
                         net (fo=3, routed)           0.775    18.304    amoeba_i/dut/inst/u_top/g_dut.dut/top/chip/soc/core/lsu/hptw.hptw/WalkerStateReg/SquashSCM
    SLICE_X63Y59         LUT3 (Prop_lut3_I1_O)        0.124    18.428 r  amoeba_i/dut/inst/u_top/g_dut.dut/top/chip/soc/core/lsu/hptw.hptw/WalkerStateReg/ram.RAM_reg_0_i_167__0/O
                         net (fo=4, routed)           0.744    19.173    amoeba_i/dut/inst/u_top/g_dut.dut/top/chip/soc/core/lsu/bus.dcache.dcache/CacheWays[2]/CacheTagMem/bus.dcache.CacheRWM[1]
    SLICE_X57Y60         LUT6 (Prop_lut6_I4_O)        0.124    19.297 f  amoeba_i/dut/inst/u_top/g_dut.dut/top/chip/soc/core/lsu/bus.dcache.dcache/CacheWays[2]/CacheTagMem/ram.RAM_reg_0_i_44/O
                         net (fo=6, routed)           0.463    19.760    amoeba_i/dut/inst/u_top/g_dut.dut/top/chip/soc/core/lsu/bus.dcache.dcache/cachefsm/ram.RAM_reg_1
    SLICE_X57Y60         LUT2 (Prop_lut2_I1_O)        0.124    19.884 r  amoeba_i/dut/inst/u_top/g_dut.dut/top/chip/soc/core/lsu/bus.dcache.dcache/cachefsm/FSM_onehot_CurrState[5]_i_2/O
                         net (fo=5, routed)           0.432    20.315    amoeba_i/dut/inst/u_top/g_dut.dut/top/chip/soc/core/lsu/bus.dcache.dcache/cachefsm/FSM_onehot_CurrState[5]_i_2_n_0
    SLICE_X57Y59         LUT4 (Prop_lut4_I1_O)        0.124    20.439 r  amoeba_i/dut/inst/u_top/g_dut.dut/top/chip/soc/core/lsu/bus.dcache.dcache/cachefsm/i__i_15__2/O
                         net (fo=46, routed)          0.418    20.857    amoeba_i/dut/inst/u_top/g_dut.dut/top/chip/soc/core/lsu/bus.dcache.dcache/cachefsm/SelWriteback
    SLICE_X57Y58         LUT2 (Prop_lut2_I0_O)        0.124    20.981 r  amoeba_i/dut/inst/u_top/g_dut.dut/top/chip/soc/core/lsu/bus.dcache.dcache/cachefsm/i__i_5__2/O
                         net (fo=24, routed)          0.779    21.760    amoeba_i/dut/inst/u_top/g_dut.dut/top/chip/soc/core/lsu/bus.dcache.dcache/CacheWays[3]/CacheTagMem/SelVictim
    SLICE_X50Y55         LUT6 (Prop_lut6_I4_O)        0.124    21.884 r  amoeba_i/dut/inst/u_top/g_dut.dut/top/chip/soc/core/lsu/bus.dcache.dcache/CacheWays[3]/CacheTagMem/q[39]_i_50/O
                         net (fo=128, routed)         1.699    23.584    amoeba_i/dut/inst/u_top/g_dut.dut/top/chip/soc/core/lsu/bus.dcache.dcache/CacheWays[3]/CacheTagMem/q[39]_i_50_n_0
    SLICE_X33Y40         LUT2 (Prop_lut2_I0_O)        0.150    23.734 r  amoeba_i/dut/inst/u_top/g_dut.dut/top/chip/soc/core/lsu/bus.dcache.dcache/CacheWays[3]/CacheTagMem/q[39]_i_38/O
                         net (fo=1, routed)           0.835    24.569    amoeba_i/dut/inst/u_top/g_dut.dut/top/chip/soc/core/lsu/bus.dcache.dcache/EarlyReturnMux/ReadDataLineWay[3]_99[423]
    SLICE_X34Y40         LUT6 (Prop_lut6_I1_O)        0.332    24.901 r  amoeba_i/dut/inst/u_top/g_dut.dut/top/chip/soc/core/lsu/bus.dcache.dcache/EarlyReturnMux/q[39]_i_13/O
                         net (fo=1, routed)           1.101    26.002    amoeba_i/dut/inst/u_top/g_dut.dut/top/chip/soc/core/lsu/bus.dcache.dcache/subcachelineread/ReadDataLine[423]
    SLICE_X51Y42         LUT6 (Prop_lut6_I1_O)        0.124    26.126 r  amoeba_i/dut/inst/u_top/g_dut.dut/top/chip/soc/core/lsu/bus.dcache.dcache/subcachelineread/q[39]_i_6/O
                         net (fo=1, routed)           0.000    26.126    amoeba_i/dut/inst/u_top/g_dut.dut/top/chip/soc/core/lsu/bus.dcache.dcache/subcachelineread/q[39]_i_6_n_0
    SLICE_X51Y42         MUXF7 (Prop_muxf7_I1_O)      0.217    26.343 r  amoeba_i/dut/inst/u_top/g_dut.dut/top/chip/soc/core/lsu/bus.dcache.dcache/subcachelineread/q_reg[39]_i_2/O
                         net (fo=5, routed)           0.856    27.200    amoeba_i/dut/inst/u_top/g_dut.dut/top/chip/soc/core/lsu/bus.dcache.dcache/CacheWays[3]/CacheTagMem/DCacheReadDataWordM[39]
    SLICE_X56Y41         LUT6 (Prop_lut6_I0_O)        0.299    27.499 r  amoeba_i/dut/inst/u_top/g_dut.dut/top/chip/soc/core/lsu/bus.dcache.dcache/CacheWays[3]/CacheTagMem/y0_carry__0_i_12/O
                         net (fo=3, routed)           0.514    28.012    amoeba_i/dut/inst/u_top/g_dut.dut/top/chip/soc/core/lsu/bus.dcache.dcache/CacheWays[3]/CacheTagMem/data6[7]
    SLICE_X57Y41         LUT6 (Prop_lut6_I5_O)        0.124    28.136 r  amoeba_i/dut/inst/u_top/g_dut.dut/top/chip/soc/core/lsu/bus.dcache.dcache/CacheWays[3]/CacheTagMem/y0_carry__0_i_11/O
                         net (fo=11, routed)          0.742    28.879    amoeba_i/dut/inst/u_top/g_dut.dut/top/chip/soc/core/lsu/hptw.hptw/WalkerStateReg/q_reg[31]_0
    SLICE_X58Y42         LUT6 (Prop_lut6_I2_O)        0.124    29.003 r  amoeba_i/dut/inst/u_top/g_dut.dut/top/chip/soc/core/lsu/hptw.hptw/WalkerStateReg/y0_carry__7_i_11/O
                         net (fo=129, routed)         1.097    30.099    amoeba_i/dut/inst/u_top/g_dut.dut/top/chip/soc/core/lsu/hptw.hptw/WalkerStateReg/y0_carry__7_i_11_n_0
    SLICE_X62Y39         LUT5 (Prop_lut5_I4_O)        0.150    30.249 r  amoeba_i/dut/inst/u_top/g_dut.dut/top/chip/soc/core/lsu/hptw.hptw/WalkerStateReg/y0_carry__7_i_3/O
                         net (fo=8, routed)           0.823    31.072    amoeba_i/dut/inst/u_top/g_dut.dut/top/chip/soc/core/lsu/hptw.hptw/WalkerStateReg/q_reg[33]
    SLICE_X60Y41         LUT6 (Prop_lut6_I2_O)        0.328    31.400 r  amoeba_i/dut/inst/u_top/g_dut.dut/top/chip/soc/core/lsu/hptw.hptw/WalkerStateReg/eq_carry_i_4/O
                         net (fo=1, routed)           0.000    31.400    amoeba_i/dut/inst/u_top/g_dut.dut/top/chip/soc/core/lsu/atomic.atomic/amoalu/cmpupper/S[0]
    SLICE_X60Y41         CARRY4 (Prop_carry4_S[0]_CO[3])
                                                      0.532    31.932 r  amoeba_i/dut/inst/u_top/g_dut.dut/top/chip/soc/core/lsu/atomic.atomic/amoalu/cmpupper/eq_carry/CO[3]
                         net (fo=1, routed)           0.000    31.932    amoeba_i/dut/inst/u_top/g_dut.dut/top/chip/soc/core/lsu/atomic.atomic/amoalu/cmpupper/eq_carry_n_0
    SLICE_X60Y42         CARRY4 (Prop_carry4_CI_CO[3])
                                                      0.114    32.046 r  amoeba_i/dut/inst/u_top/g_dut.dut/top/chip/soc/core/lsu/atomic.atomic/amoalu/cmpupper/eq_carry__0/CO[3]
                         net (fo=1, routed)           0.000    32.046    amoeba_i/dut/inst/u_top/g_dut.dut/top/chip/soc/core/lsu/atomic.atomic/amoalu/cmpupper/eq_carry__0_n_0
    SLICE_X60Y43         CARRY4 (Prop_carry4_CI_CO[2])
                                                      0.228    32.274 r  amoeba_i/dut/inst/u_top/g_dut.dut/top/chip/soc/core/lsu/atomic.atomic/amoalu/cmpupper/eq_carry__1/CO[2]
                         net (fo=2, routed)           0.749    33.023    amoeba_i/dut/inst/u_top/g_dut.dut/top/chip/soc/core/lsu/hptw.hptw/WalkerStateReg/ram.RAM_reg_0_i_197__0_0[0]
    SLICE_X58Y43         LUT6 (Prop_lut6_I2_O)        0.313    33.336 r  amoeba_i/dut/inst/u_top/g_dut.dut/top/chip/soc/core/lsu/hptw.hptw/WalkerStateReg/ram.RAM_reg_0_i_175__0/O
                         net (fo=112, routed)         0.744    34.080    amoeba_i/dut/inst/u_top/g_dut.dut/top/chip/soc/core/lsu/hptw.hptw/WalkerStateReg/ram.RAM_reg_0_i_175__0_n_0
    SLICE_X55Y43         LUT2 (Prop_lut2_I0_O)        0.118    34.198 r  amoeba_i/dut/inst/u_top/g_dut.dut/top/chip/soc/core/lsu/hptw.hptw/WalkerStateReg/ram.RAM_reg_0_i_244/O
                         net (fo=1, routed)           0.580    34.778    amoeba_i/dut/inst/u_top/g_dut.dut/top/chip/soc/core/lsu/hptw.hptw/WalkerStateReg/ram.RAM_reg_0_i_244_n_0
    SLICE_X53Y44         LUT6 (Prop_lut6_I5_O)        0.326    35.104 r  amoeba_i/dut/inst/u_top/g_dut.dut/top/chip/soc/core/lsu/hptw.hptw/WalkerStateReg/ram.RAM_reg_0_i_185__0/O
                         net (fo=1, routed)           0.263    35.367    amoeba_i/dut/inst/u_top/g_dut.dut/top/chip/soc/core/lsu/hptw.hptw/WalkerStateReg/ram.RAM_reg_0_i_185__0_n_0
    SLICE_X53Y44         LUT6 (Prop_lut6_I2_O)        0.124    35.491 r  amoeba_i/dut/inst/u_top/g_dut.dut/top/chip/soc/core/lsu/hptw.hptw/WalkerStateReg/ram.RAM_reg_0_i_117__0/O
                         net (fo=12, routed)          0.933    36.424    amoeba_i/dut/inst/u_top/g_dut.dut/top/chip/soc/core/lsu/hptw.hptw/WalkerStateReg/q_reg[11]_2[4]
    SLICE_X64Y44         LUT6 (Prop_lut6_I0_O)        0.124    36.548 r  amoeba_i/dut/inst/u_top/g_dut.dut/top/chip/soc/core/lsu/hptw.hptw/WalkerStateReg/q[60]_i_3/O
                         net (fo=8, routed)           0.632    37.180    amoeba_i/dut/inst/u_top/g_dut.dut/top/chip/soc/core/lsu/subwordwrite/ram.RAM_reg_1_7
    SLICE_X64Y46         LUT6 (Prop_lut6_I0_O)        0.124    37.304 r  amoeba_i/dut/inst/u_top/g_dut.dut/top/chip/soc/core/lsu/subwordwrite/ram.RAM_reg_0_i_126/O
                         net (fo=8, routed)           1.193    38.497    amoeba_i/dut/inst/u_top/g_dut.dut/top/chip/soc/core/lsu/bus.dcache.ahbcacheinterface/AHBBuscachefsm/BeatCountReg/LSUWriteDataM[52]
    SLICE_X44Y56         LUT6 (Prop_lut6_I5_O)        0.124    38.621 r  amoeba_i/dut/inst/u_top/g_dut.dut/top/chip/soc/core/lsu/bus.dcache.ahbcacheinterface/AHBBuscachefsm/BeatCountReg/ram.RAM_reg_1_i_80__1/O
                         net (fo=4, routed)           1.075    39.696    amoeba_i/dut/inst/u_top/g_dut.dut/top/chip/soc/core/lsu/bus.dcache.dcache/cachefsm/LineWriteData[20]
    SLICE_X33Y60         LUT4 (Prop_lut4_I3_O)        0.149    39.845 r  amoeba_i/dut/inst/u_top/g_dut.dut/top/chip/soc/core/lsu/bus.dcache.dcache/cachefsm/word[2].wordram.CacheDataMem/ram.RAM_reg_1_i_4/O
                         net (fo=1, routed)           0.966    40.811    amoeba_i/dut/inst/u_top/g_dut.dut/top/chip/soc/core/lsu/bus.dcache.dcache/CacheWays[2]/word[2].wordram.CacheDataMem/p_1_in0_in[124]
    RAMB36_X2Y14         RAMB36E1                                     r  amoeba_i/dut/inst/u_top/g_dut.dut/top/chip/soc/core/lsu/bus.dcache.dcache/CacheWays[2]/word[2].wordram.CacheDataMem/ram.RAM_reg_1/DIBDI[28]
  -------------------------------------------------------------------    -------------------

                         (clock clk_fpga_0 rise edge)
                                                     40.000    40.000 r  
    PS7_X0Y0             PS7                          0.000    40.000 r  amoeba_i/ps7/inst/PS7_i/FCLKCLK[0]
                         net (fo=1, routed)           1.088    41.088    amoeba_i/ps7/inst/FCLK_CLK_unbuffered[0]
    BUFGCTRL_X0Y16       BUFG (Prop_bufg_I_O)         0.091    41.179 r  amoeba_i/ps7/inst/buffer_fclk_clk_0.FCLK_CLK_0_BUFG/O
                         net (fo=13420, routed)       1.509    42.688    amoeba_i/dut/inst/u_top/g_dut.dut/top/chip/soc/core/lsu/bus.dcache.dcache/CacheWays[2]/word[2].wordram.CacheDataMem/aclk
    RAMB36_X2Y14         RAMB36E1                                     r  amoeba_i/dut/inst/u_top/g_dut.dut/top/chip/soc/core/lsu/bus.dcache.dcache/CacheWays[2]/word[2].wordram.CacheDataMem/ram.RAM_reg_1/CLKBWRCLK
                         clock pessimism              0.115    42.803    
                         clock uncertainty           -0.601    42.202    
    RAMB36_X2Y14         RAMB36E1 (Setup_ramb36e1_CLKBWRCLK_DIBDI[28])
                                                     -0.449    41.753    amoeba_i/dut/inst/u_top/g_dut.dut/top/chip/soc/core/lsu/bus.dcache.dcache/CacheWays[2]/word[2].wordram.CacheDataMem/ram.RAM_reg_1
  -------------------------------------------------------------------
                         required time                         41.753    
                         arrival time                         -40.811    
  -------------------------------------------------------------------
                         slack                                  0.942    





Min Delay Paths
--------------------------------------------------------------------------------------
Slack (MET) :             0.025ns  (arrival time - required time)
  Source:                 amoeba_i/dut/inst/u_top/g_dut.dut/top/chip/soc/core/ifu/bus.icache.ahbcacheinterface/fetchbuffer[4].fb/q_reg[40]/C
                            (rising edge-triggered cell FDRE clocked by clk_fpga_0  {rise@0.000ns fall@20.000ns period=40.000ns})
  Destination:            amoeba_i/dut/inst/u_top/g_dut.dut/top/chip/soc/core/ifu/bus.icache.icache/CacheWays[1]/word[2].wordram.CacheDataMem/ram.RAM_reg_0/DIBDI[4]
                            (rising edge-triggered cell RAMB36E1 clocked by clk_fpga_0  {rise@0.000ns fall@20.000ns period=40.000ns})
  Path Group:             clk_fpga_0
  Path Type:              Hold (Min at Fast Process Corner)
  Requirement:            0.000ns  (clk_fpga_0 rise@0.000ns - clk_fpga_0 rise@0.000ns)
  Data Path Delay:        0.381ns  (logic 0.164ns (43.047%)  route 0.217ns (56.953%))
  Logic Levels:           0  
  Clock Path Skew:        0.059ns (DCD - SCD - CPR)
    Destination Clock Delay (DCD):    1.272ns
    Source Clock Delay      (SCD):    0.931ns
    Clock Pessimism Removal (CPR):    0.282ns

    Location             Delay type                Incr(ns)  Path(ns)    Netlist Resource(s)
  -------------------------------------------------------------------    -------------------
                         (clock clk_fpga_0 rise edge)
                                                      0.000     0.000 r  
    PS7_X0Y0             PS7                          0.000     0.000 r  amoeba_i/ps7/inst/PS7_i/FCLKCLK[0]
                         net (fo=1, routed)           0.310     0.310    amoeba_i/ps7/inst/FCLK_CLK_unbuffered[0]
    BUFGCTRL_X0Y16       BUFG (Prop_bufg_I_O)         0.026     0.336 r  amoeba_i/ps7/inst/buffer_fclk_clk_0.FCLK_CLK_0_BUFG/O
                         net (fo=13420, routed)       0.595     0.931    amoeba_i/dut/inst/u_top/g_dut.dut/top/chip/soc/core/ifu/bus.icache.ahbcacheinterface/fetchbuffer[4].fb/aclk
    SLICE_X22Y5          FDRE                                         r  amoeba_i/dut/inst/u_top/g_dut.dut/top/chip/soc/core/ifu/bus.icache.ahbcacheinterface/fetchbuffer[4].fb/q_reg[40]/C
  -------------------------------------------------------------------    -------------------
    SLICE_X22Y5          FDRE (Prop_fdre_C_Q)         0.164     1.095 r  amoeba_i/dut/inst/u_top/g_dut.dut/top/chip/soc/core/ifu/bus.icache.ahbcacheinterface/fetchbuffer[4].fb/q_reg[40]/Q
                         net (fo=5, routed)           0.217     1.311    amoeba_i/dut/inst/u_top/g_dut.dut/top/chip/soc/core/ifu/bus.icache.icache/CacheWays[1]/word[2].wordram.CacheDataMem/FetchBuffer[40]
    RAMB36_X1Y0          RAMB36E1                                     r  amoeba_i/dut/inst/u_top/g_dut.dut/top/chip/soc/core/ifu/bus.icache.icache/CacheWays[1]/word[2].wordram.CacheDataMem/ram.RAM_reg_0/DIBDI[4]
  -------------------------------------------------------------------    -------------------

                         (clock clk_fpga_0 rise edge)
                                                      0.000     0.000 r  
    PS7_X0Y0             PS7                          0.000     0.000 r  amoeba_i/ps7/inst/PS7_i/FCLKCLK[0]
                         net (fo=1, routed)           0.337     0.337    amoeba_i/ps7/inst/FCLK_CLK_unbuffered[0]
    BUFGCTRL_X0Y16       BUFG (Prop_bufg_I_O)         0.029     0.366 r  amoeba_i/ps7/inst/buffer_fclk_clk_0.FCLK_CLK_0_BUFG/O
                         net (fo=13420, routed)       0.906     1.272    amoeba_i/dut/inst/u_top/g_dut.dut/top/chip/soc/core/ifu/bus.icache.icache/CacheWays[1]/word[2].wordram.CacheDataMem/aclk
    RAMB36_X1Y0          RAMB36E1                                     r  amoeba_i/dut/inst/u_top/g_dut.dut/top/chip/soc/core/ifu/bus.icache.icache/CacheWays[1]/word[2].wordram.CacheDataMem/ram.RAM_reg_0/CLKBWRCLK
                         clock pessimism             -0.282     0.990    
    RAMB36_X1Y0          RAMB36E1 (Hold_ramb36e1_CLKBWRCLK_DIBDI[4])
                                                      0.296     1.286    amoeba_i/dut/inst/u_top/g_dut.dut/top/chip/soc/core/ifu/bus.icache.icache/CacheWays[1]/word[2].wordram.CacheDataMem/ram.RAM_reg_0
  -------------------------------------------------------------------
                         required time                         -1.286    
                         arrival time                           1.311    
  -------------------------------------------------------------------
                         slack                                  0.025    





Pulse Width Checks
--------------------------------------------------------------------------------------
Clock Name:         clk_fpga_0
Waveform(ns):       { 0.000 20.000 }
Period(ns):         40.000
Sources:            { amoeba_i/ps7/inst/PS7_i/FCLKCLK[0] }

Check Type        Corner  Lib Pin             Reference Pin  Required(ns)  Actual(ns)  Slack(ns)  Location      Pin
Min Period        n/a     RAMB18E1/CLKARDCLK  n/a            2.944         40.000      37.056     RAMB18_X5Y9   amoeba_i/dut/inst/u_top/g_dut.dut/top/chip/soc/core/ifu/bpred.bpred/TargetPredictor/memory/ram.RAM_reg_0/CLKARDCLK
Low Pulse Width   Slow    RAMD32/CLK          n/a            1.250         20.000      18.750     SLICE_X26Y46  amoeba_i/dut/inst/u_top/g_dut.dut/slave/rbuf_reg_0_7_0_5/RAMA/CLK
High Pulse Width  Slow    RAMD32/CLK          n/a            1.250         20.000      18.750     SLICE_X26Y46  amoeba_i/dut/inst/u_top/g_dut.dut/slave/rbuf_reg_0_7_0_5/RAMA/CLK



---------------------------------------------------------------------------------------------------
Path Group:  **async_default**
From Clock:  clk_fpga_0
  To Clock:  clk_fpga_0

Setup :            0  Failing Endpoints,  Worst Slack       32.721ns,  Total Violation        0.000ns
Hold  :            0  Failing Endpoints,  Worst Slack        0.495ns,  Total Violation        0.000ns
---------------------------------------------------------------------------------------------------


Max Delay Paths
--------------------------------------------------------------------------------------
Slack (MET) :             32.721ns  (required time - arrival time)
  Source:                 amoeba_i/rst_ps7/U0/ACTIVE_LOW_PR_OUT_DFF[0].FDRE_PER_N/C
                            (rising edge-triggered cell FDRE clocked by clk_fpga_0  {rise@0.000ns fall@20.000ns period=40.000ns})
  Destination:            amoeba_i/dut/inst/u_top/g_dut.dut/top/chip/rstsync/q_reg[0]/CLR
                            (recovery check against rising-edge clock clk_fpga_0  {rise@0.000ns fall@20.000ns period=40.000ns})
  Path Group:             **async_default**
  Path Type:              Recovery (Max at Slow Process Corner)
  Requirement:            40.000ns  (clk_fpga_0 rise@40.000ns - clk_fpga_0 rise@0.000ns)
  Data Path Delay:        6.241ns  (logic 0.996ns (15.960%)  route 5.245ns (84.040%))
  Logic Levels:           2  (LUT2=1 LUT6=1)
  Clock Path Skew:        -0.118ns (DCD - SCD + CPR)
    Destination Clock Delay (DCD):    2.644ns = ( 42.644 - 40.000 ) 
    Source Clock Delay      (SCD):    2.991ns
    Clock Pessimism Removal (CPR):    0.229ns
  Clock Uncertainty:      0.601ns  ((TSJ^2 + TIJ^2)^1/2 + DJ) / 2 + PE
    Total System Jitter     (TSJ):    0.071ns
    Total Input Jitter      (TIJ):    1.200ns
    Discrete Jitter          (DJ):    0.000ns
    Phase Error              (PE):    0.000ns

    Location             Delay type                Incr(ns)  Path(ns)    Netlist Resource(s)
  -------------------------------------------------------------------    -------------------
                         (clock clk_fpga_0 rise edge)
                                                      0.000     0.000 r  
    PS7_X0Y0             PS7                          0.000     0.000 r  amoeba_i/ps7/inst/PS7_i/FCLKCLK[0]
                         net (fo=1, routed)           1.193     1.193    amoeba_i/ps7/inst/FCLK_CLK_unbuffered[0]
    BUFGCTRL_X0Y16       BUFG (Prop_bufg_I_O)         0.101     1.294 r  amoeba_i/ps7/inst/buffer_fclk_clk_0.FCLK_CLK_0_BUFG/O
                         net (fo=13420, routed)       1.697     2.991    amoeba_i/rst_ps7/U0/slowest_sync_clk
    SLICE_X54Y71         FDRE                                         r  amoeba_i/rst_ps7/U0/ACTIVE_LOW_PR_OUT_DFF[0].FDRE_PER_N/C
  -------------------------------------------------------------------    -------------------
    SLICE_X54Y71         FDRE (Prop_fdre_C_Q)         0.518     3.509 r  amoeba_i/rst_ps7/U0/ACTIVE_LOW_PR_OUT_DFF[0].FDRE_PER_N/Q
                         net (fo=24, routed)          3.056     6.565    amoeba_i/dut/inst/u_top/ctl/aresetn
    SLICE_X43Y58         LUT2 (Prop_lut2_I1_O)        0.152     6.717 f  amoeba_i/dut/inst/u_top/ctl/lead_cnt[3]_i_1/O
                         net (fo=7, routed)           0.845     7.562    amoeba_i/dut/inst/u_top/ctl/core_reset_reg_0[0]
    SLICE_X45Y58         LUT6 (Prop_lut6_I5_O)        0.326     7.888 f  amoeba_i/dut/inst/u_top/ctl/m_ahb_hsel_INST_0_i_1/O
                         net (fo=501, routed)         1.343     9.232    amoeba_i/dut/inst/u_top/g_dut.dut/top/chip/rstsync/core_reset_ext
    SLICE_X50Y57         FDCE                                         f  amoeba_i/dut/inst/u_top/g_dut.dut/top/chip/rstsync/q_reg[0]/CLR
  -------------------------------------------------------------------    -------------------

                         (clock clk_fpga_0 rise edge)
                                                     40.000    40.000 r  
    PS7_X0Y0             PS7                          0.000    40.000 r  amoeba_i/ps7/inst/PS7_i/FCLKCLK[0]
                         net (fo=1, routed)           1.088    41.088    amoeba_i/ps7/inst/FCLK_CLK_unbuffered[0]
    BUFGCTRL_X0Y16       BUFG (Prop_bufg_I_O)         0.091    41.179 r  amoeba_i/ps7/inst/buffer_fclk_clk_0.FCLK_CLK_0_BUFG/O
                         net (fo=13420, routed)       1.465    42.644    amoeba_i/dut/inst/u_top/g_dut.dut/top/chip/rstsync/aclk
    SLICE_X50Y57         FDCE                                         r  amoeba_i/dut/inst/u_top/g_dut.dut/top/chip/rstsync/q_reg[0]/C
                         clock pessimism              0.229    42.873    
                         clock uncertainty           -0.601    42.272    
    SLICE_X50Y57         FDCE (Recov_fdce_C_CLR)     -0.319    41.953    amoeba_i/dut/inst/u_top/g_dut.dut/top/chip/rstsync/q_reg[0]
  -------------------------------------------------------------------
                         required time                         41.953    
                         arrival time                          -9.232    
  -------------------------------------------------------------------
                         slack                                 32.721    





Min Delay Paths
--------------------------------------------------------------------------------------
Slack (MET) :             0.495ns  (arrival time - required time)
  Source:                 amoeba_i/pc_hp0/inst/gen_axi4_axi3.axi3_conv_inst/USE_WRITE.write_addr_inst/USE_BURSTS.cmd_queue/inst/fifo_gen_inst/inst_fifo_gen/gconvfifo.rf/grf.rf/rstblk/ngwrdrst.grst.g7serrst.gnsckt_wrst.gcc_rst.sckt_wr_rst_cc_reg[1]/C
                            (rising edge-triggered cell FDRE clocked by clk_fpga_0  {rise@0.000ns fall@20.000ns period=40.000ns})
  Destination:            amoeba_i/pc_hp0/inst/gen_axi4_axi3.axi3_conv_inst/USE_WRITE.write_addr_inst/USE_BURSTS.cmd_queue/inst/fifo_gen_inst/inst_fifo_gen/gconvfifo.rf/grf.rf/gntv_or_sync_fifo.gl0.rd/gr1.gr1_int.rfwft/gpregsm1.curr_fwft_state_reg[0]/CLR
                            (removal check against rising-edge clock clk_fpga_0  {rise@0.000ns fall@20.000ns period=40.000ns})
  Path Group:             **async_default**
  Path Type:              Removal (Min at Fast Process Corner)
  Requirement:            0.000ns  (clk_fpga_0 rise@0.000ns - clk_fpga_0 rise@0.000ns)
  Data Path Delay:        0.441ns  (logic 0.186ns (42.194%)  route 0.255ns (57.806%))
  Logic Levels:           1  (LUT3=1)
  Clock Path Skew:        0.013ns (DCD - SCD - CPR)
    Destination Clock Delay (DCD):    1.231ns
    Source Clock Delay      (SCD):    0.932ns
    Clock Pessimism Removal (CPR):    0.286ns

    Location             Delay type                Incr(ns)  Path(ns)    Netlist Resource(s)
  -------------------------------------------------------------------    -------------------
                         (clock clk_fpga_0 rise edge)
                                                      0.000     0.000 r  
    PS7_X0Y0             PS7                          0.000     0.000 r  amoeba_i/ps7/inst/PS7_i/FCLKCLK[0]
                         net (fo=1, routed)           0.310     0.310    amoeba_i/ps7/inst/FCLK_CLK_unbuffered[0]
    BUFGCTRL_X0Y16       BUFG (Prop_bufg_I_O)         0.026     0.336 r  amoeba_i/ps7/inst/buffer_fclk_clk_0.FCLK_CLK_0_BUFG/O
                         net (fo=13420, routed)       0.596     0.932    amoeba_i/pc_hp0/inst/gen_axi4_axi3.axi3_conv_inst/USE_WRITE.write_addr_inst/USE_BURSTS.cmd_queue/inst/fifo_gen_inst/inst_fifo_gen/gconvfifo.rf/grf.rf/rstblk/clk
    SLICE_X9Y46          FDRE                                         r  amoeba_i/pc_hp0/inst/gen_axi4_axi3.axi3_conv_inst/USE_WRITE.write_addr_inst/USE_BURSTS.cmd_queue/inst/fifo_gen_inst/inst_fifo_gen/gconvfifo.rf/grf.rf/rstblk/ngwrdrst.grst.g7serrst.gnsckt_wrst.gcc_rst.sckt_wr_rst_cc_reg[1]/C
  -------------------------------------------------------------------    -------------------
    SLICE_X9Y46          FDRE (Prop_fdre_C_Q)         0.141     1.072 f  amoeba_i/pc_hp0/inst/gen_axi4_axi3.axi3_conv_inst/USE_WRITE.write_addr_inst/USE_BURSTS.cmd_queue/inst/fifo_gen_inst/inst_fifo_gen/gconvfifo.rf/grf.rf/rstblk/ngwrdrst.grst.g7serrst.gnsckt_wrst.gcc_rst.sckt_wr_rst_cc_reg[1]/Q
                         net (fo=2, routed)           0.063     1.136    amoeba_i/pc_hp0/inst/gen_axi4_axi3.axi3_conv_inst/USE_WRITE.write_addr_inst/USE_BURSTS.cmd_queue/inst/fifo_gen_inst/inst_fifo_gen/gconvfifo.rf/grf.rf/rstblk/ngwrdrst.grst.g7serrst.gnsckt_wrst.gcc_rst.sckt_wr_rst_cc[1]
    SLICE_X8Y46          LUT3 (Prop_lut3_I0_O)        0.045     1.181 f  amoeba_i/pc_hp0/inst/gen_axi4_axi3.axi3_conv_inst/USE_WRITE.write_addr_inst/USE_BURSTS.cmd_queue/inst/fifo_gen_inst/inst_fifo_gen/gconvfifo.rf/grf.rf/rstblk/gpregsm1.curr_fwft_state[1]_i_2/O
                         net (fo=32, routed)          0.192     1.372    amoeba_i/pc_hp0/inst/gen_axi4_axi3.axi3_conv_inst/USE_WRITE.write_addr_inst/USE_BURSTS.cmd_queue/inst/fifo_gen_inst/inst_fifo_gen/gconvfifo.rf/grf.rf/gntv_or_sync_fifo.gl0.rd/gr1.gr1_int.rfwft/gpregsm1.user_valid_reg_0
    SLICE_X8Y46          FDCE                                         f  amoeba_i/pc_hp0/inst/gen_axi4_axi3.axi3_conv_inst/USE_WRITE.write_addr_inst/USE_BURSTS.cmd_queue/inst/fifo_gen_inst/inst_fifo_gen/gconvfifo.rf/grf.rf/gntv_or_sync_fifo.gl0.rd/gr1.gr1_int.rfwft/gpregsm1.curr_fwft_state_reg[0]/CLR
  -------------------------------------------------------------------    -------------------

                         (clock clk_fpga_0 rise edge)
                                                      0.000     0.000 r  
    PS7_X0Y0             PS7                          0.000     0.000 r  amoeba_i/ps7/inst/PS7_i/FCLKCLK[0]
                         net (fo=1, routed)           0.337     0.337    amoeba_i/ps7/inst/FCLK_CLK_unbuffered[0]
    BUFGCTRL_X0Y16       BUFG (Prop_bufg_I_O)         0.029     0.366 r  amoeba_i/ps7/inst/buffer_fclk_clk_0.FCLK_CLK_0_BUFG/O
                         net (fo=13420, routed)       0.865     1.231    amoeba_i/pc_hp0/inst/gen_axi4_axi3.axi3_conv_inst/USE_WRITE.write_addr_inst/USE_BURSTS.cmd_queue/inst/fifo_gen_inst/inst_fifo_gen/gconvfifo.rf/grf.rf/gntv_or_sync_fifo.gl0.rd/gr1.gr1_int.rfwft/clk
    SLICE_X8Y46          FDCE                                         r  amoeba_i/pc_hp0/inst/gen_axi4_axi3.axi3_conv_inst/USE_WRITE.write_addr_inst/USE_BURSTS.cmd_queue/inst/fifo_gen_inst/inst_fifo_gen/gconvfifo.rf/grf.rf/gntv_or_sync_fifo.gl0.rd/gr1.gr1_int.rfwft/gpregsm1.curr_fwft_state_reg[0]/C
                         clock pessimism             -0.286     0.944    
    SLICE_X8Y46          FDCE (Remov_fdce_C_CLR)     -0.067     0.877    amoeba_i/pc_hp0/inst/gen_axi4_axi3.axi3_conv_inst/USE_WRITE.write_addr_inst/USE_BURSTS.cmd_queue/inst/fifo_gen_inst/inst_fifo_gen/gconvfifo.rf/grf.rf/gntv_or_sync_fifo.gl0.rd/gr1.gr1_int.rfwft/gpregsm1.curr_fwft_state_reg[0]
  -------------------------------------------------------------------
                         required time                         -0.877    
                         arrival time                           1.372    
  -------------------------------------------------------------------
                         slack                                  0.495    





